Finding Mods...
Constructing Mods...
Adding Content: tModLoader v2026.7.3.0
Resizing...
Configuring Content: tModLoader v2026.7.3.0
Finalizing Content: tModLoader v2026.7.3.0
Adding Recipes...
Terraria Server v1.4.4.9

Creating world - Seed: 1821851134, Width: 4200, Height: 1200, Evil: -1, IsExpert: False
0.0% -  - 0.0%
0.0% - Generating world terrain - 0.0%
0.0% - Generating world terrain - 0.1%
# … 998 more progress lines like these, dropped from the fixture …
0.4% - Generating world terrain - 0.0%
0.4% - Adding sand - 0.0%
0.5% - Adding sand - 50.0%
0.6% - Adding sand - 0.0%
0.6% - Generating ocean sand - 0.0%
0.6% - Generating ocean sand - 66.7%
# … 1 more progress lines like these, dropped from the fixture …
1.0% - Generating ocean sand - 0.0%
1.0% - Generating hills - 0.0%
1.0% - Generating hills - 25.0%
# … 2 more progress lines like these, dropped from the fixture …
1.1% - Generating hills - 0.0%
1.1% - Putting dirt behind dirt - 0.0%
1.1% - Putting dirt behind dirt - 0.1%
# … 777 more progress lines like these, dropped from the fixture …
1.4% - Putting dirt behind dirt - 0.0%
1.4% - Placing rocks in the dirt - 0.0%
1.8% - Placing rocks in the dirt - 34.0%
# … 1 more progress lines like these, dropped from the fixture …
2.7% - Placing rocks in the dirt - 0.0%
2.7% - Placing dirt in the rocks - 0.0%
2.7% - Placing dirt in the rocks - 0.1%
# … 990 more progress lines like these, dropped from the fixture …
4.0% - Placing dirt in the rocks - 0.0%
4.0% - Adding clay - 0.0%
4.1% - Adding clay - 25.0%
# … 2 more progress lines like these, dropped from the fixture …
4.3% - Adding clay - 0.0%
4.3% - Making random holes - 0.0%
4.3% - Making random holes - 0.1%
# … 1018 more progress lines like these, dropped from the fixture …
6.9% - Making random holes - 0.0%
6.9% - Generating small caves - 0.0%
6.9% - Generating small caves - 0.7%
# … 141 more progress lines like these, dropped from the fixture …
7.1% - Generating small caves - 0.0%
7.1% - Generating large caves - 0.0%
7.1% - Generating large caves - 0.2%
# … 646 more progress lines like these, dropped from the fixture …
9.5% - Generating large caves - 0.0%
9.5% - Generating surface caves - 0.0%
9.5% - Generating surface caves - 20.0%
# … 3 more progress lines like these, dropped from the fixture …
9.6% - Generating surface caves - 0.0%
9.6% - Adding snow - 0.0%
9.6% - Adding snow - 1.7%
# … 165 more progress lines like these, dropped from the fixture …
9.7% - Adding snow - 0.0%
9.7% - Generating jungle - 0.0%
11.0% - Generating jungle - 15.0%
# … 48 more progress lines like these, dropped from the fixture …
18.6% - Generating jungle - 0.0%
18.6% - Adding more grass - 0.0%
18.6% - Adding more grass - 0.1%
# … 987 more progress lines like these, dropped from the fixture …
21.6% - Adding more grass - 0.0%
21.6% - Desertification - 0.0%
30.2% - Desertification - 0.0%
30.2% - Generating floating islands - 0.0%
30.5% - Generating floating islands - 25.0%
# … 2 more progress lines like these, dropped from the fixture …
31.4% - Generating floating islands - 0.0%
31.4% - Adding mushroom patches - 0.0%
31.4% - Adding mushroom patches - 0.1%
# … 822 more progress lines like these, dropped from the fixture …
32.0% - Adding mushroom patches - 0.0%
32.0% - Chiseling marble - 0.0%
32.6% - Chiseling marble - 12.5%
# … 6 more progress lines like these, dropped from the fixture …
36.7% - Chiseling marble - 0.0%
36.7% - Growing granite - 0.0%
37.0% - Growing granite - 12.5%
# … 6 more progress lines like these, dropped from the fixture …
38.6% - Growing granite - 0.0%
38.6% - Placing mud in the dirt - 0.0%
38.6% - Placing mud in the dirt - 0.2%
# … 758 more progress lines like these, dropped from the fixture …
38.9% - Placing mud in the dirt - 0.0%
38.9% - Adding silt - 0.0%
39.1% - Adding silt - 0.0%
39.1% - Adding shinies - 0.0%
39.3% - Adding shinies - 0.0%
39.3% - Adding webs - 0.0%
39.4% - Adding webs - 0.0%
39.4% - Creating underworld - 0.0%
43.3% - Creating underworld - 50.0%
# … 275 more progress lines like these, dropped from the fixture …
47.3% - Creating underworld - 0.0%
47.3% - Making the world bloody - 0.0%
47.8% - Making the world bloody - 52.9%
48.2% - Making the world bloody - 0.0%
48.2% - Adding water bodies - 0.0%
48.2% - Adding water bodies - 20.0%
# … 5 more progress lines like these, dropped from the fixture …
48.7% - Adding water bodies - 0.0%
48.7% - Generating mountain caves - 0.0%
48.7% - Creating beaches - 0.0%
48.7% - Adding gems - 0.0%
48.9% - Adding gems - 16.7%
# … 4 more progress lines like these, dropped from the fixture …
49.5% - Adding gems - 0.0%
49.5% - Gravitating sand - 0.0%
49.5% - Gravitating sand - 0.1%
# … 437 more progress lines like these, dropped from the fixture …
50.3% - Gravitating sand - 0.0%
50.3% - Cleaning up dirt backgrounds - 0.0%
50.3% - Cleaning up dirt backgrounds - 0.1%
# … 801 more progress lines like these, dropped from the fixture …
51.1% - Cleaning up dirt backgrounds - 0.0%
51.1% - Placing altars - 0.0%
51.1% - Placing altars - 37.5%
# … 11 more progress lines like these, dropped from the fixture …
51.1% - Placing altars - 0.0%
51.1% - Creating jungle ruins - 0.0%
51.7% - Creating jungle ruins - 0.0%
51.7% - Creating hornet nests - 0.0%
52.0% - Creating hornet nests - 0.0%
52.0% - Settling liquids - 0.0%
54.7% - Settling liquids - 33.0%
# … 77 more progress lines like these, dropped from the fixture …
60.3% - Settling liquids - 0.0%
60.3% - Smoothing the world - 0.0%
60.3% - Smoothing the world - 0.5%
# … 1020 more progress lines like these, dropped from the fixture …
65.5% - Smoothing the world - 0.0%
65.5% - Creating waterfalls - 0.0%
65.5% - Creating waterfalls - 0.3%
# … 963 more progress lines like these, dropped from the fixture …
69.2% - Creating waterfalls - 0.0%
69.2% - Weathering caverns - 0.0%
69.3% - Weathering caverns - 0.3%
# … 298 more progress lines like these, dropped from the fixture …
73.9% - Weathering caverns - 0.0%
73.9% - Placing life crystals - 0.0%
73.9% - Placing life crystals - 1.0%
# … 12 more progress lines like these, dropped from the fixture …
73.9% - Placing life crystals - 0.0%
73.9% - Placing statues - 0.0%
73.9% - Hiding treasure - 0.0%
74.0% - Hiding treasure - 1.1%
# … 89 more progress lines like these, dropped from the fixture …
74.9% - Hiding treasure - 0.0%
74.9% - Hiding more treasure - 0.0%
74.9% - Hiding more treasure - 4.8%
# … 19 more progress lines like these, dropped from the fixture …
74.9% - Hiding more treasure - 0.0%
74.9% - Hiding jungle treasure - 0.0%
74.9% - Hiding jungle treasure - 9.1%
# … 8 more progress lines like these, dropped from the fixture …
74.9% - Hiding jungle treasure - 0.0%
74.9% - Hiding water treasure - 0.0%
74.9% - Hiding water treasure - 11.1%
# … 7 more progress lines like these, dropped from the fixture …
74.9% - Hiding water treasure - 0.0%
74.9% - Growing spider caves - 0.0%
75.0% - Growing spider caves - 4.8%
# … 32 more progress lines like these, dropped from the fixture …
75.4% - Growing spider caves - 0.0%
75.4% - Mossification - 0.0%
75.4% - Mossification - 2.4%
# … 39 more progress lines like these, dropped from the fixture …
76.0% - Mossification - 0.0%
76.0% - Making cave walls - 0.0%
76.0% - Making cave walls - 0.4%
# … 250 more progress lines like these, dropped from the fixture …
76.0% - Making cave walls - 0.0%
76.0% - Growing rich mahogany - 0.0%
76.0% - Growing rich mahogany - 0.1%
# … 810 more progress lines like these, dropped from the fixture …
77.9% - Growing rich mahogany - 0.0%
77.9% - Placing breakables - 0.0%
77.9% - Placing breakables - 0.2%
# … 817 more progress lines like these, dropped from the fixture …
79.4% - Placing breakables - 0.0%
79.4% - Placing hellforges - 0.0%
79.4% - Placing hellforges - 14.3%
# … 5 more progress lines like these, dropped from the fixture …
79.4% - Placing hellforges - 0.0%
79.4% - Spreading grass - 0.0%
79.5% - Spreading grass - 0.0%
# … 1 more progress lines like these, dropped from the fixture …
79.5% - Spreading grass - 0.0%
79.5% - Felling trees - 0.0%
79.5% - Felling trees - 33.3%
# … 1 more progress lines like these, dropped from the fixture …
79.5% - Felling trees - 0.0%
79.5% - Placing traps - 0.0%
79.5% - Placing traps - 0.2%
# … 220 more progress lines like these, dropped from the fixture …
80.0% - Placing traps - 0.0%
80.0% - Placing objects - 0.0%
80.2% - Placing objects - 0.0%
# … 5 more progress lines like these, dropped from the fixture …
80.8% - Placing objects - 0.0%
80.8% - Planting sunflowers - 0.0%
80.8% - Planting sunflowers - 11.9%
# … 7 more progress lines like these, dropped from the fixture …
80.8% - Planting sunflowers - 0.0%
80.8% - Planting trees - 0.0%
80.8% - Planting trees - 7.9%
# … 11 more progress lines like these, dropped from the fixture …
81.1% - Planting trees - 0.0%
81.1% - Planting herbs - 0.0%
81.1% - Planting herbs - 0.1%
# … 801 more progress lines like these, dropped from the fixture …
81.9% - Planting herbs - 0.0%
81.9% - Planting weeds - 0.0%
81.9% - Planting weeds - 0.1%
# … 831 more progress lines like these, dropped from the fixture …
83.2% - Planting weeds - 0.0%
83.2% - Growing vines - 0.0%
83.2% - Growing vines - 0.2%
# … 999 more progress lines like these, dropped from the fixture …
84.2% - Growing vines - 0.0%
84.2% - Planting flowers - 0.0%
84.2% - Planting flowers - 6.3%
# … 10 more progress lines like these, dropped from the fixture …
84.2% - Planting flowers - 0.0%
84.2% - Planting mushrooms - 0.0%
84.2% - Planting mushrooms - 100.0%
# … 8 more progress lines like these, dropped from the fixture …
84.9% - Planting mushrooms - 0.0%
84.9% - Settling liquids - 0.0%
Settling liquids 14%
84.9% - Settling liquids - 0.0%
87.0% - Settling liquids - 33.0%
# … 59 more progress lines like these, dropped from the fixture …
91.2% - Settling liquids - 0.0%
91.2% - Growing cacti - 0.0%
91.2% - Growing cacti - 33.3%
# … 1 more progress lines like these, dropped from the fixture …
91.2% - Growing cacti - 0.0%
91.2% - Clean up - 0.0%
91.2% - Clean up - 0.1%
# … 1003 more progress lines like these, dropped from the fixture …
92.9% - Clean up - 0.0%
92.9% - Generating structures..Dead Man's Chests - 0.0%
93.2% - Generating structures..Thin Ice - 10.0%
93.5% - Generating structures..Sword Shrines - 20.0%
93.8% - Generating structures..Campsites - 30.0%
93.8% - Generating structures..Explosive Traps - 40.0%
94.1% - Generating structures..Explosive Traps - 40.0%
94.4% - Generating structures..Living Trees - 50.0%
95.0% - Generating structures..Long Minecart Tracks - 70.0%
95.4% - Generating structures..Standard Minecart Tracks - 80.0%
95.7% - Generating structures..Lava Traps - 90.0%
96.0% - Generating structures..Lava Traps - 100.0%
96.0% - Generating structures..Lava Traps - 0.0%
96.0% - Growing water plants - 0.5%
96.0% - Growing water plants - 0.6%
# … 878 more progress lines like these, dropped from the fixture …
97.0% - Growing water plants - 0.0%
97.0% - Disarming broken traps - 0.0%
97.0% - Disarming broken traps - 0.2%
# … 620 more progress lines like these, dropped from the fixture …
98.2% - Disarming broken traps - 0.0%
98.2% - Final clean up - 0.0%
98.2% - Final clean up - 0.1%
# … 1009 more progress lines like these, dropped from the fixture …
100.0% - Final clean up - 100.0%
100.0% - Finalizing world - 0.0%
Settling liquids 23%
100.0% - Finalizing world - 0.0%
Settling liquids 35%
100.0% - Finalizing world - 0.0%
Running engine preload...
Terraria Server v1.4.4.9

Listening on port 7777
Type 'help' for a list of commands.

Server started
> help
: Available commands:

help		Displays a list of commands.
playing		Shows the list of players.
clear		Clear the console window.
exit		Shutdown the server and save.
exit-nosave	Shutdown the server without saving.
save		Save the game world.
kick <player>	Kicks a player from the server.
ban <player>	Bans a player from the server.
password	Show password.
password <pass>	Change password.
version		Print version number.
time		Display game time.
port		Print the listening port.
maxplayers	Print the max number of players.
say <words>	Send a message.
motd		Print MOTD.
motd <words>	Change MOTD.
dawn		Change time to dawn.
noon		Change time to noon.
dusk		Change time to dusk.
midnight	Change time to midnight.
settle		Settle all water.
seed		Displays the world seed.
customsets	Displays a list of named ID sets.
modlist		Displays a list of loaded mods.
> playing
: No players connected.
> version
: Terraria Server v1.4.4.9 - tModLoader v2026.7.3.0
> save
: Saving world data: 20%
Saving world data: 43%
Saving world data: 62%
# … 1 more progress lines like these, dropped from the fixture …
Saving world data: 100%
Validating world save: 38%
Validating world save: 97%
Saving modded world data
> exit
: Saving before exit...
