[20:28:55] [main/INFO]: Environment: authHost='https://authserver.mojang.com', accountsHost='https://api.mojang.com', sessionHost='https://sessionserver.mojang.com', servicesHost='https://api.minecraftservices.com', name='PROD'
[20:28:56] [main/WARN]: Ambiguity between arguments [teleport, destination] and [teleport, targets] with inputs: [Player, 0123, @e, dd12be42-52a9-4a91-a8a1-11c01849e498]
[20:28:56] [main/WARN]: Ambiguity between arguments [teleport, location] and [teleport, destination] with inputs: [0.1 -0.5 .9, 0 0 0]
[20:28:56] [main/WARN]: Ambiguity between arguments [teleport, location] and [teleport, targets] with inputs: [0.1 -0.5 .9, 0 0 0]
[20:28:56] [main/WARN]: Ambiguity between arguments [teleport, targets] and [teleport, destination] with inputs: [Player, 0123, dd12be42-52a9-4a91-a8a1-11c01849e498]
[20:28:56] [main/WARN]: Ambiguity between arguments [teleport, targets, location] and [teleport, targets, destination] with inputs: [0.1 -0.5 .9, 0 0 0]
[20:28:56] [main/INFO]: Reloading ResourceManager: Default
[20:28:57] [Worker-Main-10/INFO]: Loaded 7 recipes
[20:28:57] [Worker-Main-10/INFO]: Loaded 927 advancements
[20:28:59] [Server thread/INFO]: Starting minecraft server version 1.16.5
[20:28:59] [Server thread/INFO]: Loading properties
[20:28:59] [Server thread/INFO]: Default game type: SURVIVAL
[20:28:59] [Server thread/INFO]: Generating keypair
[20:28:59] [Server thread/INFO]: Starting Minecraft server on *:25565
[20:28:59] [Server thread/INFO]: Using epoll channel type
[20:28:59] [Server thread/INFO]: Preparing level "world"
[20:29:00] [Server thread/WARN]: Unable to find spawn biome
[20:29:07] [Server thread/INFO]: Preparing start region for dimension minecraft:overworld
[20:29:08] [Worker-Main-14/INFO]: Preparing spawn area: 1%
[20:29:08] [Worker-Main-8/INFO]: Preparing spawn area: 1%
[20:29:08] [Worker-Main-14/INFO]: Preparing spawn area: 2%
[20:29:09] [Worker-Main-8/INFO]: Preparing spawn area: 5%
[20:29:09] [Worker-Main-13/INFO]: Preparing spawn area: 6%
[20:29:10] [Worker-Main-13/INFO]: Preparing spawn area: 6%
[20:29:10] [Worker-Main-13/INFO]: Preparing spawn area: 9%
[20:29:11] [Worker-Main-12/INFO]: Preparing spawn area: 12%
[20:29:11] [Worker-Main-13/INFO]: Preparing spawn area: 12%
[20:29:12] [Worker-Main-9/INFO]: Preparing spawn area: 16%
[20:29:12] [Worker-Main-11/INFO]: Preparing spawn area: 16%
[20:29:13] [Worker-Main-11/INFO]: Preparing spawn area: 16%
[20:29:13] [Worker-Main-12/INFO]: Preparing spawn area: 23%
[20:29:14] [Worker-Main-14/INFO]: Preparing spawn area: 28%
[20:29:14] [Worker-Main-11/INFO]: Preparing spawn area: 31%
[20:29:15] [Worker-Main-8/INFO]: Preparing spawn area: 35%
[20:29:15] [Worker-Main-11/INFO]: Preparing spawn area: 35%
[20:29:16] [Worker-Main-13/INFO]: Preparing spawn area: 35%
[20:29:16] [Worker-Main-12/INFO]: Preparing spawn area: 51%
[20:29:17] [Worker-Main-9/INFO]: Preparing spawn area: 51%
[20:29:17] [Worker-Main-11/INFO]: Preparing spawn area: 56%
[20:29:18] [Worker-Main-8/INFO]: Preparing spawn area: 62%
[20:29:18] [Worker-Main-14/INFO]: Preparing spawn area: 66%
[20:29:19] [Worker-Main-10/INFO]: Preparing spawn area: 72%
[20:29:19] [Worker-Main-9/INFO]: Preparing spawn area: 77%
[20:29:20] [Worker-Main-8/INFO]: Preparing spawn area: 82%
[20:29:20] [Worker-Main-14/INFO]: Preparing spawn area: 88%
[20:29:21] [Worker-Main-11/INFO]: Preparing spawn area: 93%
[20:29:21] [Worker-Main-8/INFO]: Preparing spawn area: 98%
[20:29:22] [Server thread/INFO]: Time elapsed: 14170 ms
[20:29:22] [Server thread/INFO]: Done (22.456s)! For help, type "help"
[20:29:22] [Server thread/INFO]: Starting remote control listener
[20:29:22] [Server thread/INFO]: Thread RCON Listener started
[20:29:22] [Server thread/INFO]: RCON running on 0.0.0.0:25575
[20:29:23] [RCON Listener #1/INFO]: Thread RCON Client /127.0.0.1 started
