== state stopped
[agent] Starting: /opt/java/25/bin/java -Xms2048m -Xmx2048m -DbundlerRepoDir=/opt/game -jar /opt/game/server.jar nogui
== state starting
[out] Unpacking 26.3/server-26.3.jar (versions:26.3) to /opt/game/versions/26.3/server-26.3.jar
[out] java.nio.file.FileSystemException: /opt/game/versions: Read-only file system
[out] 	at java.base/sun.nio.fs.UnixException.translateToIOException(Unknown Source)
[out] 	at java.base/sun.nio.fs.UnixException.rethrowAsIOException(Unknown Source)
[out] 	at java.base/sun.nio.fs.UnixException.rethrowAsIOException(Unknown Source)
[out] 	at java.base/sun.nio.fs.UnixFileSystemProvider.createDirectory(Unknown Source)
[out] 	at java.base/java.nio.file.Files.createDirectory(Unknown Source)
[out] 	at java.base/java.nio.file.Files.createAndCheckIsDirectory(Unknown Source)
[out] 	at java.base/java.nio.file.Files.createDirectories(Unknown Source)
[out] 	at net.minecraft.bundler.Main.extractJar(Main.java:105)
[out] 	at net.minecraft.bundler.Main.checkAndExtractJar(Main.java:100)
[out] 	at net.minecraft.bundler.Main.readAndExtractDir(Main.java:92)
[out] 	at net.minecraft.bundler.Main.run(Main.java:38)
[out] 	at net.minecraft.bundler.Main.main(Main.java:25)
[out] Failed to extract server libraries, exiting
[agent] Server process exited (code 0, signal none) unexpectedly
!! crash: The server stopped unexpectedly (code 0); restarting in 10 s
[agent] [crash] The server stopped unexpectedly (code 0); restarting in 10 s
== state crashed
# … 23 lines cut …
