> list
[19:32:53] [Server thread/INFO]: RCON running on 0.0.0.0:25575
[19:32:53] [Server thread/INFO]: Saving chunks for level 'ServerLevel[world]'/minecraft:overworld
[19:32:53] [Server thread/INFO]: Saving chunks for level 'ServerLevel[world]'/minecraft:the_end
[19:32:53] [Server thread/INFO]: Saving chunks for level 'ServerLevel[world]'/minecraft:the_nether
[19:32:55] [Server thread/INFO]: System chat: There are 0 of a max of 20 players online: 
> list uuids
[19:32:56] [Server thread/INFO]: System chat: There are 0 of a max of 20 players online: 
> say hello from the console
[19:32:57] [Server thread/INFO]: [Not Secure] [Server] hello from the console
> notacommand
[19:32:58] [Server thread/INFO]: System chat: Unknown or incomplete command. See below for error
[19:32:58] [Server thread/INFO]: System chat: notacommand<--[HERE]
> whitelist list
[19:33:00] [Server thread/INFO]: System chat: There are no whitelisted players
> version
[19:33:01] [Server thread/INFO]: System chat: Server version info:
[19:33:01] [Server thread/INFO]: System chat: id = 26.3
[19:33:01] [Server thread/INFO]: System chat: name = 26.3
[19:33:01] [Server thread/INFO]: System chat: data = 5023
[19:33:01] [Server thread/INFO]: System chat: series = main
[19:33:01] [Server thread/INFO]: System chat: protocol = 777 (0x309)
[19:33:01] [Server thread/INFO]: System chat: build_time = Tue Sep 15 11:20:48 UTC 2026
[19:33:01] [Server thread/INFO]: System chat: pack_resource = 97.1
[19:33:01] [Server thread/INFO]: System chat: pack_data = 121.0
[19:33:01] [Server thread/INFO]: System chat: stable = yes
> help
[19:33:02] [Server thread/INFO]: System chat: /advancement (grant|revoke)
[19:33:02] [Server thread/INFO]: System chat: /attribute <target> <attribute> (get|base|modifier)
[19:33:02] [Server thread/INFO]: System chat: /execute (run|if|unless|as|at|store|positioned|rotated|facing|align|anchored|in|summon|on)
[19:33:02] [Server thread/INFO]: System chat: /bossbar (add|remove|list|set|get)
[19:33:02] [Server thread/INFO]: System chat: /clear [<targets>]
[19:33:02] [Server thread/INFO]: System chat: /clone (<begin>|from)
[19:33:02] [Server thread/INFO]: System chat: /compute (default|block|entity)
[19:33:02] [Server thread/INFO]: System chat: /damage <target> <amount> [<damageType>]
[19:33:02] [Server thread/INFO]: System chat: /data (merge|get|remove|modify)
[19:33:02] [Server thread/INFO]: System chat: /datapack (enable|disable|list|create)
[19:33:02] [Server thread/INFO]: System chat: /debug (start|stop|function)
[19:33:02] [Server thread/INFO]: System chat: /defaultgamemode <gamemode>
[19:33:02] [Server thread/INFO]: System chat: /dialog (show|clear)
[19:33:02] [Server thread/INFO]: System chat: /difficulty [peaceful|easy|normal|hard]
[19:33:02] [Server thread/INFO]: System chat: /effect (clear|give)
[19:33:02] [Server thread/INFO]: System chat: /me <action>
[19:33:02] [Server thread/INFO]: System chat: /enchant <targets> <enchantment> [<level>]
[19:33:02] [Server thread/INFO]: System chat: /experience (add|set|query)
[19:33:02] [Server thread/INFO]: System chat: /xp -> experience
[19:33:02] [Server thread/INFO]: System chat: /fill <from> <to> <block> [outline|hollow|destroy|strict|replace|keep]
[19:33:02] [Server thread/INFO]: System chat: /fillbiome <from> <to> <biome> [replace]
[19:33:02] [Server thread/INFO]: System chat: /forceload (add|remove|query)
[19:33:02] [Server thread/INFO]: System chat: /function <name> [<arguments>|with]
[19:33:02] [Server thread/INFO]: System chat: /gamemode <gamemode> [<target>]
[19:33:02] [Server thread/INFO]: System chat: /gamerule (locator_bar|minecraft:locator_bar|show_death_messages|minecraft:show_death_messages|block_drops|minecraft:block_drops|spawner_blocks_work|minecraft:spawner_blocks_work|advance_weather|minecraft:advance_weather|max_block_modifications|minecraft:max_block_modifications|log_admin_commands|minecraft:log_admin_commands|natural_health_regeneration|minecraft:natural_health_regeneration|keep_inventory|minecraft:keep_inventory|lava_source_conversion|minecraft:lava_source_conversion|tnt_explosion_drop_decay|minecraft:tnt_explosion_drop_decay|players_sleeping_percentage|minecraft:players_sleeping_percentage|respawn_radius|minecraft:respawn_radius|max_command_sequence_length|minecraft:max_command_sequence_length|random_tick_speed|minecraft:random_tick_speed|spawn_monsters|minecraft:spawn_monsters|mob_explosion_drop_decay|minecraft:mob_explosion_drop_decay|block_explosion_drop_decay|minecraft:block_explosion_drop_decay|spectators_generate_chunks|minecraft:spectators_generate_chunks|limited_crafting|minecraft:limited_crafting|elytra_movement_check|minecraft:elytra_movement_check|fire_spread_radius_around_player|minecraft:fire_spread_radius_around_player|show_advancement_messages|minecraft:show_advancement_messages|command_block_output|minecraft:command_block_output|spawn_mobs|minecraft:spawn_mobs|immediate_respawn|minecraft:immediate_respawn|global_sound_events|minecraft:global_sound_events|max_entity_cramming|minecraft:max_entity_cramming|spawn_phantoms|minecraft:spawn_phantoms|player_movement_check|minecraft:player_movement_check|spawn_wandering_traders|minecraft:spawn_wandering_traders|raids|minecraft:raids|water_source_conversion|minecraft:water_source_conversion|spawn_wardens|minecraft:spawn_wardens|max_command_forks|minecraft:max_command_forks|tnt_explodes|minecraft:tnt_explodes|freeze_damage|minecraft:freeze_damage|pvp|minecraft:pvp|fire_damage|minecraft:fire_damage|send_command_feedback|minecraft:send_command_feedback|ender_pearls_vanish_on_death|minecraft:ender_pearls_vanish_on_death|drowning_damage|minecraft:drowning_damage|command_blocks_work|minecraft:command_blocks_work|fall_damage|minecraft:fall_damage|reduced_debug_info|minecraft:reduced_debug_info|advance_time|minecraft:advance_time|players_nether_portal_default_delay|minecraft:players_nether_portal_default_delay|spawn_patrols|minecraft:spawn_patrols|universal_anger|minecraft:universal_anger|spread_vines|minecraft:spread_vines|forgive_dead_players|minecraft:forgive_dead_players|projectiles_can_break_blocks|minecraft:projectiles_can_break_blocks|max_snow_accumulation_height|minecraft:max_snow_accumulation_height|mob_griefing|minecraft:mob_griefing|allow_entering_nether_using_portals|minecraft:allow_entering_nether_using_portals|mob_drops|minecraft:mob_drops|entity_drops|minecraft:entity_drops|players_nether_portal_creative_delay|minecraft:players_nether_portal_creative_delay)
[19:33:02] [Server thread/INFO]: System chat: /give <targets> <item> [<count>]
[19:33:02] [Server thread/INFO]: System chat: /help [<command>]
[19:33:02] [Server thread/INFO]: System chat: /item (replace|fill|override|modify)
[19:33:02] [Server thread/INFO]: System chat: /kick <targets> [<reason>]
[19:33:02] [Server thread/INFO]: System chat: /kill [<targets>]
[19:33:02] [Server thread/INFO]: System chat: /list [uuids]
[19:33:02] [Server thread/INFO]: System chat: /locate (structure|biome|poi)
[19:33:02] [Server thread/INFO]: System chat: /loot (replace|insert|give|spawn)
[19:33:02] [Server thread/INFO]: System chat: /msg <targets> <message>
[19:33:02] [Server thread/INFO]: System chat: /tell -> msg
[19:33:02] [Server thread/INFO]: System chat: /w -> msg
[19:33:02] [Server thread/INFO]: System chat: /swing [<targets>]
[19:33:02] [Server thread/INFO]: System chat: /particle <name> [<pos>]
[19:33:02] [Server thread/INFO]: System chat: /place (feature|jigsaw|structure|template)
[19:33:02] [Server thread/INFO]: System chat: /playsound <sound> [master|music|record|weather|block|hostile|neutral|player|ambient|voice|ui]
[19:33:02] [Server thread/INFO]: System chat: /posteffect (add|clear|list|remove)
[19:33:02] [Server thread/INFO]: System chat: /random (value|roll|reset)
[19:33:02] [Server thread/INFO]: System chat: /reload
[19:33:02] [Server thread/INFO]: System chat: /recipe (give|take)
[19:33:02] [Server thread/INFO]: System chat: /fetchprofile (name|id|entity)
[19:33:02] [Server thread/INFO]: System chat: /return (<value>|fail|run)
[19:33:02] [Server thread/INFO]: System chat: /ride <target> (mount|dismount)
[19:33:02] [Server thread/INFO]: System chat: /rotate <target> (<rotation>|facing)
[19:33:02] [Server thread/INFO]: System chat: /say <message>
[19:33:02] [Server thread/INFO]: System chat: /schedule (function|clear)
[19:33:02] [Server thread/INFO]: System chat: /scoreboard (objectives|players)
[19:33:02] [Server thread/INFO]: System chat: /seed
[19:33:02] [Server thread/INFO]: System chat: /version
[19:33:02] [Server thread/INFO]: System chat: /setblock <pos> <block> [destroy|keep|replace|strict]
[19:33:02] [Server thread/INFO]: System chat: /spawnpoint [<targets>]
[19:33:02] [Server thread/INFO]: System chat: /setworldspawn [<pos>]
[19:33:02] [Server thread/INFO]: System chat: /spectate [<target>]
[19:33:02] [Server thread/INFO]: System chat: /spreadplayers <center> <spreadDistance> <maxRange> (<respectTeams>|under)
[19:33:02] [Server thread/INFO]: System chat: /stopsound <targets> [*|master|music|record|weather|block|hostile|neutral|player|ambient|voice|ui]
[19:33:02] [Server thread/INFO]: System chat: /stopwatch (create|query|restart|remove)
[19:33:02] [Server thread/INFO]: System chat: /summon <entity> [<pos>]
[19:33:02] [Server thread/INFO]: System chat: /tag <targets> (add|remove|list)
[19:33:02] [Server thread/INFO]: System chat: /team (list|add|remove|empty|join|leave|modify)
[19:33:02] [Server thread/INFO]: System chat: /teammsg <message>
[19:33:02] [Server thread/INFO]: System chat: /tm -> teammsg
[19:33:02] [Server thread/INFO]: System chat: /teleport (<location>|<destination>|<targets>)
[19:33:02] [Server thread/INFO]: System chat: /tp -> teleport
[19:33:02] [Server thread/INFO]: System chat: /tellraw <targets> <message>
[19:33:02] [Server thread/INFO]: System chat: /test (run|runmultiple|runthese|runclosest|runthat|runfailed|verify|locate|resetclosest|resetthese|resetthat|clearthat|clearthese|clearall|stop|pos|create)
[19:33:02] [Server thread/INFO]: System chat: /tick (query|rate|step|sprint|unfreeze|freeze)
[19:33:02] [Server thread/INFO]: System chat: /time (set|add|pause|resume|rate|query|of)
[19:33:02] [Server thread/INFO]: System chat: /title <targets> (clear|reset|title|subtitle|actionbar|times)
[19:33:02] [Server thread/INFO]: System chat: /trigger <objective> [add|set]
[19:33:02] [Server thread/INFO]: System chat: /waypoint (list|modify)
[19:33:02] [Server thread/INFO]: System chat: /weather (clear|rain|thunder)
[19:33:02] [Server thread/INFO]: System chat: /worldborder (add|set|center|damage|get|warning)
[19:33:02] [Server thread/INFO]: System chat: /jfr (start|stop)
[19:33:02] [Server thread/INFO]: System chat: /ban-ip <target> [<reason>]
[19:33:02] [Server thread/INFO]: System chat: /banlist [ips|players]
[19:33:02] [Server thread/INFO]: System chat: /ban <targets> [<reason>]
[19:33:02] [Server thread/INFO]: System chat: /deop <targets>
[19:33:02] [Server thread/INFO]: System chat: /op <targets>
[19:33:02] [Server thread/INFO]: System chat: /pardon <targets>
[19:33:02] [Server thread/INFO]: System chat: /pardon-ip <target>
[19:33:02] [Server thread/INFO]: System chat: /perf (start|stop)
[19:33:02] [Server thread/INFO]: System chat: /save-all [flush]
[19:33:02] [Server thread/INFO]: System chat: /save-off
[19:33:02] [Server thread/INFO]: System chat: /save-on
[19:33:02] [Server thread/INFO]: System chat: /setidletimeout <minutes>
[19:33:02] [Server thread/INFO]: System chat: /stop
[19:33:02] [Server thread/INFO]: System chat: /transfer <hostname> [<port>]
[19:33:02] [Server thread/INFO]: System chat: /whitelist (on|off|list|add|remove|reload)
> save-all
[19:33:04] [Server thread/INFO]: System chat: Saving the game (this may take a moment!)
[19:33:04] [Server thread/INFO]: System chat: Saved the game
