Starting net.minecraft.server.Main
WARNING: A restricted method in java.lang.System has been called
WARNING: java.lang.System::load has been called by com.sun.jna.Native in an unnamed module (file:/opt/game/libraries/net/java/dev/jna/jna/5.17.0/jna-5.17.0.jar)
WARNING: Use --enable-native-access=ALL-UNNAMED to avoid a warning for callers in this module
WARNING: Restricted methods will be blocked in a future release unless native access is enabled

WARNING: A terminally deprecated method in sun.misc.Unsafe has been called
WARNING: sun.misc.Unsafe::objectFieldOffset has been called by org.joml.MemUtil$MemUtilUnsafe (file:/opt/game/libraries/org/joml/joml/1.10.9/joml-1.10.9.jar)
WARNING: Please consider reporting this to the maintainers of class org.joml.MemUtil$MemUtilUnsafe
WARNING: sun.misc.Unsafe::objectFieldOffset will be removed in a future release
[19:40:52] [ServerMain/INFO]: Environment: Environment[discoveryUrl=https://discovery.minecraftservices.com/minecraft/client, name=PROD]
[19:40:54] [Worker-Main-11/INFO]: Loaded 1866 advancements
[19:40:54] [Server thread/INFO]: Starting minecraft server version 26.3
[19:40:54] [Server thread/INFO]: Loading properties
[19:40:54] [Server thread/INFO]: Default game type: SURVIVAL
[19:40:54] [Server thread/INFO]: Generating keypair
[19:40:54] [Server thread/INFO]: Starting Minecraft server on *:25565
[19:40:55] [Server thread/WARN]: **** SERVER IS RUNNING IN OFFLINE/INSECURE MODE!
[19:40:55] [Server thread/WARN]: The server will make no attempt to authenticate usernames. Beware.
[19:40:55] [Server thread/WARN]: While this makes the game possible to play without internet access, it also opens up the ability for hackers to connect with any username they choose.
[19:40:55] [Server thread/WARN]: To change this, set "online-mode" to "true" in the server.properties file.
[19:40:55] [Server thread/INFO]: Preparing level "world"
[19:40:55] [Server thread/INFO]: Loading 0 persistent chunks...
[19:40:55] [Server thread/INFO]: Preparing spawn area: 100%
[19:40:55] [Server thread/INFO]: Time elapsed: 14 ms
[19:40:55] [Server thread/INFO]: Done (0.349s)! For help, type "help"
[19:40:55] [Server thread/INFO]: Starting remote control listener
[19:40:55] [Server thread/WARN]: No rcon password set in server.properties, rcon disabled!
[19:40:55] [Server thread/INFO]: Saving chunks for level 'ServerLevel[world]'/minecraft:overworld
[19:40:55] [Server thread/INFO]: Saving chunks for level 'ServerLevel[world]'/minecraft:the_nether
[19:40:55] [Server thread/INFO]: Saving chunks for level 'ServerLevel[world]'/minecraft:the_end
[19:40:59] [Server thread/INFO]: System chat: Stopping the server
[19:40:59] [Server thread/INFO]: Stopping server
[19:40:59] [Server thread/INFO]: Saving players
[19:40:59] [Server thread/INFO]: Saving worlds
[19:40:59] [Server thread/INFO]: Saving chunks for level 'ServerLevel[world]'/minecraft:overworld
[19:40:59] [Server thread/INFO]: Saving chunks for level 'ServerLevel[world]'/minecraft:the_nether
[19:40:59] [Server thread/INFO]: Saving chunks for level 'ServerLevel[world]'/minecraft:the_end
