Downloading mojang_26.2.jar
Applying patches
Starting org.bukkit.craftbukkit.Main
2026-09-25T19:59:45.518972863Z ServerMain WARN Advanced terminal features are not available in this environment
[19:59:45 INFO]: [bootstrap] Running Java 25 (OpenJDK 64-Bit Server VM 25.0.4+7-LTS; Eclipse Adoptium Temurin-25.0.4+7) on Linux <kernel release> (amd64)
[19:59:45 INFO]: [bootstrap] Loading Paper 26.2-83-main@f9fb80b (2026-07-26T16:57:41Z) for Minecraft 26.2
[19:59:45 INFO]: [PluginInitializerManager] Initializing plugins...
[19:59:46 INFO]: [PluginInitializerManager] Initialized 0 plugins
WARNING: A terminally deprecated method in sun.misc.Unsafe has been called
WARNING: sun.misc.Unsafe::objectFieldOffset has been called by org.joml.MemUtil$MemUtilUnsafe (file:/opt/game/libraries/org/joml/joml/1.10.8/joml-1.10.8.jar)
WARNING: Please consider reporting this to the maintainers of class org.joml.MemUtil$MemUtilUnsafe
WARNING: sun.misc.Unsafe::objectFieldOffset will be removed in a future release
[19:59:52 INFO]: [ca.spottedleaf.dataconverter.minecraft.datatypes.MCTypeRegistry] Initialising converters for DataConverter...
[19:59:52 INFO]: Environment: Environment[sessionHost=https://sessionserver.mojang.com, servicesHost=https://api.minecraftservices.com, profilesHost=https://api.mojang.com, name=PROD]
[19:59:52 INFO]: [ca.spottedleaf.dataconverter.minecraft.datatypes.MCTypeRegistry] Finished initialising converters for DataConverter in 645.9ms
[19:59:53 INFO]: Found new data pack file/bukkit, loading it automatically
[19:59:53 INFO]: Found new data pack paper, loading it automatically
[19:59:53 INFO]: No existing world data, creating new world
[19:59:55 INFO]: Loaded 1585 recipes
[19:59:55 INFO]: Loaded 1688 advancements
[19:59:55 INFO]: Starting minecraft server version 26.2
[19:59:55 INFO]: Loading properties
[19:59:55 INFO]: This server is running Paper version 26.2-83-main@f9fb80b (2026-07-26T16:57:41Z) (Implementing API version 26.2.build.83-stable)
[19:59:55 INFO]: [spark] This server bundles the spark profiler. For more information please visit https://docs.papermc.io/paper/profiling
[19:59:55 INFO]: Server Ping Player Sample Count: 12
[19:59:55 INFO]: Using 4 threads for Netty based IO
[19:59:55 INFO]: [MoonriseCommon] Paper is using 3 worker threads, 1 I/O threads
[19:59:56 INFO]: Default game type: SURVIVAL
[19:59:56 INFO]: Generating keypair
[19:59:56 INFO]: Starting Minecraft server on *:25565
[19:59:56 INFO]: Paper: Using libdeflate (Linux x86_64) compression from Velocity.
[19:59:56 INFO]: Paper: Using OpenSSL 3.x.x (Linux x86_64) cipher from Velocity.
[19:59:56 INFO]: Preparing level "world"
[19:59:56 INFO]: Selecting spawn point for level 'minecraft:overworld'...
[20:00:01 INFO]: Selecting spawn point for level 'minecraft:the_nether'...
[20:00:02 INFO]: Selecting spawn point for level 'minecraft:the_end'...
[20:00:02 INFO]: Loading 0 persistent chunks for level 'minecraft:overworld'...
[20:00:02 INFO]: Preparing spawn area: 100%
[20:00:02 INFO]: Prepared spawn area in 5929 ms
[20:00:02 INFO]: Loading 0 persistent chunks for level 'minecraft:the_nether'...
[20:00:02 INFO]: Preparing spawn area: 100%
[20:00:02 INFO]: Prepared spawn area in 1671 ms
[20:00:02 INFO]: Loading 0 persistent chunks for level 'minecraft:the_end'...
[20:00:02 INFO]: Preparing spawn area: 100%
[20:00:02 INFO]: Prepared spawn area in 312 ms
[20:00:02 INFO]: Done preparing level "world" (6.430s)
[20:00:02 INFO]: [spark] Starting background profiler...
[20:00:03 INFO]: Saving chunks for level 'ServerLevel[world]'/minecraft:overworld
[20:00:03 INFO]: Saving chunks for level 'ServerLevel[world]'/minecraft:the_nether
[20:00:03 INFO]: Saving chunks for level 'ServerLevel[world]'/minecraft:the_end
[20:00:03 INFO]: ThreadedAnvilChunkStorage (world): All chunks are saved
[20:00:03 INFO]: ThreadedAnvilChunkStorage (DIM-1): All chunks are saved
[20:00:03 INFO]: ThreadedAnvilChunkStorage (DIM1): All chunks are saved
[20:00:03 INFO]: ThreadedAnvilChunkStorage: All dimensions are saved
[20:00:03 INFO]: Running delayed init tasks
[20:00:03 INFO]: Done (18.769s)! For help, type "help"
[20:00:03 INFO]: *************************************************************************************
[20:00:03 INFO]: This is the first time you're starting this server.
[20:00:03 INFO]: It's recommended you read our 'Getting Started' documentation for guidance.
[20:00:03 INFO]: View this and more helpful information here: https://docs.papermc.io/paper/next-steps
[20:00:03 INFO]: *************************************************************************************
[20:00:03 INFO]: Checking version, please wait...
[20:00:03 INFO]: *** Currently you are 46 builds behind ***
[20:00:03 INFO]: *** It is highly recommended to download the latest build from https://papermc.io/downloads/paper ***
[20:00:04 INFO]: This server is running Paper version 26.2-83-main@f9fb80b (2026-07-26T16:57:41Z) (Implementing API version 26.2.build.83-stable)
You are 46 version(s) behind
Download the new version at: https://papermc.io/downloads/paper
[20:00:07 INFO]: Stopping the server
[20:00:07 INFO]: Stopping server
[20:00:07 INFO]: Saving players
[20:00:07 INFO]: Saving worlds
[20:00:07 INFO]: Saving chunks for level 'ServerLevel[world]'/minecraft:overworld
[20:00:07 INFO]: [ChunkHolderManager] Waiting 60s for chunk system to halt for world 'minecraft:overworld'
[20:00:07 INFO]: [ChunkHolderManager] Halted chunk system for world 'minecraft:overworld'
[20:00:07 INFO]: [ChunkHolderManager] Saving all chunkholders for world 'minecraft:overworld'
[20:00:07 INFO]: [ChunkHolderManager] Saved 0 block chunks, 0 entity chunks, 0 poi chunks in world 'minecraft:overworld' in 0.03s
[20:00:07 INFO]: [ChunkHolderManager] Waiting 60s for chunk I/O to halt for world 'minecraft:overworld'
[20:00:07 INFO]: [ChunkHolderManager] Halted I/O scheduler for world 'minecraft:overworld'
[20:00:07 INFO]: Saving chunks for level 'ServerLevel[world]'/minecraft:the_nether
[20:00:07 INFO]: [ChunkHolderManager] Waiting 60s for chunk system to halt for world 'minecraft:the_nether'
[20:00:07 INFO]: [ChunkHolderManager] Halted chunk system for world 'minecraft:the_nether'
[20:00:07 INFO]: [ChunkHolderManager] Saving all chunkholders for world 'minecraft:the_nether'
[20:00:08 INFO]: [ChunkHolderManager] Saved 0 block chunks, 0 entity chunks, 0 poi chunks in world 'minecraft:the_nether' in 0.05s
[20:00:08 INFO]: [ChunkHolderManager] Waiting 60s for chunk I/O to halt for world 'minecraft:the_nether'
[20:00:08 INFO]: [ChunkHolderManager] Halted I/O scheduler for world 'minecraft:the_nether'
[20:00:08 INFO]: Saving chunks for level 'ServerLevel[world]'/minecraft:the_end
[20:00:08 INFO]: [ChunkHolderManager] Waiting 60s for chunk system to halt for world 'minecraft:the_end'
[20:00:08 INFO]: [ChunkHolderManager] Halted chunk system for world 'minecraft:the_end'
[20:00:08 INFO]: [ChunkHolderManager] Saving all chunkholders for world 'minecraft:the_end'
[20:00:08 INFO]: [ChunkHolderManager] Saved 0 block chunks, 0 entity chunks, 0 poi chunks in world 'minecraft:the_end' in 0.03s
[20:00:08 INFO]: [ChunkHolderManager] Waiting 60s for chunk I/O to halt for world 'minecraft:the_end'
[20:00:08 INFO]: [ChunkHolderManager] Halted I/O scheduler for world 'minecraft:the_end'
[20:00:08 INFO]: ThreadedAnvilChunkStorage (world): All chunks are saved
[20:00:08 INFO]: ThreadedAnvilChunkStorage (DIM-1): All chunks are saved
[20:00:08 INFO]: ThreadedAnvilChunkStorage (DIM1): All chunks are saved
[20:00:08 INFO]: ThreadedAnvilChunkStorage: All dimensions are saved
[20:00:08 INFO]: Waiting for all RegionFile I/O tasks to complete...
[20:00:08 INFO]: All RegionFile I/O tasks to complete
[20:00:08 INFO]: [MoonriseCommon] Awaiting termination of worker pool for up to 60s...
[20:00:08 INFO]: [MoonriseCommon] Awaiting termination of I/O pool for up to 60s...
