Starting org.bukkit.craftbukkit.Main
2026-09-25T19:47:13.612190735Z ServerMain WARN Advanced terminal features are not available in this environment
[19:47:13 INFO]: [bootstrap] Running Java 25 (OpenJDK 64-Bit Server VM 25.0.4+7-LTS; Eclipse Adoptium Temurin-25.0.4+7) on Linux <kernel release> (amd64)
[19:47:13 INFO]: [bootstrap] Loading Paper 26.3-41-main@a15fed9 (2026-09-25T03:26:20Z) for Minecraft 26.3
[19:47:13 INFO]: [PluginInitializerManager] Initializing plugins...
[19:47:14 INFO]: [PluginInitializerManager] Initialized 0 plugins
WARNING: A terminally deprecated method in sun.misc.Unsafe has been called
WARNING: sun.misc.Unsafe::objectFieldOffset has been called by org.joml.MemUtil$MemUtilUnsafe (file:/opt/game/libraries/org/joml/joml/1.10.9/joml-1.10.9.jar)
WARNING: Please consider reporting this to the maintainers of class org.joml.MemUtil$MemUtilUnsafe
WARNING: sun.misc.Unsafe::objectFieldOffset will be removed in a future release
[19:47:19 INFO]: [ca.spottedleaf.dataconverter.minecraft.datatypes.MCTypeRegistry] Initialising converters for DataConverter...
[19:47:19 INFO]: [com.destroystokyo.paper.profile.PaperServicesDiscoveryService] Environment: Environment[discoveryUrl=https://discovery.minecraftservices.com/minecraft/client, name=PROD]
[19:47:20 INFO]: [ca.spottedleaf.dataconverter.minecraft.datatypes.MCTypeRegistry] Finished initialising converters for DataConverter in 735.2ms
[19:47:22 INFO]: Loaded 1866 advancements
[19:47:22 INFO]: Starting minecraft server version 26.3
[19:47:22 INFO]: Loading properties
[19:47:22 INFO]: This server is running Paper version 26.3-41-main@a15fed9 (2026-09-25T03:26:20Z) (Implementing API version 26.3.build.41-alpha)
[19:47:23 INFO]: [spark] This server bundles the spark profiler. For more information please visit https://docs.papermc.io/paper/profiling
[19:47:23 INFO]: Server Ping Player Sample Count: 12
[19:47:23 INFO]: Using 4 threads for Netty based IO
[19:47:23 INFO]: [MoonriseCommon] Paper is using 3 worker threads, 1 I/O threads
[19:47:23 INFO]: Default game type: SURVIVAL
[19:47:23 INFO]: Generating keypair
[19:47:23 INFO]: Starting Minecraft server on *:25565
[19:47:24 INFO]: Paper: Using libdeflate (Linux x86_64) compression from Velocity.
[19:47:24 INFO]: Paper: Using OpenSSL 3.x.x (Linux x86_64) cipher from Velocity.
[19:47:24 WARN]: **** SERVER IS RUNNING IN OFFLINE/INSECURE MODE!
[19:47:24 WARN]: The server will make no attempt to authenticate usernames. Beware.
[19:47:24 WARN]: While this makes the game possible to play without internet access, it also opens up the ability for hackers to connect with any username they choose.
[19:47:24 WARN]: To change this, set "online-mode" to "true" in the server.properties file.
[19:47:24 INFO]: Preparing level "world"
[19:47:24 INFO]: Loading 0 persistent chunks for level 'minecraft:overworld'...
[19:47:24 INFO]: Preparing spawn area: 100%
[19:47:24 INFO]: Prepared spawn area in 2 ms
[19:47:24 INFO]: Loading 0 persistent chunks for level 'minecraft:the_nether'...
[19:47:24 INFO]: Preparing spawn area: 100%
[19:47:24 INFO]: Prepared spawn area in 1 ms
[19:47:24 INFO]: Loading 0 persistent chunks for level 'minecraft:the_end'...
[19:47:24 INFO]: Preparing spawn area: 100%
[19:47:24 INFO]: Prepared spawn area in 1 ms
[19:47:24 INFO]: Done preparing level "world" (0.635s)
[19:47:24 INFO]: [spark] Starting background profiler...
[19:47:25 INFO]: Starting remote control listener
[19:47:25 INFO]: Thread RCON Listener started
[19:47:25 INFO]: RCON running on 0.0.0.0:25575
[19:47:25 INFO]: Saving chunks for level 'ServerLevel[world]'/minecraft:overworld
[19:47:25 INFO]: Saving chunks for level 'ServerLevel[world]'/minecraft:the_nether
[19:47:25 INFO]: Saving chunks for level 'ServerLevel[world]'/minecraft:the_end
[19:47:25 INFO]: Running delayed init tasks
[19:47:25 INFO]: Done (12.690s)! For help, type "help"
[19:47:30 INFO]: Thread RCON Client /192.0.2.1 started
[19:47:34 INFO]: System chat: [Rcon: Added gspffAlice to the whitelist]
[19:47:36 INFO]: System chat: [Rcon: Added gspffBob to the whitelist]
[19:47:39 INFO]: System chat: [Rcon: Made gspffAlice a server operator]
[19:47:43 INFO]: System chat: [Rcon: Banned gspffBob: Testing a ban]
[19:47:45 INFO]: System chat: [Rcon: Banned IP 203.0.113.7: Testing an IP ban]
[19:48:00 INFO]: System chat: [Rcon: Reloaded the whitelist]
[19:48:03 INFO]: System chat: [Rcon: Made gspffCarol a server operator]
[19:48:05 INFO]: System chat: [Rcon: Made gspffCarol no longer a server operator]
[19:48:10 INFO]: System chat: [Rcon: Whitelist is now turned on]
[19:48:12 INFO]: System chat: [Rcon: Whitelist is now turned off]
[19:48:17 INFO]: System chat: [Rcon: Unbanned gspffBob]
[19:48:18 INFO]: System chat: [Rcon: Unbanned IP 203.0.113.7]
[19:48:20 INFO]: System chat: [Rcon: Removed gspffBob from the whitelist]
[19:48:25 INFO]: Thread RCON Client /192.0.2.1 shutting down
[19:48:47 INFO]: Stopping server
[19:48:47 INFO]: Saving players
[19:48:47 INFO]: Saving worlds
[19:48:47 INFO]: Saving chunks for level 'ServerLevel[world]'/minecraft:overworld
[19:48:47 INFO]: [ChunkHolderManager] Waiting 60s for chunk system to halt for world 'minecraft:overworld'
[19:48:47 INFO]: [ChunkHolderManager] Halted chunk system for world 'minecraft:overworld'
[19:48:47 INFO]: [ChunkHolderManager] Saving all chunkholders for world 'minecraft:overworld'
[19:48:47 INFO]: [ChunkHolderManager] Saved 0 block chunks, 0 entity chunks, 0 poi chunks in world 'minecraft:overworld' in 0.00s
[19:48:47 INFO]: [ChunkHolderManager] Waiting 60s for chunk I/O to halt for world 'minecraft:overworld'
[19:48:47 INFO]: [ChunkHolderManager] Halted I/O scheduler for world 'minecraft:overworld'
[19:48:47 INFO]: Saving chunks for level 'ServerLevel[world]'/minecraft:the_nether
[19:48:47 INFO]: [ChunkHolderManager] Waiting 60s for chunk system to halt for world 'minecraft:the_nether'
[19:48:47 INFO]: [ChunkHolderManager] Halted chunk system for world 'minecraft:the_nether'
[19:48:47 INFO]: [ChunkHolderManager] Saving all chunkholders for world 'minecraft:the_nether'
[19:48:47 INFO]: [ChunkHolderManager] Saved 0 block chunks, 0 entity chunks, 0 poi chunks in world 'minecraft:the_nether' in 0.00s
[19:48:47 INFO]: [ChunkHolderManager] Waiting 60s for chunk I/O to halt for world 'minecraft:the_nether'
[19:48:47 INFO]: [ChunkHolderManager] Halted I/O scheduler for world 'minecraft:the_nether'
[19:48:47 INFO]: Saving chunks for level 'ServerLevel[world]'/minecraft:the_end
[19:48:47 INFO]: [ChunkHolderManager] Waiting 60s for chunk system to halt for world 'minecraft:the_end'
[19:48:47 INFO]: [ChunkHolderManager] Halted chunk system for world 'minecraft:the_end'
[19:48:47 INFO]: [ChunkHolderManager] Saving all chunkholders for world 'minecraft:the_end'
[19:48:47 INFO]: [ChunkHolderManager] Saved 0 block chunks, 0 entity chunks, 0 poi chunks in world 'minecraft:the_end' in 0.00s
[19:48:47 INFO]: [ChunkHolderManager] Waiting 60s for chunk I/O to halt for world 'minecraft:the_end'
[19:48:47 INFO]: [ChunkHolderManager] Halted I/O scheduler for world 'minecraft:the_end'
[19:48:47 INFO]: Waiting for all RegionFile I/O tasks to complete...
[19:48:47 INFO]: All RegionFile I/O tasks to complete
[19:48:47 INFO]: [MoonriseCommon] Awaiting termination of worker pool for up to 60s...
[19:48:47 INFO]: [MoonriseCommon] Awaiting termination of I/O pool for up to 60s...
