[19:48:47 INFO]: Stopping server
[19:48:47 INFO]: Saving players
[19:48:47 INFO]: Saving worlds
[19:48:47 INFO]: Saving chunks for level 'ServerLevel[world]'/minecraft:overworld
[19:48:47 INFO]: [ChunkHolderManager] Waiting 60s for chunk system to halt for world 'minecraft:overworld'
[19:48:47 INFO]: [ChunkHolderManager] Halted chunk system for world 'minecraft:overworld'
[19:48:47 INFO]: [ChunkHolderManager] Saving all chunkholders for world 'minecraft:overworld'
[19:48:47 INFO]: [ChunkHolderManager] Saved 0 block chunks, 0 entity chunks, 0 poi chunks in world 'minecraft:overworld' in 0.00s
[19:48:47 INFO]: [ChunkHolderManager] Waiting 60s for chunk I/O to halt for world 'minecraft:overworld'
[19:48:47 INFO]: [ChunkHolderManager] Halted I/O scheduler for world 'minecraft:overworld'
[19:48:47 INFO]: Saving chunks for level 'ServerLevel[world]'/minecraft:the_nether
[19:48:47 INFO]: [ChunkHolderManager] Waiting 60s for chunk system to halt for world 'minecraft:the_nether'
[19:48:47 INFO]: [ChunkHolderManager] Halted chunk system for world 'minecraft:the_nether'
[19:48:47 INFO]: [ChunkHolderManager] Saving all chunkholders for world 'minecraft:the_nether'
[19:48:47 INFO]: [ChunkHolderManager] Saved 0 block chunks, 0 entity chunks, 0 poi chunks in world 'minecraft:the_nether' in 0.00s
[19:48:47 INFO]: [ChunkHolderManager] Waiting 60s for chunk I/O to halt for world 'minecraft:the_nether'
[19:48:47 INFO]: [ChunkHolderManager] Halted I/O scheduler for world 'minecraft:the_nether'
[19:48:47 INFO]: Saving chunks for level 'ServerLevel[world]'/minecraft:the_end
[19:48:47 INFO]: [ChunkHolderManager] Waiting 60s for chunk system to halt for world 'minecraft:the_end'
[19:48:47 INFO]: [ChunkHolderManager] Halted chunk system for world 'minecraft:the_end'
[19:48:47 INFO]: [ChunkHolderManager] Saving all chunkholders for world 'minecraft:the_end'
[19:48:47 INFO]: [ChunkHolderManager] Saved 0 block chunks, 0 entity chunks, 0 poi chunks in world 'minecraft:the_end' in 0.00s
[19:48:47 INFO]: [ChunkHolderManager] Waiting 60s for chunk I/O to halt for world 'minecraft:the_end'
[19:48:47 INFO]: [ChunkHolderManager] Halted I/O scheduler for world 'minecraft:the_end'
[19:48:47 INFO]: Waiting for all RegionFile I/O tasks to complete...
[19:48:47 INFO]: All RegionFile I/O tasks to complete
[19:48:47 INFO]: [MoonriseCommon] Awaiting termination of worker pool for up to 60s...
[19:48:47 INFO]: [MoonriseCommon] Awaiting termination of I/O pool for up to 60s...
