[20:05:36 INFO]: System chat: [Rcon: Stopping the server]
[20:05:36 INFO]: Stopping server
[20:05:36 INFO]: Saving players
[20:05:36 INFO]: gspffDave lost connection: Server closed
[20:05:36 INFO]: System chat: gspffDave left the game
[20:05:36 INFO]: Saving worlds
[20:05:36 INFO]: Saving chunks for level 'ServerLevel[world]'/minecraft:overworld
[20:05:36 INFO]: [ChunkHolderManager] Waiting 60s for chunk system to halt for world 'minecraft:overworld'
[20:05:36 INFO]: [ChunkHolderManager] Halted chunk system for world 'minecraft:overworld'
[20:05:36 INFO]: [ChunkHolderManager] Saving all chunkholders for world 'minecraft:overworld'
[20:05:36 INFO]: [ChunkHolderManager] Saved 312 block chunks, 312 entity chunks, 0 poi chunks in world 'minecraft:overworld' in 0.27s
[20:05:36 INFO]: [ChunkHolderManager] Waiting 60s for chunk I/O to halt for world 'minecraft:overworld'
[20:05:36 INFO]: [ChunkHolderManager] Halted I/O scheduler for world 'minecraft:overworld'
[20:05:36 INFO]: Saving chunks for level 'ServerLevel[world]'/minecraft:the_nether
[20:05:36 INFO]: [ChunkHolderManager] Waiting 60s for chunk system to halt for world 'minecraft:the_nether'
[20:05:36 INFO]: [ChunkHolderManager] Halted chunk system for world 'minecraft:the_nether'
[20:05:36 INFO]: [ChunkHolderManager] Saving all chunkholders for world 'minecraft:the_nether'
[20:05:36 INFO]: [ChunkHolderManager] Saved 0 block chunks, 0 entity chunks, 0 poi chunks in world 'minecraft:the_nether' in 0.00s
[20:05:36 INFO]: [ChunkHolderManager] Waiting 60s for chunk I/O to halt for world 'minecraft:the_nether'
[20:05:36 INFO]: [ChunkHolderManager] Halted I/O scheduler for world 'minecraft:the_nether'
[20:05:36 INFO]: Saving chunks for level 'ServerLevel[world]'/minecraft:the_end
[20:05:36 INFO]: [ChunkHolderManager] Waiting 60s for chunk system to halt for world 'minecraft:the_end'
[20:05:36 INFO]: [ChunkHolderManager] Halted chunk system for world 'minecraft:the_end'
[20:05:36 INFO]: [ChunkHolderManager] Saving all chunkholders for world 'minecraft:the_end'
[20:05:36 INFO]: [ChunkHolderManager] Saved 0 block chunks, 0 entity chunks, 0 poi chunks in world 'minecraft:the_end' in 0.00s
[20:05:36 INFO]: [ChunkHolderManager] Waiting 60s for chunk I/O to halt for world 'minecraft:the_end'
[20:05:36 INFO]: [ChunkHolderManager] Halted I/O scheduler for world 'minecraft:the_end'
[20:05:36 INFO]: Waiting for all RegionFile I/O tasks to complete...
[20:05:36 INFO]: All RegionFile I/O tasks to complete
[20:05:36 INFO]: [MoonriseCommon] Awaiting termination of worker pool for up to 60s...
[20:05:36 INFO]: [MoonriseCommon] Awaiting termination of I/O pool for up to 60s...
