# argv: ["/opt/game/bin/AvorionServer","--galaxy-name","gspffgalaxy","--datapath","/data","--server-name","gspff test","--port","27000","--send-crash-reports","false"]
# cwd: /opt/game
Enabled Traces: 
Avorion server 2.5.13 0417ab29738c running on Debian GNU/Linux 13 (trixie) starting up in "/data/gspffgalaxy"
Version Hash: 5381909983546055243
CPU: <host CPU>
RAM: <host RAM>

Server version, as listed publicly: 2.5.13.44140
[stderr] [S_API] SteamAPI_Init(): Loaded local 'steamclient.so' OK.
[stderr] Setting breakpad minidump AppID = 445220
[stderr] SteamInternal_SetMinidumpSteamID:  Caching Steam ID:  76561198000000001 [API loaded no]
Server failed to connect to Steam
Server failed to connect to Steam
Server failed to connect to Steam
Server failed to connect to Steam
Server failed to connect to Steam
[stderr] Error while initializing Steam networking: No response from Steam Network after over 30 seconds
The server will not be authenticated via Steam and won't show up in public server lists.
WARNING: The fallback TCP/UDP protocols are deprecated and potentially UNSAFE!
         If you're running a dedicated server, this is HIGHLY discouraged!
         Use steam networking instead; Enable with --use-steam-networking 1
Warning: No RCON password set. RCON disabled.
Found 0 mods in "/data/gspffgalaxy/modconfig.lua".
name: gspff test
seed: yY9FTn3A3A
port: 27000
max online players: 8
save interval: 30
broadcast interval: 5
max loaded sector time: 300
weak update: yes
worker threads: 9
generator threads: 2
script background threads: 2
difficulty: Veteran
scenario: Normal
tutorial: no
collision: 1
access list: Blacklist
multiplayer: yes
vac secure: yes
listed: yes
steam networking: yes
send crash reports: no
Backup creation enabled. Path: "/data/avorion-backups"
Please ensure that the server has write-access to that path.
administrators: 
Warning: Your server does not have an administrator assigned.
Commands file: /data/gspffgalaxy/commands.txt
Initializing sector database...
Initializing faction database...
Starting up 9 worker threads...
Starting up 2 script background threads...
Loading groups...
Loading script data...
Galaxy initialized.
Server startup complete.
Cleaning up entity transfers ...
Server is shutting down.
Saving settings...
Saving script values...
Saving factions...
Saving sectors...
Saving groups...
Saving galaxy script data...
Saving settings...
waiting for unfinished sector generation jobs...
waiting for unfinished sector save jobs...
shutting down rcon...
shutting down networking...
cleaning up communicators...
waiting for sector database termination...
waiting for faction database termination...
shutting down galaxy...
shutting down faction database...
shutting down sector database...
cleaning up timers...
Server shutdown successful.
