# argv: ["/opt/game/valheim_server.x86_64","-nographics","-batchmode","-name","gspff test","-port","2456","-world","gspffworld","-password","<redacted>","-public","0","-savedir","/data","-crossplay"]
# cwd: /opt/game
[UnityMemory] Configuration Parameters - Can be set up in boot.config
    "memorysetup-bucket-allocator-granularity=16"
    "memorysetup-bucket-allocator-bucket-count=8"
    "memorysetup-bucket-allocator-block-size=4194304"
    "memorysetup-bucket-allocator-block-count=1"
    "memorysetup-main-allocator-block-size=16777216"
    "memorysetup-thread-allocator-block-size=16777216"
    "memorysetup-gfx-main-allocator-block-size=16777216"
    "memorysetup-gfx-thread-allocator-block-size=16777216"
    "memorysetup-cache-allocator-block-size=4194304"
    "memorysetup-typetree-allocator-block-size=2097152"
    "memorysetup-profiler-bucket-allocator-granularity=16"
    "memorysetup-profiler-bucket-allocator-bucket-count=8"
    "memorysetup-profiler-bucket-allocator-block-size=4194304"
    "memorysetup-profiler-bucket-allocator-block-count=1"
    "memorysetup-profiler-allocator-block-size=16777216"
    "memorysetup-profiler-editor-allocator-block-size=1048576"
    "memorysetup-temp-allocator-size-main=4194304"
    "memorysetup-job-temp-allocator-block-size=2097152"
    "memorysetup-job-temp-allocator-block-size-background=1048576"
    "memorysetup-job-temp-allocator-reduction-small-platforms=262144"
    "memorysetup-allocator-temp-initial-block-size-main=262144"
    "memorysetup-allocator-temp-initial-block-size-worker=262144"
    "memorysetup-temp-allocator-size-background-worker=32768"
    "memorysetup-temp-allocator-size-job-worker=262144"
    "memorysetup-temp-allocator-size-preload-manager=262144"
    "memorysetup-temp-allocator-size-nav-mesh-worker=65536"
    "memorysetup-temp-allocator-size-audio-worker=65536"
    "memorysetup-temp-allocator-size-cloud-worker=32768"
    "memorysetup-temp-allocator-size-gfx=262144"
Mono path[0] = '/opt/game/valheim_server_Data/Managed'
Mono config path = '/opt/game/valheim_server_Data/MonoBleedingEdge/etc'
Input System module state changed to: Initialized.
[Physics::Module] Initialized fallback backend.
[Physics::Module] Id: 0xdecafbad
Initialize engine version: 6000.0.75f1 (26349cd2a5c8)
[Subsystems] Discovering subsystems at path /opt/game/valheim_server_Data/UnitySubsystems
Forcing GfxDevice: Null
GfxDevice: creating device client; kGfxThreadingModeNonThreaded
NullGfxDevice:
    Version:  NULL 1.0 [1.0]
    Renderer: Null Device
    Vendor:   Unity Technologies
Begin MonoManager ReloadAssembly
- Loaded All Assemblies, in  0.131 seconds
- Finished resetting the current domain, in  0.003 seconds
[Physics::Module] Selected backend.
[Physics::Module] Name: PhysX
[Physics::Module] Id: 0xf2b8ea05
[Physics::Module] SDK Version: 4.1.2
[Physics::Module] Integration Version: 1.0.0
[Physics::Module] Threading Mode: Multi-Threaded
UnloadTime: 0.591850 ms
10/01/2026 16:02:29: Set background loading budget to Low
10/01/2026 16:02:29: Loading first scene!
10/01/2026 16:02:29: Preferences initialized! Activating first scene!
Unloading 4 Unused Serialized files (Serialized files now loaded: 8)
UnloadTime: 0.099994 ms
10/01/2026 16:02:30: Loading: Starting to load scene: start.unity (169d7618616154c03be07e9ad3af5893)
10/01/2026 16:02:30: Set background loading budget to Normal
10/01/2026 16:02:30: Loaded localization file #0 - 'localization' language: 'English'
10/01/2026 16:02:30: Loaded localization file #1 - 'localization_extra' language: 'English'
10/01/2026 16:02:30: Loaded localization file #2 - 'heightmap_message' language: 'English'
10/01/2026 16:02:30: Loaded localization file #3 - 'localization_witch' language: 'English'
10/01/2026 16:02:30: Loaded localization file #4 - 'localization_ashlands' language: 'English'
10/01/2026 16:02:30: Loaded localization file #5 - 'localization_deepnorth' language: 'English'
10/01/2026 16:02:30: Loaded localization file #6 - 'localization_captions' language: 'English'
10/01/2026 16:02:30: Loaded localization file #7 - 'localization_warriortitles' language: 'English'
10/01/2026 16:02:30: Loaded localization file #8 - 'localization_combatupdate' language: 'English'
10/01/2026 16:02:30: Loaded localization file #9 - 'localization_ps' language: 'English'
10/01/2026 16:02:30: Loaded localization file #10 - 'localization_celebrationupdate' language: 'English'
10/01/2026 16:02:30: Loaded localization file #11 - 'localization_xbox' language: 'English'
10/01/2026 16:02:30: Loaded localization file #12 - 'localization_switch' language: 'English'
Unloading 26 unused Assets to reduce memory usage. Loaded Objects now: 3044.
Total: 4.826947 ms (FindLiveObjects: 0.172437 ms CreateObjectMapping: 0.061193 ms MarkObjects: 4.513891 ms  DeleteObjects: 0.078865 ms)

The referenced script on this Behaviour (Game Object '<null>') is missing!
The referenced script on this Behaviour (Game Object '') is missing!
10/01/2026 16:02:34: Set background loading budget to High
10/01/2026 16:02:34: GPU Device: 0000:0000 (Unknown)
AsyncResourceUpload failed.
AsyncResourceUpload failed.
The referenced script on this Behaviour (Game Object '') is missing!
The referenced script on this Behaviour (Game Object '') is missing!
The referenced script on this Behaviour (Game Object '<null>') is missing!
The referenced script on this Behaviour (Game Object '<null>') is missing!
Unloading 2 Unused Serialized files (Serialized files now loaded: 19)
10/01/2026 16:02:39: Loading: Done, Total time: -9.094994
10/01/2026 16:02:57: Set background loading budget to Low
UnloadTime: 12.471633 ms
HDR Render Texture not supported, disabling HDR on reflection probe.
This custom render path shader needs to have at least 1 passes.
Could not find material Hidden/VideoDecode. Make sure the Video shaders are included in your build, in the Built-in Shader Settings section of the Graphics Settings.
Could not find video decode shader pass YCbCr_To_RGB1 in shader <not found>
Could not find video decode shader pass YCbCrA_To_RGBAFull in shader <not found>
Could not find video decode shader pass YCbCrA_To_RGBA in shader <not found>
Could not find video decode shader pass Flip_RGBA_To_RGBA in shader <not found>
Could not find video decode shader pass Flip_RGBASplit_To_RGBA in shader <not found>
This custom render path shader needs to have at least 1 passes.
Could not find material Hidden/VideoComposite. Make sure the Video shaders are included in your build, in the Built-in Shader Settings section of the Graphics Settings.
Could not find video decode shader pass Default in shader <not found>
10/01/2026 16:02:57: Missing audio clip in music respawn
OnGUI function detected on MonoBehaviour, but not called, because IMGUI module is stripped.
10/01/2026 16:02:57: Setting -savedir to: /data
10/01/2026 16:02:57: Get create world gspffworld
10/01/2026 16:02:57: SaveSystem.Reload for World is done [70ms]
10/01/2026 16:02:57: Using environment steamid 892970
10/01/2026 16:02:57: Using steam APPID:892970
[stderr] [S_API] SteamAPI_Init(): Loaded local 'steamclient.so' OK.
[stderr] Setting breakpad minidump AppID = 892970
[stderr] SteamInternal_SetMinidumpSteamID:  Caching Steam ID:  76561198000000001 [API loaded no]
[stderr] [S_API FAIL] Tried to access Steam interface SteamNetworkingUtils004 before SteamAPI_Init succeeded.
10/01/2026 16:02:59: Server ID 90071992547409920
10/01/2026 16:02:59: Authentication:k_ESteamNetworkingAvailability_Waiting
10/01/2026 16:02:59: Steam game server initialized
10/01/2026 16:02:59: Valheim version: l-1.0.16 (network version 40)
10/01/2026 16:02:59: Worldgenerator version setup:2
10/01/2026 16:02:59: Console: Valheim l-1.0.16 (network version 40)
10/01/2026 16:02:59: Console: 
10/01/2026 16:02:59: Console: type "help" - for commands
10/01/2026 16:02:59: Console: 
10/01/2026 16:02:59: Render threading mode:SingleThreaded
OnGUI function detected on MonoBehaviour, but not called, because IMGUI module is stripped.
[AmplifyOcclusion] System does not support CopyTexture. CacheAware will be disabled.
10/01/2026 16:02:59: Builder started
10/01/2026 16:02:59: SaveSystem.Reload for Character is done [0ms]
10/01/2026 16:02:59: Failed to play intro cinematic
10/01/2026 16:02:59: Sending PlayFab login request (attempt 1)
10/01/2026 16:02:59: Login postponed until ID has been set.
The shader Hidden/Dof/DepthOfFieldHdr (UnityEngine.Shader) on effect Main Camera (UnityStandardAssets.ImageEffects.DepthOfField) is not supported on this platform!
The image effect Main Camera (UnityStandardAssets.ImageEffects.DepthOfField) has been disabled as it's not supported on the current platform.
The shader Hidden/SunShaftsComposite (UnityEngine.Shader) on effect Main Camera (UnityStandardAssets.ImageEffects.SunShafts) is not supported on this platform!
The shader Hidden/SimpleClear (UnityEngine.Shader) on effect Main Camera (UnityStandardAssets.ImageEffects.SunShafts) is not supported on this platform!
The image effect Main Camera (UnityStandardAssets.ImageEffects.SunShafts) has been disabled as it's not supported on the current platform.
10/01/2026 16:02:59: Starting music menu
Unloading 106004 unused Assets to reduce memory usage. Loaded Objects now: 276702.
Total: 325.604132 ms (FindLiveObjects: 39.992030 ms CreateObjectMapping: 80.292294 ms MarkObjects: 146.817444 ms  DeleteObjects: 58.500901 ms)

The referenced script on this Behaviour (Game Object '<null>') is missing!
The referenced script on this Behaviour (Game Object '<null>') is missing!
The referenced script on this Behaviour (Game Object '<null>') is missing!
The referenced script on this Behaviour (Game Object '<null>') is missing!
The referenced script on this Behaviour (Game Object '<null>') is missing!
The referenced script on this Behaviour (Game Object '<null>') is missing!
The referenced script on this Behaviour (Game Object '<null>') is missing!
Unloading 3 Unused Serialized files (Serialized files now loaded: 22)
UnloadTime: 30.964672 ms
HDR Render Texture not supported, disabling HDR on reflection probe.
HDR Render Texture not supported, disabling HDR on reflection probe.
10/01/2026 16:03:00: Audioman already exist, destroying self
OnGUI function detected on MonoBehaviour, but not called, because IMGUI module is stripped.
10/01/2026 16:03:00: Console: Valheim l-1.0.16 (network version 40)
10/01/2026 16:03:00: Console: 
10/01/2026 16:03:00: Console: type "help" - for commands
10/01/2026 16:03:00: Console: 
10/01/2026 16:03:00: isModded: False
10/01/2026 16:03:00: Zonesystem Awake 18500
10/01/2026 16:03:00: DungeonDB Awake 18500
10/01/2026 16:03:00: Worldgenerator version setup:2
OnGUI function detected on MonoBehaviour, but not called, because IMGUI module is stripped.
10/01/2026 16:03:04: Console: /w [text] - Whisper
10/01/2026 16:03:04: Console: /s [text] - Shout
10/01/2026 16:03:04: Console: /die - Kill yourself
10/01/2026 16:03:04: Console: /resetspawn - Reset spawn point
10/01/2026 16:03:04: Console: /[emote]
10/01/2026 16:03:04: Console: Emotes: wave, sit, challenge, cheer, nonono, thumbsup, point, blowkiss, bow, cower, cry, despair, flex, comehere, headbang, kneel, laugh, roar, shrug, dance, relax, toast, rest, vibe, loveyou
10/01/2026 16:03:04: Console: 
[AmplifyOcclusion] System does not support CopyTexture. CacheAware will be disabled.
Unloading 302 unused Assets to reduce memory usage. Loaded Objects now: 277343.
Total: 258.707336 ms (FindLiveObjects: 38.629218 ms CreateObjectMapping: 42.768141 ms MarkObjects: 176.100850 ms  DeleteObjects: 1.207283 ms)

10/01/2026 16:03:05: Zonesystem Start 18500
10/01/2026 16:03:05: Added 3 locations, 0 vegetations, 0 environments, 0 biome env-setups, 0 clutter  from main
10/01/2026 16:03:05: Added 2 locations, 0 vegetations, 2 environments, 0 biome env-setups, 0 clutter  from main
10/01/2026 16:03:05: Added 27 locations, 25 vegetations, 5 environments, 1 biome env-setups, 3 clutter  from main
10/01/2026 16:03:05: Added 4 locations, 0 vegetations, 1 environments, 0 biome env-setups, 0 clutter  from main
10/01/2026 16:03:05: Added 25 locations, 33 vegetations, 8 environments, 2 biome env-setups, 2 clutter  from main
10/01/2026 16:03:05: Added 25 locations, 35 vegetations, 12 environments, 1 biome env-setups, 2 clutter  from main
10/01/2026 16:03:05: DungeonDB Start 18500
10/01/2026 16:03:05: ZRpc timeout set to 30s 
10/01/2026 16:03:05: Loading: ZNet Start
10/01/2026 16:03:05: ZNet.LoadWorld: gspffworld (gspffworld), save number 14
10/01/2026 16:03:05: ZoneSystem.Load => DB2: unpacking compressed data 145,610 => 208,319 bytes
10/01/2026 16:03:05: ZoneSystem.Load => Loaded 12,234 locations
10/01/2026 16:03:05: ZDOMan.LoadChunks - Starting to load 85 zdos from 1 Chunks. SessionID: 1104951355, WorldVersion: 41 [DeepNorth]
10/01/2026 16:03:05: ZDOMan.LoadChunks => Loading ZDOs done [14ms]
10/01/2026 16:03:05: ZDOMan.LoadChunks => Adding ZDOs to Dictionary done [1ms]
10/01/2026 16:03:05: ZDOMan.LoadChunks => Adding ZDOs to Sectors done [0ms]
10/01/2026 16:03:05: ZDOMan.LoadChunks => Connecting Portals done [1ms]
10/01/2026 16:03:05: ZDOMan.LoadChunks => Connecting Spawners done [0ms]
10/01/2026 16:03:05: ZDOMan.LoadChunks => Connecting SyncTransforms done [0ms]
10/01/2026 16:03:05: ZDOMan.LoadChunks done [21ms]
10/01/2026 16:03:05: Checking for any blocked players in the historical player list...
10/01/2026 16:03:05: Unloading unused assets
Unloading 1 Unused Serialized files (Serialized files now loaded: 22)
10/01/2026 16:03:13: PlayFab custom ID set to "PlayFab_gspff test_2456_<hash>"
10/01/2026 16:03:13: Sending PlayFab login request (attempt 2)
10/01/2026 16:03:13: Semaphore type: ManualResetEventSlim
10/01/2026 16:03:13: Opened PlayFab server
The shader Hidden/Dof/DepthOfFieldHdr (UnityEngine.Shader) on effect Main Camera (UnityStandardAssets.ImageEffects.DepthOfField) is not supported on this platform!
The image effect Main Camera (UnityStandardAssets.ImageEffects.DepthOfField) has been disabled as it's not supported on the current platform.
The shader Hidden/SunShaftsComposite (UnityEngine.Shader) on effect Main Camera (UnityStandardAssets.ImageEffects.SunShafts) is not supported on this platform!
The shader Hidden/SimpleClear (UnityEngine.Shader) on effect Main Camera (UnityStandardAssets.ImageEffects.SunShafts) is not supported on this platform!
The image effect Main Camera (UnityStandardAssets.ImageEffects.SunShafts) has been disabled as it's not supported on the current platform.
10/01/2026 16:03:13: Game server connected
Unloading 2 unused Assets to reduce memory usage. Loaded Objects now: 277320.
Total: 149.599946 ms (FindLiveObjects: 23.094752 ms CreateObjectMapping: 32.974738 ms MarkObjects: 92.766138 ms  DeleteObjects: 0.763406 ms)

[AmplifyOcclusion] GBuffer Normals only available in Camera Deferred Shading mode. Switched to Camera source.
10/01/2026 16:03:14: Logged in PlayFab user via custom ID
10/01/2026 16:03:14: PlayFab logged in as "PlayFab_gspff test_2456_<hash>"
10/01/2026 16:03:14: PlayFab local entity ID is <entity id>
IPv4, returning 192.0.2.1:2456
10/01/2026 16:03:14: New session server "gspff test" that has join code , now 0 player(s)
10/01/2026 16:03:14: Register PlayFab server "gspff test" with IP 192.0.2.1:2456
10/01/2026 16:03:14: Server 'gspff test' begin PlayFab create and join network for server 
10/01/2026 16:03:16: Joined PlayFab Party network with ID "<network id>"
This is the serverIP used to register the server: 192.0.2.1:2456
10/01/2026 16:03:16: Created PlayFab lobby with ID "<lobby id>", ConnectionString "<connection string>" and owned by "<entity id>"
10/01/2026 16:03:16: Session "gspff test" registered with join code 123456
10/01/2026 16:03:16: Retry join-code check 99
10/01/2026 16:03:18: Retry join-code check 98
10/01/2026 16:03:19: Session "gspff test" with join code 123456 and IP 192.0.2.1:2456 is active with 0 player(s)
10/01/2026 16:06:25: Game - OnApplicationQuit
10/01/2026 16:06:25: Available space to current user: <free bytes>. Saving is blocked if below: <bytes> bytes. Warnings are given if below: <bytes>
10/01/2026 16:06:25: Shutting down
10/01/2026 16:06:25: ZNet Shutdown
10/01/2026 16:06:25: GetSaveClonePerChunk. Calculated number of actual chunk files: 1  Number of dirty chunks to save: 1 [4ms]
10/01/2026 16:06:25: PrepareSave: ZDOExtraData.PrepareSave done [11ms]
10/01/2026 16:06:25:  ### Save World Thread Started! ### 
10/01/2026 16:06:25: Considering autobackup for World. World time: 191.2999, short time: 7200, long time: 43200, backup count: 4
10/01/2026 16:06:25: Skipping backup. World session not long enough.
10/01/2026 16:06:25: World save (1/5) Cloud & Backup checks done [1ms] => Save number 15
10/01/2026 16:06:25: World save (2/5) Chunks writing done [31ms]
10/01/2026 16:06:25: World save (3/5) DB2 writing done [30ms]
10/01/2026 16:06:25: World save (4/5) FWL writing done [6ms]
10/01/2026 16:06:25: World save (5/5) done. Total time [86ms]
10/01/2026 16:06:25: Unloading unused assets
Unloading 0 Unused Serialized files (Serialized files now loaded: 22)
10/01/2026 16:06:25: Sending disconnect msg
ZPlayFabMatchmaking::UnregisterServer - unregistering server now. State: Active
10/01/2026 16:06:25: Unregister PlayFab server "gspff test" and leaving network "<network id>"
ZPlayFabSocket::Dispose. State: LISTEN
ZPlayFabSocket::Dispose. leave lobby. LobbyId: 
ZPlayFabSocket::Dispose. State: CLOSED
10/01/2026 16:06:25: Stopping build thread
Unloading 1 unused Assets to reduce memory usage. Loaded Objects now: 279648.
Total: 188.375243 ms (FindLiveObjects: 27.703734 ms CreateObjectMapping: 55.640647 ms MarkObjects: 104.086905 ms  DeleteObjects: 0.942355 ms)

10/01/2026 16:06:28: ZNet OnDestroy
10/01/2026 16:06:28: Net scene destroyed
10/01/2026 16:06:28: Steam manager on destroy
[Physics::Module] Cleanup current backned.
[Physics::Module] Id: 0xf2b8ea05
Input System module state changed to: ShutdownInProgress.
Input System polling thread exited.
Input System module state changed to: Shutdown.
