# argv: ["/opt/game/valheim_server.x86_64","-nographics","-batchmode","-name","gspff test","-port","2456","-world","gspffworld","-password","<redacted>","-public","0","-savedir","/data"]
# cwd: /opt/game
[UnityMemory] Configuration Parameters - Can be set up in boot.config
    "memorysetup-bucket-allocator-granularity=16"
    "memorysetup-bucket-allocator-bucket-count=8"
    "memorysetup-bucket-allocator-block-size=4194304"
    "memorysetup-bucket-allocator-block-count=1"
    "memorysetup-main-allocator-block-size=16777216"
    "memorysetup-thread-allocator-block-size=16777216"
    "memorysetup-gfx-main-allocator-block-size=16777216"
    "memorysetup-gfx-thread-allocator-block-size=16777216"
    "memorysetup-cache-allocator-block-size=4194304"
    "memorysetup-typetree-allocator-block-size=2097152"
    "memorysetup-profiler-bucket-allocator-granularity=16"
    "memorysetup-profiler-bucket-allocator-bucket-count=8"
    "memorysetup-profiler-bucket-allocator-block-size=4194304"
    "memorysetup-profiler-bucket-allocator-block-count=1"
    "memorysetup-profiler-allocator-block-size=16777216"
    "memorysetup-profiler-editor-allocator-block-size=1048576"
    "memorysetup-temp-allocator-size-main=4194304"
    "memorysetup-job-temp-allocator-block-size=2097152"
    "memorysetup-job-temp-allocator-block-size-background=1048576"
    "memorysetup-job-temp-allocator-reduction-small-platforms=262144"
    "memorysetup-allocator-temp-initial-block-size-main=262144"
    "memorysetup-allocator-temp-initial-block-size-worker=262144"
    "memorysetup-temp-allocator-size-background-worker=32768"
    "memorysetup-temp-allocator-size-job-worker=262144"
    "memorysetup-temp-allocator-size-preload-manager=262144"
    "memorysetup-temp-allocator-size-nav-mesh-worker=65536"
    "memorysetup-temp-allocator-size-audio-worker=65536"
    "memorysetup-temp-allocator-size-cloud-worker=32768"
    "memorysetup-temp-allocator-size-gfx=262144"
Mono path[0] = '/opt/game/valheim_server_Data/Managed'
Mono config path = '/opt/game/valheim_server_Data/MonoBleedingEdge/etc'
Failed to open plugin: /opt/game/valheim_server_Data/Plugins/libparty.so
Input System module state changed to: Initialized.
[Physics::Module] Initialized fallback backend.
[Physics::Module] Id: 0xdecafbad
Initialize engine version: 6000.0.75f1 (26349cd2a5c8)
[Subsystems] Discovering subsystems at path /opt/game/valheim_server_Data/UnitySubsystems
Forcing GfxDevice: Null
GfxDevice: creating device client; kGfxThreadingModeNonThreaded
NullGfxDevice:
    Version:  NULL 1.0 [1.0]
    Renderer: Null Device
    Vendor:   Unity Technologies
Begin MonoManager ReloadAssembly
- Loaded All Assemblies, in  0.149 seconds
- Finished resetting the current domain, in  0.004 seconds
[Physics::Module] Selected backend.
[Physics::Module] Name: PhysX
[Physics::Module] Id: 0xf2b8ea05
[Physics::Module] SDK Version: 4.1.2
[Physics::Module] Integration Version: 1.0.0
[Physics::Module] Threading Mode: Multi-Threaded
UnloadTime: 0.671927 ms
10/01/2026 16:10:12: Set background loading budget to Low
10/01/2026 16:10:12: Loading first scene!
10/01/2026 16:10:12: Preferences initialized! Activating first scene!
Unloading 4 Unused Serialized files (Serialized files now loaded: 8)
UnloadTime: 0.171716 ms
10/01/2026 16:10:13: Loading: Starting to load scene: start.unity (169d7618616154c03be07e9ad3af5893)
10/01/2026 16:10:13: Set background loading budget to Normal
10/01/2026 16:10:13: Loaded localization file #0 - 'localization' language: 'English'
10/01/2026 16:10:13: Loaded localization file #1 - 'localization_extra' language: 'English'
10/01/2026 16:10:13: Loaded localization file #2 - 'heightmap_message' language: 'English'
10/01/2026 16:10:13: Loaded localization file #3 - 'localization_witch' language: 'English'
10/01/2026 16:10:13: Loaded localization file #4 - 'localization_ashlands' language: 'English'
10/01/2026 16:10:13: Loaded localization file #5 - 'localization_deepnorth' language: 'English'
10/01/2026 16:10:13: Loaded localization file #6 - 'localization_captions' language: 'English'
10/01/2026 16:10:13: Loaded localization file #7 - 'localization_warriortitles' language: 'English'
10/01/2026 16:10:13: Loaded localization file #8 - 'localization_combatupdate' language: 'English'
10/01/2026 16:10:13: Loaded localization file #9 - 'localization_ps' language: 'English'
10/01/2026 16:10:13: Loaded localization file #10 - 'localization_celebrationupdate' language: 'English'
10/01/2026 16:10:13: Loaded localization file #11 - 'localization_xbox' language: 'English'
10/01/2026 16:10:13: Loaded localization file #12 - 'localization_switch' language: 'English'
Unloading 26 unused Assets to reduce memory usage. Loaded Objects now: 3044.
Total: 5.170365 ms (FindLiveObjects: 0.190400 ms CreateObjectMapping: 0.060251 ms MarkObjects: 4.828446 ms  DeleteObjects: 0.090887 ms)

The referenced script on this Behaviour (Game Object '<null>') is missing!
10/01/2026 16:10:17: Set background loading budget to High
10/01/2026 16:10:17: GPU Device: 0000:0000 (Unknown)
The referenced script on this Behaviour (Game Object '') is missing!
AsyncResourceUpload failed.
AsyncResourceUpload failed.
The referenced script on this Behaviour (Game Object '') is missing!
The referenced script on this Behaviour (Game Object '') is missing!
The referenced script on this Behaviour (Game Object '<null>') is missing!
The referenced script on this Behaviour (Game Object '<null>') is missing!
Unloading 2 Unused Serialized files (Serialized files now loaded: 19)
10/01/2026 16:10:23: Loading: Done, Total time: -10.02866
10/01/2026 16:10:42: Set background loading budget to Low
UnloadTime: 14.581007 ms
HDR Render Texture not supported, disabling HDR on reflection probe.
This custom render path shader needs to have at least 1 passes.
Could not find material Hidden/VideoDecode. Make sure the Video shaders are included in your build, in the Built-in Shader Settings section of the Graphics Settings.
Could not find video decode shader pass YCbCr_To_RGB1 in shader <not found>
Could not find video decode shader pass YCbCrA_To_RGBAFull in shader <not found>
Could not find video decode shader pass YCbCrA_To_RGBA in shader <not found>
Could not find video decode shader pass Flip_RGBA_To_RGBA in shader <not found>
Could not find video decode shader pass Flip_RGBASplit_To_RGBA in shader <not found>
This custom render path shader needs to have at least 1 passes.
Could not find material Hidden/VideoComposite. Make sure the Video shaders are included in your build, in the Built-in Shader Settings section of the Graphics Settings.
Could not find video decode shader pass Default in shader <not found>
10/01/2026 16:10:42: Missing audio clip in music respawn
OnGUI function detected on MonoBehaviour, but not called, because IMGUI module is stripped.
10/01/2026 16:10:42: Setting -savedir to: /data
10/01/2026 16:10:42: Get create world gspffworld
10/01/2026 16:10:42: SaveSystem.Reload for World is done [57ms]
10/01/2026 16:10:42: Using environment steamid 892970
10/01/2026 16:10:42: Using steam APPID:892970
[stderr] [S_API] SteamAPI_Init(): Loaded local 'steamclient.so' OK.
[stderr] Setting breakpad minidump AppID = 892970
[stderr] SteamInternal_SetMinidumpSteamID:  Caching Steam ID:  76561198000000001 [API loaded no]
[stderr] [S_API FAIL] Tried to access Steam interface SteamNetworkingUtils004 before SteamAPI_Init succeeded.
10/01/2026 16:10:42: Server ID 90071992547409920
10/01/2026 16:10:42: Authentication:k_ESteamNetworkingAvailability_Waiting
10/01/2026 16:10:42: Steam game server initialized
10/01/2026 16:10:42: Valheim version: l-1.0.16 (network version 40)
10/01/2026 16:10:42: Worldgenerator version setup:2
10/01/2026 16:10:42: Console: Valheim l-1.0.16 (network version 40)
10/01/2026 16:10:42: Console: 
10/01/2026 16:10:42: Console: type "help" - for commands
10/01/2026 16:10:42: Console: 
10/01/2026 16:10:42: Render threading mode:SingleThreaded
OnGUI function detected on MonoBehaviour, but not called, because IMGUI module is stripped.
[AmplifyOcclusion] System does not support CopyTexture. CacheAware will be disabled.
10/01/2026 16:10:42: Builder started
10/01/2026 16:10:43: SaveSystem.Reload for Character is done [0ms]
10/01/2026 16:10:43: Failed to play intro cinematic
10/01/2026 16:10:43: Sending PlayFab login request (attempt 1)
10/01/2026 16:10:43: Login postponed until ID has been set.
The shader Hidden/Dof/DepthOfFieldHdr (UnityEngine.Shader) on effect Main Camera (UnityStandardAssets.ImageEffects.DepthOfField) is not supported on this platform!
The image effect Main Camera (UnityStandardAssets.ImageEffects.DepthOfField) has been disabled as it's not supported on the current platform.
The shader Hidden/SunShaftsComposite (UnityEngine.Shader) on effect Main Camera (UnityStandardAssets.ImageEffects.SunShafts) is not supported on this platform!
The shader Hidden/SimpleClear (UnityEngine.Shader) on effect Main Camera (UnityStandardAssets.ImageEffects.SunShafts) is not supported on this platform!
The image effect Main Camera (UnityStandardAssets.ImageEffects.SunShafts) has been disabled as it's not supported on the current platform.
DllNotFoundException: libParty.so assembly:<unknown assembly> type:<unknown type> member:(null)
  at (wrapper managed-to-native) PartyCSharpSDK.Interop.PFPInterop.PartyInitialize(byte[],PartyCSharpSDK.Interop.PARTY_HANDLE&)
  at PartyCSharpSDK.SDK.PartyInitialize (System.String titleId, PartyCSharpSDK.PARTY_HANDLE& handle) [0x00006] in <404aa553a35d4dcb8f3cef585dce8643>:0 
  at PlayFab.Party.PlayFabMultiplayerManager.InitializeImpl () [0x000c4] in <404aa553a35d4dcb8f3cef585dce8643>:0 
  at PlayFab.Party.PlayFabMultiplayerManager._Initialize () [0x0000a] in <404aa553a35d4dcb8f3cef585dce8643>:0 
  at PlayFab.Party.PlayFabMultiplayerManager.Start () [0x00000] in <404aa553a35d4dcb8f3cef585dce8643>:0 

10/01/2026 16:10:43: Starting music menu
Unloading 106004 unused Assets to reduce memory usage. Loaded Objects now: 276699.
Total: 367.892994 ms (FindLiveObjects: 58.171249 ms CreateObjectMapping: 85.508679 ms MarkObjects: 152.752378 ms  DeleteObjects: 71.459316 ms)

The referenced script on this Behaviour (Game Object '<null>') is missing!
The referenced script on this Behaviour (Game Object '<null>') is missing!
The referenced script on this Behaviour (Game Object '<null>') is missing!
The referenced script on this Behaviour (Game Object '<null>') is missing!
The referenced script on this Behaviour (Game Object '<null>') is missing!
The referenced script on this Behaviour (Game Object '<null>') is missing!
The referenced script on this Behaviour (Game Object '<null>') is missing!
Unloading 3 Unused Serialized files (Serialized files now loaded: 22)
UnloadTime: 23.335515 ms
HDR Render Texture not supported, disabling HDR on reflection probe.
HDR Render Texture not supported, disabling HDR on reflection probe.
10/01/2026 16:10:44: Audioman already exist, destroying self
OnGUI function detected on MonoBehaviour, but not called, because IMGUI module is stripped.
[stderr] src/clientdll/cminterface.cpp (2257) : !BLoggedOn()
src/clientdll/cminterface.cpp (2257) : !BLoggedOn()
10/01/2026 16:10:44: Console: Valheim l-1.0.16 (network version 40)
10/01/2026 16:10:44: Console: 
10/01/2026 16:10:44: Console: type "help" - for commands
10/01/2026 16:10:44: Console: 
10/01/2026 16:10:44: isModded: False
10/01/2026 16:10:44: Zonesystem Awake 17739
10/01/2026 16:10:44: DungeonDB Awake 17739
10/01/2026 16:10:44: Worldgenerator version setup:2
OnGUI function detected on MonoBehaviour, but not called, because IMGUI module is stripped.
10/01/2026 16:10:48: Console: /w [text] - Whisper
10/01/2026 16:10:48: Console: /s [text] - Shout
10/01/2026 16:10:48: Console: /die - Kill yourself
10/01/2026 16:10:48: Console: /resetspawn - Reset spawn point
10/01/2026 16:10:48: Console: /[emote]
10/01/2026 16:10:48: Console: Emotes: wave, sit, challenge, cheer, nonono, thumbsup, point, blowkiss, bow, cower, cry, despair, flex, comehere, headbang, kneel, laugh, roar, shrug, dance, relax, toast, rest, vibe, loveyou
10/01/2026 16:10:48: Console: 
[AmplifyOcclusion] System does not support CopyTexture. CacheAware will be disabled.
Unloading 302 unused Assets to reduce memory usage. Loaded Objects now: 277340.
Total: 276.671237 ms (FindLiveObjects: 41.702893 ms CreateObjectMapping: 44.194857 ms MarkObjects: 189.554132 ms  DeleteObjects: 1.218253 ms)

10/01/2026 16:10:48: Zonesystem Start 17739
10/01/2026 16:10:48: Added 3 locations, 0 vegetations, 0 environments, 0 biome env-setups, 0 clutter  from main
10/01/2026 16:10:48: Added 2 locations, 0 vegetations, 2 environments, 0 biome env-setups, 0 clutter  from main
10/01/2026 16:10:48: Added 27 locations, 25 vegetations, 5 environments, 1 biome env-setups, 3 clutter  from main
10/01/2026 16:10:48: Added 4 locations, 0 vegetations, 1 environments, 0 biome env-setups, 0 clutter  from main
10/01/2026 16:10:48: Added 25 locations, 33 vegetations, 8 environments, 2 biome env-setups, 2 clutter  from main
10/01/2026 16:10:48: Added 25 locations, 35 vegetations, 12 environments, 1 biome env-setups, 2 clutter  from main
10/01/2026 16:10:48: DungeonDB Start 17739
10/01/2026 16:10:48: ZRpc timeout set to 30s 
10/01/2026 16:10:48: Loading: ZNet Start
10/01/2026 16:10:48: ZNet.LoadWorld: gspffworld (gspffworld), save number 16
10/01/2026 16:10:48: ZoneSystem.Load => DB2: unpacking compressed data 145,610 => 102,041 bytes
10/01/2026 16:10:48: Exception while loading world /data/worlds_local/gspffworld/_main.16.db2:System.IO.EndOfStreamException: Unable to read beyond the end of the stream.
  at System.IO.BinaryReader.FillBuffer (System.Int32 numBytes) [0x0007a] in <297b518d2c9f4ee5bb6b049e9ead4f70>:0 
  at System.IO.BinaryReader.ReadSingle () [0x00000] in <297b518d2c9f4ee5bb6b049e9ead4f70>:0 
  at ZPackage.ReadVector3 () [0x00008] in <ce8d2c03de074920ac6d354c4bcb3b96>:0 
  at ZoneSystem.Load (System.IO.BinaryReader binaryReader, Version+World version) [0x00124] in <ce8d2c03de074920ac6d354c4bcb3b96>:0 
  at ZNet.LoadWorld () [0x00118] in <ce8d2c03de074920ac6d354c4bcb3b96>:0    StackTrace:   at System.IO.BinaryReader.FillBuffer (System.Int32 numBytes) [0x0007a] in <297b518d2c9f4ee5bb6b049e9ead4f70>:0 
  at System.IO.BinaryReader.ReadSingle () [0x00000] in <297b518d2c9f4ee5bb6b049e9ead4f70>:0 
  at ZPackage.ReadVector3 () [0x00008] in <ce8d2c03de074920ac6d354c4bcb3b96>:0 
  at ZoneSystem.Load (System.IO.BinaryReader binaryReader, Version+World version) [0x00124] in <ce8d2c03de074920ac6d354c4bcb3b96>:0 
  at ZNet.LoadWorld () [0x00118] in <ce8d2c03de074920ac6d354c4bcb3b96>:0 
10/01/2026 16:10:48: World load failed mid-file. Exiting without save. Check backups!
10/01/2026 16:10:48: Checking for any blocked players in the historical player list...
10/01/2026 16:10:48: Unloading unused assets
Unloading 1 Unused Serialized files (Serialized files now loaded: 22)
10/01/2026 16:10:57: Registering lobby
10/01/2026 16:10:57: Opened Steam server
10/01/2026 16:10:57: World db couldn't load correctly, saving has been disabled to prevent .old file from being overwritten.
The shader Hidden/Dof/DepthOfFieldHdr (UnityEngine.Shader) on effect Main Camera (UnityStandardAssets.ImageEffects.DepthOfField) is not supported on this platform!
The image effect Main Camera (UnityStandardAssets.ImageEffects.DepthOfField) has been disabled as it's not supported on the current platform.
The shader Hidden/SunShaftsComposite (UnityEngine.Shader) on effect Main Camera (UnityStandardAssets.ImageEffects.SunShafts) is not supported on this platform!
The shader Hidden/SimpleClear (UnityEngine.Shader) on effect Main Camera (UnityStandardAssets.ImageEffects.SunShafts) is not supported on this platform!
The image effect Main Camera (UnityStandardAssets.ImageEffects.SunShafts) has been disabled as it's not supported on the current platform.
10/01/2026 16:10:57: Game server connected
10/01/2026 16:10:57: Game - OnApplicationQuit
10/01/2026 16:10:57: Available space to current user: <free bytes>. Saving is blocked if below: <bytes> bytes. Warnings are given if below: <bytes>
10/01/2026 16:10:57: Shutting down
10/01/2026 16:10:57: ZNet Shutdown
10/01/2026 16:10:57: Skipping world save
10/01/2026 16:10:57: Unloading unused assets
10/01/2026 16:10:57: Sending disconnect msg
ZPlayFabMatchmaking::UnregisterServer - unregistering server now. State: Uninitialized
10/01/2026 16:10:57: Disposing socket
10/01/2026 16:10:57: Stopping listening socket
10/01/2026 16:10:57: Last socket, unregistering callback
10/01/2026 16:10:57: ZSteamSocket  UnregisterGlobalCallbacks, existing sockets:0
10/01/2026 16:10:57: Stopping build thread
Unloading 2 unused Assets to reduce memory usage. Loaded Objects now: 277314.
Total: 152.751085 ms (FindLiveObjects: 24.175113 ms CreateObjectMapping: 34.861873 ms MarkObjects: 92.853085 ms  DeleteObjects: 0.859633 ms)

10/01/2026 16:11:00: Steam manager on destroy
10/01/2026 16:11:00: ZNet OnDestroy
10/01/2026 16:11:00: Net scene destroyed
[Physics::Module] Cleanup current backned.
[Physics::Module] Id: 0xf2b8ea05
Input System module state changed to: ShutdownInProgress.
Input System polling thread exited.
Input System module state changed to: Shutdown.
