# argv: ["/opt/game/valheim_server.x86_64","-nographics","-batchmode","-name","gspff test","-port","30560","-world","gspffworld","-public","1","-savedir","/data"]
# cwd: /opt/game
[UnityMemory] Configuration Parameters - Can be set up in boot.config
    "memorysetup-bucket-allocator-granularity=16"
    "memorysetup-bucket-allocator-bucket-count=8"
    "memorysetup-bucket-allocator-block-size=4194304"
    "memorysetup-bucket-allocator-block-count=1"
    "memorysetup-main-allocator-block-size=16777216"
    "memorysetup-thread-allocator-block-size=16777216"
    "memorysetup-gfx-main-allocator-block-size=16777216"
    "memorysetup-gfx-thread-allocator-block-size=16777216"
    "memorysetup-cache-allocator-block-size=4194304"
    "memorysetup-typetree-allocator-block-size=2097152"
    "memorysetup-profiler-bucket-allocator-granularity=16"
    "memorysetup-profiler-bucket-allocator-bucket-count=8"
    "memorysetup-profiler-bucket-allocator-block-size=4194304"
    "memorysetup-profiler-bucket-allocator-block-count=1"
    "memorysetup-profiler-allocator-block-size=16777216"
    "memorysetup-profiler-editor-allocator-block-size=1048576"
    "memorysetup-temp-allocator-size-main=4194304"
    "memorysetup-job-temp-allocator-block-size=2097152"
    "memorysetup-job-temp-allocator-block-size-background=1048576"
    "memorysetup-job-temp-allocator-reduction-small-platforms=262144"
    "memorysetup-allocator-temp-initial-block-size-main=262144"
    "memorysetup-allocator-temp-initial-block-size-worker=262144"
    "memorysetup-temp-allocator-size-background-worker=32768"
    "memorysetup-temp-allocator-size-job-worker=262144"
    "memorysetup-temp-allocator-size-preload-manager=262144"
    "memorysetup-temp-allocator-size-nav-mesh-worker=65536"
    "memorysetup-temp-allocator-size-audio-worker=65536"
    "memorysetup-temp-allocator-size-cloud-worker=32768"
    "memorysetup-temp-allocator-size-gfx=262144"
Mono path[0] = '/opt/game/valheim_server_Data/Managed'
Mono config path = '/opt/game/valheim_server_Data/MonoBleedingEdge/etc'
Failed to open plugin: /opt/game/valheim_server_Data/Plugins/libparty.so
Input System module state changed to: Initialized.
[Physics::Module] Initialized fallback backend.
[Physics::Module] Id: 0xdecafbad
Initialize engine version: 6000.0.75f1 (26349cd2a5c8)
[Subsystems] Discovering subsystems at path /opt/game/valheim_server_Data/UnitySubsystems
Forcing GfxDevice: Null
GfxDevice: creating device client; kGfxThreadingModeNonThreaded
NullGfxDevice:
    Version:  NULL 1.0 [1.0]
    Renderer: Null Device
    Vendor:   Unity Technologies
Begin MonoManager ReloadAssembly
- Loaded All Assemblies, in  0.136 seconds
- Finished resetting the current domain, in  0.002 seconds
[Physics::Module] Selected backend.
[Physics::Module] Name: PhysX
[Physics::Module] Id: 0xf2b8ea05
[Physics::Module] SDK Version: 4.1.2
[Physics::Module] Integration Version: 1.0.0
[Physics::Module] Threading Mode: Multi-Threaded
UnloadTime: 0.579607 ms
10/01/2026 15:56:45: Set background loading budget to Low
10/01/2026 15:56:45: Loading first scene!
10/01/2026 15:56:45: Preferences initialized! Activating first scene!
Unloading 4 Unused Serialized files (Serialized files now loaded: 8)
UnloadTime: 0.105094 ms
10/01/2026 15:56:46: Loading: Starting to load scene: start.unity (169d7618616154c03be07e9ad3af5893)
10/01/2026 15:56:46: Set background loading budget to Normal
10/01/2026 15:56:46: Loaded localization file #0 - 'localization' language: 'English'
10/01/2026 15:56:46: Loaded localization file #1 - 'localization_extra' language: 'English'
10/01/2026 15:56:46: Loaded localization file #2 - 'heightmap_message' language: 'English'
10/01/2026 15:56:46: Loaded localization file #3 - 'localization_witch' language: 'English'
10/01/2026 15:56:46: Loaded localization file #4 - 'localization_ashlands' language: 'English'
10/01/2026 15:56:46: Loaded localization file #5 - 'localization_deepnorth' language: 'English'
10/01/2026 15:56:46: Loaded localization file #6 - 'localization_captions' language: 'English'
10/01/2026 15:56:46: Loaded localization file #7 - 'localization_warriortitles' language: 'English'
10/01/2026 15:56:46: Loaded localization file #8 - 'localization_combatupdate' language: 'English'
10/01/2026 15:56:46: Loaded localization file #9 - 'localization_ps' language: 'English'
10/01/2026 15:56:46: Loaded localization file #10 - 'localization_celebrationupdate' language: 'English'
10/01/2026 15:56:46: Loaded localization file #11 - 'localization_xbox' language: 'English'
10/01/2026 15:56:46: Loaded localization file #12 - 'localization_switch' language: 'English'
Unloading 26 unused Assets to reduce memory usage. Loaded Objects now: 3044.
Total: 4.976853 ms (FindLiveObjects: 0.175202 ms CreateObjectMapping: 0.062995 ms MarkObjects: 4.656944 ms  DeleteObjects: 0.081069 ms)

The referenced script on this Behaviour (Game Object '<null>') is missing!
10/01/2026 15:56:50: Set background loading budget to High
10/01/2026 15:56:50: GPU Device: 0000:0000 (Unknown)
The referenced script on this Behaviour (Game Object '') is missing!
AsyncResourceUpload failed.
AsyncResourceUpload failed.
The referenced script on this Behaviour (Game Object '') is missing!
The referenced script on this Behaviour (Game Object '') is missing!
The referenced script on this Behaviour (Game Object '<null>') is missing!
The referenced script on this Behaviour (Game Object '<null>') is missing!
Unloading 2 Unused Serialized files (Serialized files now loaded: 19)
10/01/2026 15:56:55: Loading: Done, Total time: -9.27802
10/01/2026 15:57:15: Set background loading budget to Low
UnloadTime: 15.835607 ms
HDR Render Texture not supported, disabling HDR on reflection probe.
This custom render path shader needs to have at least 1 passes.
Could not find material Hidden/VideoDecode. Make sure the Video shaders are included in your build, in the Built-in Shader Settings section of the Graphics Settings.
Could not find video decode shader pass YCbCr_To_RGB1 in shader <not found>
Could not find video decode shader pass YCbCrA_To_RGBAFull in shader <not found>
Could not find video decode shader pass YCbCrA_To_RGBA in shader <not found>
Could not find video decode shader pass Flip_RGBA_To_RGBA in shader <not found>
Could not find video decode shader pass Flip_RGBASplit_To_RGBA in shader <not found>
This custom render path shader needs to have at least 1 passes.
Could not find material Hidden/VideoComposite. Make sure the Video shaders are included in your build, in the Built-in Shader Settings section of the Graphics Settings.
Could not find video decode shader pass Default in shader <not found>
10/01/2026 15:57:15: Missing audio clip in music respawn
OnGUI function detected on MonoBehaviour, but not called, because IMGUI module is stripped.
10/01/2026 15:57:15: Setting -savedir to: /data
10/01/2026 15:57:15: Get create world gspffworld
10/01/2026 15:57:15: SaveSystem.Reload for World is done [54ms]
10/01/2026 15:57:15: Error bad password:The password is too short
OnGUI function detected on MonoBehaviour, but not called, because IMGUI module is stripped.
[AmplifyOcclusion] System does not support CopyTexture. CacheAware will be disabled.
10/01/2026 15:57:15: Builder started
10/01/2026 15:57:15: The WorldGenerator instance was null
NullReferenceException: The WorldGenerator instance was null
  at Heightmap.Generate () [0x0001a] in <ce8d2c03de074920ac6d354c4bcb3b96>:0 
  at Heightmap.Regenerate () [0x00007] in <ce8d2c03de074920ac6d354c4bcb3b96>:0 
  at Heightmap.OnEnable () [0x00047] in <ce8d2c03de074920ac6d354c4bcb3b96>:0 

10/01/2026 15:57:15: The WorldGenerator instance was null
NullReferenceException: The WorldGenerator instance was null
  at Heightmap.Generate () [0x0001a] in <ce8d2c03de074920ac6d354c4bcb3b96>:0 
  at Heightmap.Regenerate () [0x00007] in <ce8d2c03de074920ac6d354c4bcb3b96>:0 
  at Heightmap.OnEnable () [0x00047] in <ce8d2c03de074920ac6d354c4bcb3b96>:0 

10/01/2026 15:57:15: The WorldGenerator instance was null
NullReferenceException: The WorldGenerator instance was null
  at Heightmap.Generate () [0x0001a] in <ce8d2c03de074920ac6d354c4bcb3b96>:0 
  at Heightmap.Regenerate () [0x00007] in <ce8d2c03de074920ac6d354c4bcb3b96>:0 
  at Heightmap.OnEnable () [0x00047] in <ce8d2c03de074920ac6d354c4bcb3b96>:0 

10/01/2026 15:57:15: The WorldGenerator instance was null
NullReferenceException: The WorldGenerator instance was null
  at Heightmap.Generate () [0x0001a] in <ce8d2c03de074920ac6d354c4bcb3b96>:0 
  at Heightmap.Regenerate () [0x00007] in <ce8d2c03de074920ac6d354c4bcb3b96>:0 
  at Heightmap.OnEnable () [0x00047] in <ce8d2c03de074920ac6d354c4bcb3b96>:0 

10/01/2026 15:57:15: The WorldGenerator instance was null
NullReferenceException: The WorldGenerator instance was null
  at Heightmap.Generate () [0x0001a] in <ce8d2c03de074920ac6d354c4bcb3b96>:0 
  at Heightmap.Regenerate () [0x00007] in <ce8d2c03de074920ac6d354c4bcb3b96>:0 
  at Heightmap.OnEnable () [0x00047] in <ce8d2c03de074920ac6d354c4bcb3b96>:0 

10/01/2026 15:57:15: The WorldGenerator instance was null
NullReferenceException: The WorldGenerator instance was null
  at Heightmap.Generate () [0x0001a] in <ce8d2c03de074920ac6d354c4bcb3b96>:0 
  at Heightmap.Regenerate () [0x00007] in <ce8d2c03de074920ac6d354c4bcb3b96>:0 
  at Heightmap.OnEnable () [0x00047] in <ce8d2c03de074920ac6d354c4bcb3b96>:0 

10/01/2026 15:57:15: The WorldGenerator instance was null
NullReferenceException: The WorldGenerator instance was null
  at Heightmap.Generate () [0x0001a] in <ce8d2c03de074920ac6d354c4bcb3b96>:0 
  at Heightmap.Regenerate () [0x00007] in <ce8d2c03de074920ac6d354c4bcb3b96>:0 
  at Heightmap.OnEnable () [0x00047] in <ce8d2c03de074920ac6d354c4bcb3b96>:0 

10/01/2026 15:57:15: The WorldGenerator instance was null
NullReferenceException: The WorldGenerator instance was null
  at Heightmap.Generate () [0x0001a] in <ce8d2c03de074920ac6d354c4bcb3b96>:0 
  at Heightmap.Regenerate () [0x00007] in <ce8d2c03de074920ac6d354c4bcb3b96>:0 
  at Heightmap.OnEnable () [0x00047] in <ce8d2c03de074920ac6d354c4bcb3b96>:0 

10/01/2026 15:57:15: The WorldGenerator instance was null
NullReferenceException: The WorldGenerator instance was null
  at Heightmap.Generate () [0x0001a] in <ce8d2c03de074920ac6d354c4bcb3b96>:0 
  at Heightmap.Regenerate () [0x00007] in <ce8d2c03de074920ac6d354c4bcb3b96>:0 
  at Heightmap.OnEnable () [0x00047] in <ce8d2c03de074920ac6d354c4bcb3b96>:0 

10/01/2026 15:57:16: SaveSystem.Reload for Character is done [0ms]
10/01/2026 15:57:16: Failed to play intro cinematic
The shader Hidden/Dof/DepthOfFieldHdr (UnityEngine.Shader) on effect Main Camera (UnityStandardAssets.ImageEffects.DepthOfField) is not supported on this platform!
The image effect Main Camera (UnityStandardAssets.ImageEffects.DepthOfField) has been disabled as it's not supported on the current platform.
The shader Hidden/SunShaftsComposite (UnityEngine.Shader) on effect Main Camera (UnityStandardAssets.ImageEffects.SunShafts) is not supported on this platform!
The shader Hidden/SimpleClear (UnityEngine.Shader) on effect Main Camera (UnityStandardAssets.ImageEffects.SunShafts) is not supported on this platform!
The image effect Main Camera (UnityStandardAssets.ImageEffects.SunShafts) has been disabled as it's not supported on the current platform.
10/01/2026 15:57:16: Starting music menu
Unloading 105968 unused Assets to reduce memory usage. Loaded Objects now: 276561.
Total: 344.788007 ms (FindLiveObjects: 57.023842 ms CreateObjectMapping: 75.980374 ms MarkObjects: 137.854109 ms  DeleteObjects: 73.927779 ms)

10/01/2026 15:57:16: Stopping build thread
The referenced script on this Behaviour (Game Object '<null>') is missing!
The referenced script on this Behaviour (Game Object '<null>') is missing!
The referenced script on this Behaviour (Game Object '<null>') is missing!
The referenced script on this Behaviour (Game Object '<null>') is missing!
The referenced script on this Behaviour (Game Object '<null>') is missing!
The referenced script on this Behaviour (Game Object '<null>') is missing!
The referenced script on this Behaviour (Game Object '<null>') is missing!
UnloadTime: 20.361495 ms
HDR Render Texture not supported, disabling HDR on reflection probe.
HDR Render Texture not supported, disabling HDR on reflection probe.
10/01/2026 15:57:16: Audioman already exist, destroying self
OnGUI function detected on MonoBehaviour, but not called, because IMGUI module is stripped.
10/01/2026 15:57:16: Using environment steamid 892970
10/01/2026 15:57:16: Using steam APPID:892970
[stderr] [S_API] SteamAPI_Init(): Loaded local 'steamclient.so' OK.
[stderr] Setting breakpad minidump AppID = 892970
[stderr] SteamInternal_SetMinidumpSteamID:  Caching Steam ID:  76561198000000001 [API loaded no]
[stderr] [S_API FAIL] Tried to access Steam interface SteamNetworkingUtils004 before SteamAPI_Init succeeded.
10/01/2026 15:57:17: Server ID 90071992547409920
10/01/2026 15:57:17: Authentication:k_ESteamNetworkingAvailability_Waiting
10/01/2026 15:57:17: Steam game server initialized
10/01/2026 15:57:17: Console: Valheim l-1.0.16 (network version 40)
10/01/2026 15:57:17: Console: 
10/01/2026 15:57:17: Console: type "help" - for commands
10/01/2026 15:57:17: Console: 
10/01/2026 15:57:17: isModded: False
10/01/2026 15:57:17: Zonesystem Awake 17799
10/01/2026 15:57:17: DungeonDB Awake 17799
10/01/2026 15:57:17: Worldgenerator version setup:2
OnGUI function detected on MonoBehaviour, but not called, because IMGUI module is stripped.
10/01/2026 15:57:22: Console: /w [text] - Whisper
10/01/2026 15:57:22: Console: /s [text] - Shout
10/01/2026 15:57:22: Console: /die - Kill yourself
10/01/2026 15:57:22: Console: /resetspawn - Reset spawn point
10/01/2026 15:57:22: Console: /[emote]
10/01/2026 15:57:22: Console: Emotes: wave, sit, challenge, cheer, nonono, thumbsup, point, blowkiss, bow, cower, cry, despair, flex, comehere, headbang, kneel, laugh, roar, shrug, dance, relax, toast, rest, vibe, loveyou
10/01/2026 15:57:22: Console: 
NullReferenceException: Object reference not set to an instance of an object
  at MagicaCloth2.MagicaWindZone.Awake () [0x00006] in <5a9c2fa4f9b448899f40daf3829a3949>:0 

[AmplifyOcclusion] System does not support CopyTexture. CacheAware will be disabled.
10/01/2026 15:57:22: Steam manager on destroy
[stderr] src/clientdll/steamengine.cpp (3319) : Assertion Failed: Attempt to call interface with invalid hSteamUser /+/ 1, appid=892970, hpipe=131073, inprocess, thread=122
[stderr] src/common/interfacemap.cpp (890) : Assertion Failed: IPC call to IClientHTTP::ReleaseHTTPRequest returned failure code 12
src/clientdll/steamengine.cpp (3319) : Assertion Failed: Attempt to call interface with invalid hSteamUser /+/ 1, appid=892970, hpipe=131073, inprocess, thread=122
src/common/interfacemap.cpp (890) : Assertion Failed: IPC call to IClientHTTP::ReleaseHTTPRequest returned failure code 12
10/01/2026 15:57:23: ZNet OnDestroy
NullReferenceException: Object reference not set to an instance of an object
  at ZNet.OnDestroy () [0x0001d] in <ce8d2c03de074920ac6d354c4bcb3b96>:0 

10/01/2026 15:57:23: Net scene destroyed
[Physics::Module] Cleanup current backned.
[Physics::Module] Id: 0xf2b8ea05
Input System module state changed to: ShutdownInProgress.
Input System polling thread exited.
Input System module state changed to: Shutdown.
