Mono path[0] = '/opt/game/valheim_server_Data/Managed'
Mono config path = '/opt/game/valheim_server_Data/MonoBleedingEdge/etc'
Failed to open plugin: /opt/game/valheim_server_Data/Plugins/libparty.so
Input System module state changed to: Initialized.
[Physics::Module] Initialized fallback backend.
[Physics::Module] Id: 0xdecafbad
Initialize engine version: 6000.0.75f1 (26349cd2a5c8)
[Subsystems] Discovering subsystems at path /opt/game/valheim_server_Data/UnitySubsystems
Forcing GfxDevice: Null
GfxDevice: creating device client; kGfxThreadingModeNonThreaded
NullGfxDevice:
    Version:  NULL 1.0 [1.0]
    Renderer: Null Device
    Vendor:   Unity Technologies
Begin MonoManager ReloadAssembly
- Loaded All Assemblies, in  0.139 seconds
- Finished resetting the current domain, in  0.002 seconds
[Physics::Module] Selected backend.
[Physics::Module] Name: PhysX
[Physics::Module] Id: 0xf2b8ea05
[Physics::Module] SDK Version: 4.1.2
[Physics::Module] Integration Version: 1.0.0
[Physics::Module] Threading Mode: Multi-Threaded
UnloadTime: 0.570330 ms
10/01/2026 16:11:30: Set background loading budget to Low
10/01/2026 16:11:30: Loading first scene!
10/01/2026 16:11:30: Preferences initialized! Activating first scene!
Unloading 4 Unused Serialized files (Serialized files now loaded: 8)
UnloadTime: 0.106686 ms
10/01/2026 16:11:30: Loading: Starting to load scene: start.unity (169d7618616154c03be07e9ad3af5893)
10/01/2026 16:11:30: Set background loading budget to Normal
10/01/2026 16:11:30: Loaded localization file #0 - 'localization' language: 'English'
10/01/2026 16:11:30: Loaded localization file #1 - 'localization_extra' language: 'English'
10/01/2026 16:11:30: Loaded localization file #2 - 'heightmap_message' language: 'English'
10/01/2026 16:11:30: Loaded localization file #3 - 'localization_witch' language: 'English'
10/01/2026 16:11:30: Loaded localization file #4 - 'localization_ashlands' language: 'English'
10/01/2026 16:11:30: Loaded localization file #5 - 'localization_deepnorth' language: 'English'
10/01/2026 16:11:30: Loaded localization file #6 - 'localization_captions' language: 'English'
10/01/2026 16:11:30: Loaded localization file #7 - 'localization_warriortitles' language: 'English'
10/01/2026 16:11:30: Loaded localization file #8 - 'localization_combatupdate' language: 'English'
10/01/2026 16:11:30: Loaded localization file #9 - 'localization_ps' language: 'English'
10/01/2026 16:11:30: Loaded localization file #10 - 'localization_celebrationupdate' language: 'English'
10/01/2026 16:11:30: Loaded localization file #11 - 'localization_xbox' language: 'English'
10/01/2026 16:11:30: Loaded localization file #12 - 'localization_switch' language: 'English'
Unloading 26 unused Assets to reduce memory usage. Loaded Objects now: 3044.
Total: 4.984402 ms (FindLiveObjects: 0.215336 ms CreateObjectMapping: 0.060240 ms MarkObjects: 4.630470 ms  DeleteObjects: 0.077793 ms)

The referenced script on this Behaviour (Game Object '<null>') is missing!
10/01/2026 16:11:34: Set background loading budget to High
10/01/2026 16:11:34: GPU Device: 0000:0000 (Unknown)
The referenced script on this Behaviour (Game Object '') is missing!
AsyncResourceUpload failed.
AsyncResourceUpload failed.
The referenced script on this Behaviour (Game Object '') is missing!
The referenced script on this Behaviour (Game Object '') is missing!
The referenced script on this Behaviour (Game Object '<null>') is missing!
The referenced script on this Behaviour (Game Object '<null>') is missing!
Unloading 2 Unused Serialized files (Serialized files now loaded: 19)
10/01/2026 16:11:40: Loading: Done, Total time: -9.785162
10/01/2026 16:11:59: Set background loading budget to Low
UnloadTime: 14.711895 ms
HDR Render Texture not supported, disabling HDR on reflection probe.
This custom render path shader needs to have at least 1 passes.
Could not find material Hidden/VideoDecode. Make sure the Video shaders are included in your build, in the Built-in Shader Settings section of the Graphics Settings.
Could not find video decode shader pass YCbCr_To_RGB1 in shader <not found>
Could not find video decode shader pass YCbCrA_To_RGBAFull in shader <not found>
Could not find video decode shader pass YCbCrA_To_RGBA in shader <not found>
Could not find video decode shader pass Flip_RGBA_To_RGBA in shader <not found>
Could not find video decode shader pass Flip_RGBASplit_To_RGBA in shader <not found>
This custom render path shader needs to have at least 1 passes.
Could not find material Hidden/VideoComposite. Make sure the Video shaders are included in your build, in the Built-in Shader Settings section of the Graphics Settings.
Could not find video decode shader pass Default in shader <not found>
10/01/2026 16:11:59: Missing audio clip in music respawn
OnGUI function detected on MonoBehaviour, but not called, because IMGUI module is stripped.
10/01/2026 16:11:59: Setting -savedir to: /data
10/01/2026 16:11:59: Setting -logfile to: /data/valheim-logfile.txt
10/01/2026 16:11:59: Get create world gspffworld
10/01/2026 16:11:59: SaveSystem.Reload for World is done [57ms]
10/01/2026 16:11:59: Setting world modifier preset: hard
10/01/2026 16:11:59: Setting world modifier: raids->none
10/01/2026 16:11:59: Using environment steamid 892970
10/01/2026 16:11:59: Using steam APPID:892970
[S_API] SteamAPI_Init(): Loaded local 'steamclient.so' OK.
Setting breakpad minidump AppID = 892970
SteamInternal_SetMinidumpSteamID:  Caching Steam ID:  76561198000000001 [API loaded no]
[S_API FAIL] Tried to access Steam interface SteamNetworkingUtils004 before SteamAPI_Init succeeded.
10/01/2026 16:12:00: Server ID 90071992547409920
10/01/2026 16:12:00: Authentication:k_ESteamNetworkingAvailability_Waiting
10/01/2026 16:12:00: Steam game server initialized
10/01/2026 16:12:00: Valheim version: l-1.0.16 (network version 40)
10/01/2026 16:12:00: Worldgenerator version setup:2
10/01/2026 16:12:00: Console: Valheim l-1.0.16 (network version 40)
10/01/2026 16:12:00: Console: 
10/01/2026 16:12:00: Console: type "help" - for commands
10/01/2026 16:12:00: Console: 
10/01/2026 16:12:00: Render threading mode:SingleThreaded
OnGUI function detected on MonoBehaviour, but not called, because IMGUI module is stripped.
[AmplifyOcclusion] System does not support CopyTexture. CacheAware will be disabled.
10/01/2026 16:12:00: Builder started
10/01/2026 16:12:00: SaveSystem.Reload for Character is done [0ms]
10/01/2026 16:12:00: Failed to play intro cinematic
10/01/2026 16:12:00: Sending PlayFab login request (attempt 1)
10/01/2026 16:12:00: Login postponed until ID has been set.
The shader Hidden/Dof/DepthOfFieldHdr (UnityEngine.Shader) on effect Main Camera (UnityStandardAssets.ImageEffects.DepthOfField) is not supported on this platform!
The image effect Main Camera (UnityStandardAssets.ImageEffects.DepthOfField) has been disabled as it's not supported on the current platform.
The shader Hidden/SunShaftsComposite (UnityEngine.Shader) on effect Main Camera (UnityStandardAssets.ImageEffects.SunShafts) is not supported on this platform!
The shader Hidden/SimpleClear (UnityEngine.Shader) on effect Main Camera (UnityStandardAssets.ImageEffects.SunShafts) is not supported on this platform!
The image effect Main Camera (UnityStandardAssets.ImageEffects.SunShafts) has been disabled as it's not supported on the current platform.
DllNotFoundException: libParty.so assembly:<unknown assembly> type:<unknown type> member:(null)
  at (wrapper managed-to-native) PartyCSharpSDK.Interop.PFPInterop.PartyInitialize(byte[],PartyCSharpSDK.Interop.PARTY_HANDLE&)
  at PartyCSharpSDK.SDK.PartyInitialize (System.String titleId, PartyCSharpSDK.PARTY_HANDLE& handle) [0x00006] in <404aa553a35d4dcb8f3cef585dce8643>:0 
  at PlayFab.Party.PlayFabMultiplayerManager.InitializeImpl () [0x000c4] in <404aa553a35d4dcb8f3cef585dce8643>:0 
  at PlayFab.Party.PlayFabMultiplayerManager._Initialize () [0x0000a] in <404aa553a35d4dcb8f3cef585dce8643>:0 
  at PlayFab.Party.PlayFabMultiplayerManager.Start () [0x00000] in <404aa553a35d4dcb8f3cef585dce8643>:0 

10/01/2026 16:12:01: Starting music menu
Unloading 106004 unused Assets to reduce memory usage. Loaded Objects now: 276704.
Total: 305.880028 ms (FindLiveObjects: 48.131009 ms CreateObjectMapping: 73.005297 ms MarkObjects: 130.583252 ms  DeleteObjects: 54.159438 ms)

The referenced script on this Behaviour (Game Object '<null>') is missing!
The referenced script on this Behaviour (Game Object '<null>') is missing!
The referenced script on this Behaviour (Game Object '<null>') is missing!
The referenced script on this Behaviour (Game Object '<null>') is missing!
The referenced script on this Behaviour (Game Object '<null>') is missing!
The referenced script on this Behaviour (Game Object '<null>') is missing!
The referenced script on this Behaviour (Game Object '<null>') is missing!
Unloading 3 Unused Serialized files (Serialized files now loaded: 22)
UnloadTime: 20.519491 ms
HDR Render Texture not supported, disabling HDR on reflection probe.
HDR Render Texture not supported, disabling HDR on reflection probe.
10/01/2026 16:12:01: Audioman already exist, destroying self
OnGUI function detected on MonoBehaviour, but not called, because IMGUI module is stripped.
src/clientdll/cminterface.cpp (2257) : !BLoggedOn()
10/01/2026 16:12:01: Console: Valheim l-1.0.16 (network version 40)
10/01/2026 16:12:01: Console: 
10/01/2026 16:12:01: Console: type "help" - for commands
10/01/2026 16:12:01: Console: 
10/01/2026 16:12:01: isModded: False
10/01/2026 16:12:01: Zonesystem Awake 18226
10/01/2026 16:12:01: DungeonDB Awake 18226
10/01/2026 16:12:01: Worldgenerator version setup:2
OnGUI function detected on MonoBehaviour, but not called, because IMGUI module is stripped.
10/01/2026 16:12:05: Console: /w [text] - Whisper
10/01/2026 16:12:05: Console: /s [text] - Shout
10/01/2026 16:12:05: Console: /die - Kill yourself
10/01/2026 16:12:05: Console: /resetspawn - Reset spawn point
10/01/2026 16:12:05: Console: /[emote]
10/01/2026 16:12:05: Console: Emotes: wave, sit, challenge, cheer, nonono, thumbsup, point, blowkiss, bow, cower, cry, despair, flex, comehere, headbang, kneel, laugh, roar, shrug, dance, relax, toast, rest, vibe, loveyou
10/01/2026 16:12:05: Console: 
[AmplifyOcclusion] System does not support CopyTexture. CacheAware will be disabled.
Unloading 302 unused Assets to reduce memory usage. Loaded Objects now: 277340.
Total: 266.024648 ms (FindLiveObjects: 43.476657 ms CreateObjectMapping: 40.486562 ms MarkObjects: 180.690524 ms  DeleteObjects: 1.369852 ms)

10/01/2026 16:12:06: Zonesystem Start 18226
10/01/2026 16:12:06: Added 3 locations, 0 vegetations, 0 environments, 0 biome env-setups, 0 clutter  from main
10/01/2026 16:12:06: Added 2 locations, 0 vegetations, 2 environments, 0 biome env-setups, 0 clutter  from main
10/01/2026 16:12:06: Added 27 locations, 25 vegetations, 5 environments, 1 biome env-setups, 3 clutter  from main
10/01/2026 16:12:06: Added 4 locations, 0 vegetations, 1 environments, 0 biome env-setups, 0 clutter  from main
10/01/2026 16:12:06: Added 25 locations, 33 vegetations, 8 environments, 2 biome env-setups, 2 clutter  from main
10/01/2026 16:12:06: Added 25 locations, 35 vegetations, 12 environments, 1 biome env-setups, 2 clutter  from main
10/01/2026 16:12:06: DungeonDB Start 18226
10/01/2026 16:12:06: ZRpc timeout set to 30s 
10/01/2026 16:12:06: Loading: ZNet Start
10/01/2026 16:12:06: ZNet.LoadWorld: gspffworld (gspffworld), save number 16
10/01/2026 16:12:06: ZoneSystem.Load => DB2: unpacking compressed data 145,610 => 208,319 bytes
10/01/2026 16:12:06: ZoneSystem.Load => Loaded 12,234 locations
10/01/2026 16:12:06: ZDOMan.LoadChunks - Starting to load 85 zdos from 1 Chunks. SessionID: 758094349, WorldVersion: 41 [DeepNorth]
10/01/2026 16:12:06: ZDOMan.LoadChunks => Loading ZDOs done [15ms]
10/01/2026 16:12:06: ZDOMan.LoadChunks => Adding ZDOs to Dictionary done [1ms]
10/01/2026 16:12:06: ZDOMan.LoadChunks => Adding ZDOs to Sectors done [0ms]
10/01/2026 16:12:06: ZDOMan.LoadChunks => Connecting Portals done [1ms]
10/01/2026 16:12:06: ZDOMan.LoadChunks => Connecting Spawners done [1ms]
10/01/2026 16:12:06: ZDOMan.LoadChunks => Connecting SyncTransforms done [0ms]
10/01/2026 16:12:06: ZDOMan.LoadChunks done [23ms]
10/01/2026 16:12:06: Checking for any blocked players in the historical player list...
10/01/2026 16:12:06: Unloading unused assets
Unloading 1 Unused Serialized files (Serialized files now loaded: 22)
10/01/2026 16:12:14: Registering lobby
10/01/2026 16:12:14: Opened Steam server
The shader Hidden/Dof/DepthOfFieldHdr (UnityEngine.Shader) on effect Main Camera (UnityStandardAssets.ImageEffects.DepthOfField) is not supported on this platform!
The image effect Main Camera (UnityStandardAssets.ImageEffects.DepthOfField) has been disabled as it's not supported on the current platform.
The shader Hidden/SunShaftsComposite (UnityEngine.Shader) on effect Main Camera (UnityStandardAssets.ImageEffects.SunShafts) is not supported on this platform!
The shader Hidden/SimpleClear (UnityEngine.Shader) on effect Main Camera (UnityStandardAssets.ImageEffects.SunShafts) is not supported on this platform!
The image effect Main Camera (UnityStandardAssets.ImageEffects.SunShafts) has been disabled as it's not supported on the current platform.
10/01/2026 16:12:14: Game server connected
Unloading 2 unused Assets to reduce memory usage. Loaded Objects now: 277314.
Total: 188.203698 ms (FindLiveObjects: 29.977751 ms CreateObjectMapping: 44.175651 ms MarkObjects: 113.305524 ms  DeleteObjects: 0.743600 ms)

[AmplifyOcclusion] GBuffer Normals only available in Camera Deferred Shading mode. Switched to Camera source.
10/01/2026 16:12:26: Game - OnApplicationQuit
10/01/2026 16:12:26: Available space to current user: <free bytes>. Saving is blocked if below: <bytes> bytes. Warnings are given if below: <bytes>
10/01/2026 16:12:26: Shutting down
10/01/2026 16:12:26: ZNet Shutdown
10/01/2026 16:12:26: GetSaveClonePerChunk. Calculated number of actual chunk files: 1  Number of dirty chunks to save: 1 [4ms]
10/01/2026 16:12:26: PrepareSave: ZDOExtraData.PrepareSave done [12ms]
10/01/2026 16:12:26:  ### Save World Thread Started! ### 
10/01/2026 16:12:26: Considering autobackup for World. World time: 11.7, short time: 7200, long time: 43200, backup count: 4
10/01/2026 16:12:26: Skipping backup. World session not long enough.
10/01/2026 16:12:26: World save (1/5) Cloud & Backup checks done [0ms] => Save number 17
10/01/2026 16:12:26: World save (2/5) Chunks writing done [28ms]
10/01/2026 16:12:27: World save (3/5) DB2 writing done [26ms]
10/01/2026 16:12:27: World save (4/5) FWL writing done [5ms]
10/01/2026 16:12:27: World save (5/5) done. Total time [72ms]
10/01/2026 16:12:27: Unloading unused assets
Unloading 0 Unused Serialized files (Serialized files now loaded: 22)
10/01/2026 16:12:27: Sending disconnect msg
ZPlayFabMatchmaking::UnregisterServer - unregistering server now. State: Uninitialized
10/01/2026 16:12:27: Disposing socket
10/01/2026 16:12:27: Stopping listening socket
10/01/2026 16:12:27: Last socket, unregistering callback
10/01/2026 16:12:27: ZSteamSocket  UnregisterGlobalCallbacks, existing sockets:0
10/01/2026 16:12:27: Stopping build thread
Unloading 1 unused Assets to reduce memory usage. Loaded Objects now: 279642.
Total: 192.094087 ms (FindLiveObjects: 35.293994 ms CreateObjectMapping: 45.208395 ms MarkObjects: 110.886241 ms  DeleteObjects: 0.703535 ms)

10/01/2026 16:12:29: ZNet OnDestroy
10/01/2026 16:12:29: Net scene destroyed
10/01/2026 16:12:29: Steam manager on destroy
src/clientdll/cminterface.cpp (2257) : !BLoggedOn()
[Physics::Module] Cleanup current backned.
[Physics::Module] Id: 0xf2b8ea05
Input System module state changed to: ShutdownInProgress.
Input System polling thread exited.
Input System module state changed to: Shutdown.
