# argv: ["/opt/game/valheim_server.x86_64","-nographics","-batchmode","-name","gspff test","-port","2456","-world","gspffworld","-password","<redacted>","-public","0","-savedir","/opt/game/nosave"]
# cwd: /opt/game
[UnityMemory] Configuration Parameters - Can be set up in boot.config
    "memorysetup-bucket-allocator-granularity=16"
    "memorysetup-bucket-allocator-bucket-count=8"
    "memorysetup-bucket-allocator-block-size=4194304"
    "memorysetup-bucket-allocator-block-count=1"
    "memorysetup-main-allocator-block-size=16777216"
    "memorysetup-thread-allocator-block-size=16777216"
    "memorysetup-gfx-main-allocator-block-size=16777216"
    "memorysetup-gfx-thread-allocator-block-size=16777216"
    "memorysetup-cache-allocator-block-size=4194304"
    "memorysetup-typetree-allocator-block-size=2097152"
    "memorysetup-profiler-bucket-allocator-granularity=16"
    "memorysetup-profiler-bucket-allocator-bucket-count=8"
    "memorysetup-profiler-bucket-allocator-block-size=4194304"
    "memorysetup-profiler-bucket-allocator-block-count=1"
    "memorysetup-profiler-allocator-block-size=16777216"
    "memorysetup-profiler-editor-allocator-block-size=1048576"
    "memorysetup-temp-allocator-size-main=4194304"
    "memorysetup-job-temp-allocator-block-size=2097152"
    "memorysetup-job-temp-allocator-block-size-background=1048576"
    "memorysetup-job-temp-allocator-reduction-small-platforms=262144"
    "memorysetup-allocator-temp-initial-block-size-main=262144"
    "memorysetup-allocator-temp-initial-block-size-worker=262144"
    "memorysetup-temp-allocator-size-background-worker=32768"
    "memorysetup-temp-allocator-size-job-worker=262144"
    "memorysetup-temp-allocator-size-preload-manager=262144"
    "memorysetup-temp-allocator-size-nav-mesh-worker=65536"
    "memorysetup-temp-allocator-size-audio-worker=65536"
    "memorysetup-temp-allocator-size-cloud-worker=32768"
    "memorysetup-temp-allocator-size-gfx=262144"
Mono path[0] = '/opt/game/valheim_server_Data/Managed'
Mono config path = '/opt/game/valheim_server_Data/MonoBleedingEdge/etc'
Failed to open plugin: /opt/game/valheim_server_Data/Plugins/libparty.so
Input System module state changed to: Initialized.
[Physics::Module] Initialized fallback backend.
[Physics::Module] Id: 0xdecafbad
Initialize engine version: 6000.0.75f1 (26349cd2a5c8)
[Subsystems] Discovering subsystems at path /opt/game/valheim_server_Data/UnitySubsystems
Forcing GfxDevice: Null
GfxDevice: creating device client; kGfxThreadingModeNonThreaded
NullGfxDevice:
    Version:  NULL 1.0 [1.0]
    Renderer: Null Device
    Vendor:   Unity Technologies
Begin MonoManager ReloadAssembly
- Loaded All Assemblies, in  0.132 seconds
- Finished resetting the current domain, in  0.003 seconds
[Physics::Module] Selected backend.
[Physics::Module] Name: PhysX
[Physics::Module] Id: 0xf2b8ea05
[Physics::Module] SDK Version: 4.1.2
[Physics::Module] Integration Version: 1.0.0
[Physics::Module] Threading Mode: Multi-Threaded
UnloadTime: 0.544653 ms
10/01/2026 16:12:45: Set background loading budget to Low
10/01/2026 16:12:45: Loading first scene!
10/01/2026 16:12:45: Preferences initialized! Activating first scene!
Unloading 4 Unused Serialized files (Serialized files now loaded: 8)
UnloadTime: 0.111224 ms
10/01/2026 16:12:46: Loading: Starting to load scene: start.unity (169d7618616154c03be07e9ad3af5893)
10/01/2026 16:12:46: Set background loading budget to Normal
10/01/2026 16:12:46: Loaded localization file #0 - 'localization' language: 'English'
10/01/2026 16:12:46: Loaded localization file #1 - 'localization_extra' language: 'English'
10/01/2026 16:12:46: Loaded localization file #2 - 'heightmap_message' language: 'English'
10/01/2026 16:12:46: Loaded localization file #3 - 'localization_witch' language: 'English'
10/01/2026 16:12:46: Loaded localization file #4 - 'localization_ashlands' language: 'English'
10/01/2026 16:12:46: Loaded localization file #5 - 'localization_deepnorth' language: 'English'
10/01/2026 16:12:46: Loaded localization file #6 - 'localization_captions' language: 'English'
10/01/2026 16:12:46: Loaded localization file #7 - 'localization_warriortitles' language: 'English'
10/01/2026 16:12:46: Loaded localization file #8 - 'localization_combatupdate' language: 'English'
10/01/2026 16:12:46: Loaded localization file #9 - 'localization_ps' language: 'English'
10/01/2026 16:12:46: Loaded localization file #10 - 'localization_celebrationupdate' language: 'English'
10/01/2026 16:12:46: Loaded localization file #11 - 'localization_xbox' language: 'English'
10/01/2026 16:12:46: Loaded localization file #12 - 'localization_switch' language: 'English'
Unloading 26 unused Assets to reduce memory usage. Loaded Objects now: 3044.
Total: 4.697429 ms (FindLiveObjects: 0.168991 ms CreateObjectMapping: 0.057817 ms MarkObjects: 4.401454 ms  DeleteObjects: 0.068767 ms)

The referenced script on this Behaviour (Game Object '<null>') is missing!
10/01/2026 16:12:50: Set background loading budget to High
10/01/2026 16:12:50: GPU Device: 0000:0000 (Unknown)
The referenced script on this Behaviour (Game Object '') is missing!
AsyncResourceUpload failed.
AsyncResourceUpload failed.
The referenced script on this Behaviour (Game Object '') is missing!
The referenced script on this Behaviour (Game Object '') is missing!
The referenced script on this Behaviour (Game Object '<null>') is missing!
The referenced script on this Behaviour (Game Object '<null>') is missing!
Unloading 2 Unused Serialized files (Serialized files now loaded: 19)
10/01/2026 16:12:56: Loading: Done, Total time: -9.848776
10/01/2026 16:13:19: Set background loading budget to Low
UnloadTime: 21.100050 ms
HDR Render Texture not supported, disabling HDR on reflection probe.
This custom render path shader needs to have at least 1 passes.
Could not find material Hidden/VideoDecode. Make sure the Video shaders are included in your build, in the Built-in Shader Settings section of the Graphics Settings.
Could not find video decode shader pass YCbCr_To_RGB1 in shader <not found>
Could not find video decode shader pass YCbCrA_To_RGBAFull in shader <not found>
Could not find video decode shader pass YCbCrA_To_RGBA in shader <not found>
Could not find video decode shader pass Flip_RGBA_To_RGBA in shader <not found>
Could not find video decode shader pass Flip_RGBASplit_To_RGBA in shader <not found>
This custom render path shader needs to have at least 1 passes.
Could not find material Hidden/VideoComposite. Make sure the Video shaders are included in your build, in the Built-in Shader Settings section of the Graphics Settings.
Could not find video decode shader pass Default in shader <not found>
10/01/2026 16:13:19: Missing audio clip in music respawn
OnGUI function detected on MonoBehaviour, but not called, because IMGUI module is stripped.
10/01/2026 16:13:19: Setting -savedir to: /opt/game/nosave
10/01/2026 16:13:19: Get create world gspffworld
10/01/2026 16:13:19: SaveSystem.Reload for World is done [6ms]
10/01/2026 16:13:19:  creating
IOException: Read-only file system
  at System.IO.FileSystem.CreateDirectory (System.String fullPath) [0x00191] in <297b518d2c9f4ee5bb6b049e9ead4f70>:0 
  at System.IO.Directory.CreateDirectory (System.String path) [0x0002c] in <297b518d2c9f4ee5bb6b049e9ead4f70>:0 
  at FileHelpers.EnsureDirectoryExists (System.String path) [0x0000f] in <c8a5355ed5254ad68ca8ca7971ba1185>:0 
  at FileWriter..ctor (System.String path, Splatform.CloudStorageFileGrouping grouping, FileHelpers+FileHelperType type, FileHelpers+FileSource fileSource) [0x000a9] in <c8a5355ed5254ad68ca8ca7971ba1185>:0 
  at World.SaveWorldFWLData (System.DateTime now, FileWriter& metaWriter) [0x000fc] in <ce8d2c03de074920ac6d354c4bcb3b96>:0 
  at World.SaveWorldFWLData (System.DateTime backupTimestamp) [0x00000] in <ce8d2c03de074920ac6d354c4bcb3b96>:0 
  at World.GetCreateWorld (System.String name, FileHelpers+FileSource source) [0x00078] in <ce8d2c03de074920ac6d354c4bcb3b96>:0 
  at FejdStartup.ParseServerArguments () [0x002b0] in <ce8d2c03de074920ac6d354c4bcb3b96>:0 
  at FejdStartup.Awake () [0x0000c] in <ce8d2c03de074920ac6d354c4bcb3b96>:0 

OnGUI function detected on MonoBehaviour, but not called, because IMGUI module is stripped.
[AmplifyOcclusion] System does not support CopyTexture. CacheAware will be disabled.
10/01/2026 16:13:19: Builder started
10/01/2026 16:13:19: The WorldGenerator instance was null
NullReferenceException: The WorldGenerator instance was null
  at Heightmap.Generate () [0x0001a] in <ce8d2c03de074920ac6d354c4bcb3b96>:0 
  at Heightmap.Regenerate () [0x00007] in <ce8d2c03de074920ac6d354c4bcb3b96>:0 
  at Heightmap.OnEnable () [0x00047] in <ce8d2c03de074920ac6d354c4bcb3b96>:0 

10/01/2026 16:13:19: The WorldGenerator instance was null
NullReferenceException: The WorldGenerator instance was null
  at Heightmap.Generate () [0x0001a] in <ce8d2c03de074920ac6d354c4bcb3b96>:0 
  at Heightmap.Regenerate () [0x00007] in <ce8d2c03de074920ac6d354c4bcb3b96>:0 
  at Heightmap.OnEnable () [0x00047] in <ce8d2c03de074920ac6d354c4bcb3b96>:0 

10/01/2026 16:13:19: The WorldGenerator instance was null
NullReferenceException: The WorldGenerator instance was null
  at Heightmap.Generate () [0x0001a] in <ce8d2c03de074920ac6d354c4bcb3b96>:0 
  at Heightmap.Regenerate () [0x00007] in <ce8d2c03de074920ac6d354c4bcb3b96>:0 
  at Heightmap.OnEnable () [0x00047] in <ce8d2c03de074920ac6d354c4bcb3b96>:0 

10/01/2026 16:13:19: The WorldGenerator instance was null
NullReferenceException: The WorldGenerator instance was null
  at Heightmap.Generate () [0x0001a] in <ce8d2c03de074920ac6d354c4bcb3b96>:0 
  at Heightmap.Regenerate () [0x00007] in <ce8d2c03de074920ac6d354c4bcb3b96>:0 
  at Heightmap.OnEnable () [0x00047] in <ce8d2c03de074920ac6d354c4bcb3b96>:0 

10/01/2026 16:13:19: The WorldGenerator instance was null
NullReferenceException: The WorldGenerator instance was null
  at Heightmap.Generate () [0x0001a] in <ce8d2c03de074920ac6d354c4bcb3b96>:0 
  at Heightmap.Regenerate () [0x00007] in <ce8d2c03de074920ac6d354c4bcb3b96>:0 
  at Heightmap.OnEnable () [0x00047] in <ce8d2c03de074920ac6d354c4bcb3b96>:0 

10/01/2026 16:13:19: The WorldGenerator instance was null
NullReferenceException: The WorldGenerator instance was null
  at Heightmap.Generate () [0x0001a] in <ce8d2c03de074920ac6d354c4bcb3b96>:0 
  at Heightmap.Regenerate () [0x00007] in <ce8d2c03de074920ac6d354c4bcb3b96>:0 
  at Heightmap.OnEnable () [0x00047] in <ce8d2c03de074920ac6d354c4bcb3b96>:0 

10/01/2026 16:13:19: The WorldGenerator instance was null
NullReferenceException: The WorldGenerator instance was null
  at Heightmap.Generate () [0x0001a] in <ce8d2c03de074920ac6d354c4bcb3b96>:0 
  at Heightmap.Regenerate () [0x00007] in <ce8d2c03de074920ac6d354c4bcb3b96>:0 
  at Heightmap.OnEnable () [0x00047] in <ce8d2c03de074920ac6d354c4bcb3b96>:0 

10/01/2026 16:13:19: The WorldGenerator instance was null
NullReferenceException: The WorldGenerator instance was null
  at Heightmap.Generate () [0x0001a] in <ce8d2c03de074920ac6d354c4bcb3b96>:0 
  at Heightmap.Regenerate () [0x00007] in <ce8d2c03de074920ac6d354c4bcb3b96>:0 
  at Heightmap.OnEnable () [0x00047] in <ce8d2c03de074920ac6d354c4bcb3b96>:0 

10/01/2026 16:13:19: The WorldGenerator instance was null
NullReferenceException: The WorldGenerator instance was null
  at Heightmap.Generate () [0x0001a] in <ce8d2c03de074920ac6d354c4bcb3b96>:0 
  at Heightmap.Regenerate () [0x00007] in <ce8d2c03de074920ac6d354c4bcb3b96>:0 
  at Heightmap.OnEnable () [0x00047] in <ce8d2c03de074920ac6d354c4bcb3b96>:0 

The shader Hidden/Dof/DepthOfFieldHdr (UnityEngine.Shader) on effect Main Camera (UnityStandardAssets.ImageEffects.DepthOfField) is not supported on this platform!
The image effect Main Camera (UnityStandardAssets.ImageEffects.DepthOfField) has been disabled as it's not supported on the current platform.
The shader Hidden/SunShaftsComposite (UnityEngine.Shader) on effect Main Camera (UnityStandardAssets.ImageEffects.SunShafts) is not supported on this platform!
The shader Hidden/SimpleClear (UnityEngine.Shader) on effect Main Camera (UnityStandardAssets.ImageEffects.SunShafts) is not supported on this platform!
The image effect Main Camera (UnityStandardAssets.ImageEffects.SunShafts) has been disabled as it's not supported on the current platform.
Unloading 105970 unused Assets to reduce memory usage. Loaded Objects now: 276133.
Total: 492.920946 ms (FindLiveObjects: 62.594895 ms CreateObjectMapping: 100.341107 ms MarkObjects: 263.392466 ms  DeleteObjects: 66.591718 ms)

[AmplifyOcclusion] GBuffer Normals only available in Camera Deferred Shading mode. Switched to Camera source.
10/01/2026 16:16:25: Stopping build thread
[Physics::Module] Cleanup current backned.
[Physics::Module] Id: 0xf2b8ea05
Input System module state changed to: ShutdownInProgress.
Input System polling thread exited.
Input System module state changed to: Shutdown.
