﻿Error Logging Enabled.
﻿﻿
Servidor v1.4.5.8 de Terraria

Creating world - Seed: gsp-seed, Width: 4200, Height: 1200, Evil: -1, Difficulty: 1
Reiniciando objetos del juego 1%
Reiniciando objetos del juego 2%
# … 97 more progress lines like these, dropped from the fixture …
Reiniciando objetos del juego 100%
0,0% - Generando terreno del mundo - 0,2%
0,0% - Generando terreno del mundo - 7,2%
# … 880 more progress lines like these, dropped from the fixture …
0,4% - Generando terreno del mundo - 0,0%
0,4% - Añadiendo arena - 0,0%
0,6% - Añadiendo arena - 0,0%
0,6% - Generando la arena oceánica - 0,0%
0,6% - Generando la arena oceánica - 33,3%
# … 1 more progress lines like these, dropped from the fixture …
0,6% - Generando la arena oceánica - 0,0%
0,6% - Generando zonas arenosas - 0,0%
0,6% - Generando zonas arenosas - 1,9%
# … 52 more progress lines like these, dropped from the fixture …
1,0% - Generando zonas arenosas - 0,0%
1,0% - Generando túneles en la superficie - 0,0%
1,0% - Generando túneles en la superficie - 16,7%
# … 4 more progress lines like these, dropped from the fixture …
1,0% - Generando túneles en la superficie - 0,0%
1,0% - Generando colinas - 0,0%
1,0% - Generando colinas - 25,0%
# … 2 more progress lines like these, dropped from the fixture …
1,1% - Generando colinas - 0,0%
1,1% - Poniendo polvo tras el polvo - 0,0%
1,1% - Poniendo polvo tras el polvo - 0,3%
# … 642 more progress lines like these, dropped from the fixture …
1,4% - Poniendo polvo tras el polvo - 0,0%
1,4% - Añadiendo rocas a la tierra - 0,0%
1,8% - Añadiendo rocas a la tierra - 34,0%
# … 1 more progress lines like these, dropped from the fixture …
2,7% - Añadiendo rocas a la tierra - 0,0%
2,7% - Añadiendo tierra a las rocas - 0,0%
2,7% - Añadiendo tierra a las rocas - 0,1%
# … 997 more progress lines like these, dropped from the fixture …
4,0% - Añadiendo tierra a las rocas - 0,0%
4,0% - Añadiendo arcilla - 0,0%
4,1% - Añadiendo arcilla - 25,0%
# … 2 more progress lines like these, dropped from the fixture …
4,3% - Añadiendo arcilla - 0,0%
4,3% - Generando agujeros aleatorios - 0,0%
4,3% - Generando agujeros aleatorios - 0,1%
# … 1020 more progress lines like these, dropped from the fixture …
6,9% - Generando agujeros aleatorios - 0,0%
6,9% - Generando cuevas pequeñas - 0,0%
6,9% - Generando cuevas pequeñas - 0,7%
# … 144 more progress lines like these, dropped from the fixture …
7,1% - Generando cuevas pequeñas - 0,0%
7,1% - Generando cuevas grandes - 0,0%
7,1% - Generando cuevas grandes - 0,2%
# … 651 more progress lines like these, dropped from the fixture …
9,5% - Generando cuevas grandes - 0,0%
9,5% - Generando cuevas en la superficie - 0,0%
9,5% - Generando cuevas en la superficie - 5,0%
# … 14 more progress lines like these, dropped from the fixture …
9,6% - Generando cuevas en la superficie - 0,0%
9,6% - Añadiendo de nieve - 0,0%
9,6% - Añadiendo de nieve - 0,1%
# … 970 more progress lines like these, dropped from the fixture …
9,7% - Añadiendo de nieve - 0,0%
9,7% - Generando selva - 0,0%
11,0% - Generando selva - 15,0%
# … 48 more progress lines like these, dropped from the fixture …
18,6% - Generando selva - 0,0%
18,6% - Añadiendo más hierba - 0,0%
18,6% - Añadiendo más hierba - 0,1%
# … 1023 more progress lines like these, dropped from the fixture …
21,6% - Añadiendo más hierba - 0,0%
21,6% - Desertificando - 0,0%
21,6% - Desertificando - 0,1%
# … 722 more progress lines like these, dropped from the fixture …
30,2% - Desertificando - 0,0%
30,2% - Añadiendo parcelas de champiñones - 0,0%
30,2% - Añadiendo parcelas de champiñones - 5,5%
# … 643 more progress lines like these, dropped from the fixture …
30,8% - Añadiendo parcelas de champiñones - 0,0%
30,8% - Cincelando mármol - 0,0%
32,0% - Cincelando mármol - 25,0%
# … 2 more progress lines like these, dropped from the fixture …
35,5% - Cincelando mármol - 0,0%
35,5% - Generando granito - 0,0%
35,6% - Generando granito - 5,0%
# … 6 more progress lines like these, dropped from the fixture …
37,4% - Generando granito - 0,0%
37,4% - Generando islas flotantes - 0,0%
37,7% - Generando islas flotantes - 25,0%
# … 2 more progress lines like these, dropped from the fixture …
38,6% - Generando islas flotantes - 0,0%
38,6% - Añadiendo lodo a la tierra - 0,0%
38,6% - Añadiendo lodo a la tierra - 0,1%
# … 964 more progress lines like these, dropped from the fixture …
38,9% - Añadiendo lodo a la tierra - 0,0%
38,9% - Añadiendo cieno - 0,0%
38,9% - Añadiendo cieno - 0,1%
# … 754 more progress lines like these, dropped from the fixture …
39,1% - Añadiendo cieno - 0,0%
39,1% - Añadiendo tesoros - 0,0%
39,1% - Añadiendo tesoros - 8,3%
# … 11 more progress lines like these, dropped from the fixture …
39,3% - Añadiendo tesoros - 0,0%
39,3% - Añadiendo telas de araña - 0,0%
39,4% - Añadiendo telas de araña - 0,0%
39,4% - Creando Inframundo - 0,0%
39,4% - Creando Inframundo - 0,1%
# … 754 more progress lines like these, dropped from the fixture …
47,3% - Creando Inframundo - 0,0%
47,3% - Creando un mundo sangriento - 0,0%
47,8% - Creando un mundo sangriento - 52,9%
48,2% - Creando un mundo sangriento - 0,0%
48,2% - Añadiendo cursos de agua - 0,0%
48,2% - Añadiendo cursos de agua - 33,3%
# … 2 more progress lines like these, dropped from the fixture …
48,3% - Añadiendo cursos de agua - 0,0%
48,3% - Creando mazmorra: preparación - 0,0%
48,3% - Creando mazmorra: colocación de habitaciones y pasillos - 0,0%
48,5% - Creando mazmorra: colocación de habitaciones y pasillos - 60,0%
48,6% - Creando mazmorra: colocación del pasillo en la superficie y la entrada - 65,0%
48,6% - Creando mazmorra: colocación del pasillo en la superficie y la entrada - 67,5%
48,6% - Creando mazmorra: búsqueda de puertas y plataformas - 67,5%
48,6% - Creando mazmorra: características iniciales - 70,0%
48,6% - Creando mazmorra: colocación de púas - 75,0%
48,6% - Creando mazmorra: colocación de púas - 80,0%
48,6% - Creando mazmorra: colocación de puertas - 80,0%
48,6% - Creando mazmorra: colocación de puertas - 82,5%
48,6% - Creando mazmorra: colocación de distintos tipos de paredes - 82,5%
48,6% - Creando mazmorra: colocación de distintos tipos de paredes - 85,0%
48,6% - Creando mazmorra: colocación de plataformas - 85,0%
48,7% - Creando mazmorra: colocación de cofres de biomedio - 87,5%
48,7% - Creando mazmorra: colocación de estanterías - 90,0%
48,7% - Creando mazmorra: colocación de cofres - 92,0%
48,7% - Creando mazmorra: expansión de la zona - 93,5%
48,7% - Creando mazmorra: colocación de luces - 94,0%
48,7% - Creando mazmorra: colocación de trampas - 95,0%
48,7% - Creando mazmorra: colocación de muebles - 96,0%
48,7% - Creando mazmorra: colocación de cuadros - 97,0%
48,7% - Creando mazmorra: colocación de estandartes - 97,0%
48,7% - Creando mazmorra: colocación de estandartes - 98,0%
48,7% - Creando mazmorra: colocación de últimas características - 99,0%
48,7% - Creando mazmorra: últimos retoques - 100,0%
48,7% - Creando mazmorra: últimos retoques - 0,0%
48,7% - Generando cuevas en montañas - 0,0%
48,7% - Generando cuevas en montañas - 33,3%
# … 1 more progress lines like these, dropped from the fixture …
48,7% - Generando cuevas en montañas - 0,0%
48,7% - Creando playas - 0,0%
48,7% - Creando playas - 0,2%
# … 254 more progress lines like these, dropped from the fixture …
48,7% - Creando playas - 0,0%
48,7% - Añadiendo gemas - 0,0%
48,9% - Añadiendo gemas - 16,7%
# … 5 more progress lines like these, dropped from the fixture …
49,5% - Añadiendo gemas - 0,0%
49,5% - Gravitando arena - 0,0%
49,5% - Gravitando arena - 0,1%
# … 776 more progress lines like these, dropped from the fixture …
50,3% - Gravitando arena - 0,0%
50,3% - Formando las profundidades - 0,0%
50,3% - Limpiando de tierra los entornos - 0,0%
50,3% - Limpiando de tierra los entornos - 0,1%
# … 922 more progress lines like these, dropped from the fixture …
51,0% - Limpiando de tierra los entornos - 0,0%
51,0% - Generando árboles gigantes - 0,0%
51,0% - Generando árboles gigantes - 50,0%
# … 355 more progress lines like these, dropped from the fixture …
51,1% - Generando árboles gigantes - 0,0%
51,1% - Colocando altares - 0,0%
51,1% - Colocando altares - 6,3%
# … 16 more progress lines like these, dropped from the fixture …
51,1% - Colocando altares - 0,0%
51,1% - Creando ruinas selvática - 0,0%
51,1% - Creando ruinas selvática - 0,6%
# … 107 more progress lines like these, dropped from the fixture …
51,7% - Creando ruinas selvática - 0,0%
51,7% - Creando nidos de avispas - 0,0%
51,7% - Creando nidos de avispas - 16,7%
# … 4 more progress lines like these, dropped from the fixture …
52,0% - Creando nidos de avispas - 0,0%
52,0% - Distribuyendo líquidos - 0,0%
54,7% - Distribuyendo líquidos - 33,0%
# … 92 more progress lines like these, dropped from the fixture …
60,3% - Distribuyendo líquidos - 0,0%
60,3% - Generando oasis - 0,0%
60,3% - Generando oasis - 50,0%
60,3% - Generando oasis - 0,0%
60,3% - Generando montones de conchas - 0,0%
60,3% - Generando montones de conchas - 33,0%
60,3% - Generando montones de conchas - 0,0%
60,3% - Suavizando el mundo - 0,0%
60,3% - Suavizando el mundo - 0,2%
# … 1033 more progress lines like these, dropped from the fixture …
65,5% - Suavizando el mundo - 0,0%
65,5% - Creando cascadas - 0,0%
65,5% - Creando cascadas - 0,3%
# … 1021 more progress lines like these, dropped from the fixture …
69,2% - Creando cascadas - 0,0%
69,2% - Erosionando las cavernas - 0,0%
69,3% - Erosionando las cavernas - 0,3%
# … 298 more progress lines like these, dropped from the fixture …
73,9% - Erosionando las cavernas - 0,0%
73,9% - Colocando cristales de vida - 0,0%
73,9% - Colocando cristales de vida - 1,0%
# … 51 more progress lines like these, dropped from the fixture …
73,9% - Colocando cristales de vida - 0,0%
73,9% - Colocando estatuas - 0,0%
73,9% - Ocultando tesoros - 0,0%
74,0% - Ocultando tesoros - 1,1%
# … 86 more progress lines like these, dropped from the fixture …
74,9% - Ocultando tesoros - 0,0%
74,9% - Ocultando más tesoros - 0,0%
74,9% - Ocultando más tesoros - 4,8%
# … 19 more progress lines like these, dropped from the fixture …
74,9% - Ocultando más tesoros - 0,0%
74,9% - Ocultando tesoros en la selva - 0,0%
74,9% - Ocultando tesoros en la selva - 14,3%
# … 5 more progress lines like these, dropped from the fixture …
74,9% - Ocultando tesoros en la selva - 0,0%
74,9% - Ocultando tesoros en el agua - 0,0%
74,9% - Ocultando tesoros en el agua - 11,1%
# … 7 more progress lines like these, dropped from the fixture …
74,9% - Ocultando tesoros en el agua - 0,0%
74,9% - Criando las arañas de las cuevas - 0,0%
75,0% - Criando las arañas de las cuevas - 4,8%
# … 32 more progress lines like these, dropped from the fixture …
75,4% - Criando las arañas de las cuevas - 0,0%
75,4% - Musguificando - 0,0%
75,4% - Musguificando - 2,4%
# … 40 more progress lines like these, dropped from the fixture …
76,0% - Musguificando - 0,0%
76,0% - Creando las paredes de las cuevas - 0,0%
76,0% - Creando las paredes de las cuevas - 0,4%
# … 250 more progress lines like these, dropped from the fixture …
76,0% - Creando las paredes de las cuevas - 0,0%
76,0% - Cultivando madera de caoba rica - 0,0%
76,0% - Cultivando madera de caoba rica - 0,1%
# … 956 more progress lines like these, dropped from the fixture …
76,7% - Cultivando madera de caoba rica - 0,0%
76,7% - Generando casas en las islas celestes - 0,0%
76,7% - Generando casas en las islas celestes - 25,0%
# … 1 more progress lines like these, dropped from the fixture …
76,7% - Generando casas en las islas celestes - 0,0%
76,7% - Limpieza rápida - 0,0%
76,7% - Limpieza rápida - 0,1%
# … 922 more progress lines like these, dropped from the fixture …
77,9% - Limpieza rápida - 0,0%
77,9% - Colocando objetos quebradizos - 0,0%
77,9% - Colocando objetos quebradizos - 0,1%
# … 961 more progress lines like these, dropped from the fixture …
79,4% - Colocando objetos quebradizos - 0,0%
79,4% - Colocando forjas infernales - 0,0%
79,4% - Colocando forjas infernales - 4,8%
# … 18 more progress lines like these, dropped from the fixture …
79,4% - Colocando forjas infernales - 0,0%
79,4% - Plantando césped - 0,1%
79,4% - Plantando césped - 0,2%
# … 515 more progress lines like these, dropped from the fixture …
79,5% - Plantando césped - 0,0%
79,5% - Derribando árboles - 0,0%
79,5% - Colocando trampas - 0,0%
79,5% - Colocando trampas - 0,2%
# … 221 more progress lines like these, dropped from the fixture …
80,0% - Colocando trampas - 0,0%
80,0% - Colocando objetos - 0,0%
80,0% - Colocando objetos - 0,1%
# … 593 more progress lines like these, dropped from the fixture …
80,8% - Colocando objetos - 0,0%
80,8% - Plantando girasoles - 0,0%
80,8% - Plantando girasoles - 11,9%
# … 6 more progress lines like these, dropped from the fixture …
80,8% - Plantando girasoles - 0,0%
80,8% - Plantando árboles - 0,0%
80,8% - Plantando árboles - 7,9%
# … 11 more progress lines like these, dropped from the fixture …
81,1% - Plantando árboles - 0,0%
81,1% - Plantando hierbas - 0,0%
81,1% - Plantando hierbas - 0,1%
# … 908 more progress lines like these, dropped from the fixture …
81,9% - Plantando hierbas - 0,0%
81,9% - Plantando hierbajos - 0,0%
81,9% - Plantando hierbajos - 0,1%
# … 911 more progress lines like these, dropped from the fixture …
83,2% - Plantando hierbajos - 0,0%
83,2% - Plantando enredaderas - 0,1%
83,2% - Plantando enredaderas - 0,2%
# … 1001 more progress lines like these, dropped from the fixture …
84,2% - Plantando enredaderas - 0,0%
84,2% - Plantando flores - 0,0%
84,2% - Plantando flores - 6,3%
# … 12 more progress lines like these, dropped from the fixture …
84,2% - Plantando flores - 0,0%
84,2% - Cultivando champiñones - 0,0%
84,2% - Cultivando champiñones - 25,0%
# … 9 more progress lines like these, dropped from the fixture …
84,3% - Cultivando champiñones - 0,0%
84,3% - Plantando musgo largo - 0,1%
84,3% - Plantando musgo largo - 0,2%
# … 945 more progress lines like these, dropped from the fixture …
84,9% - Plantando musgo largo - 0,0%
84,9% - Generando estructuras - 0,0%
85,0% - Generando estructuras - 0,7%
# … 136 more progress lines like these, dropped from the fixture …
88,1% - Generando estructuras - 0,0%
88,1% - Distribuyendo líquidos - 0,0%
90,1% - Distribuyendo líquidos - 33,0%
# … 68 more progress lines like these, dropped from the fixture …
94,3% - Distribuyendo líquidos - 0,0%
94,3% - Plantando cactus - 0,0%
94,3% - Plantando cactus - 33,3%
# … 1 more progress lines like these, dropped from the fixture …
94,3% - Plantando cactus - 0,0%
94,3% - Limpiando - 0,0%
94,3% - Limpiando - 0,1%
# … 1011 more progress lines like these, dropped from the fixture …
96,0% - Limpiando - 0,0%
96,0% - Cultivando plantas marinas - 0,5%
96,0% - Cultivando plantas marinas - 0,6%
# … 945 more progress lines like these, dropped from the fixture …
96,0% - Cultivando plantas marinas - 0,5%
96,0% - Cultivando espeleotemas y árboles de gemas - 0,5%
96,0% - Cultivando espeleotemas y árboles de gemas - 0,6%
# … 1004 more progress lines like these, dropped from the fixture …
97,0% - Cultivando espeleotemas y árboles de gemas - 0,0%
97,0% - Desarmando las trampas rotas - 0,0%
97,0% - Desarmando las trampas rotas - 0,1%
# … 942 more progress lines like these, dropped from the fixture …
98,2% - Desarmando las trampas rotas - 0,0%
98,2% - Limpiando los últimos detalles - 0,0%
98,2% - Limpiando los últimos detalles - 0,1%
# … 1015 more progress lines like these, dropped from the fixture …
100,0% - Limpiando los últimos detalles - 100,0%
100,0% - Finalizando el mundo - 0,0%
Reiniciando objetos del juego 39%
100,0% - Finalizando el mundo - 0,0%
Servidor v1.4.5.8 de Terraria

Escuchando en puerto 7777
Escribe "help" para ver una lista de comandos.

: Servidor iniciado
> maxplayers
Límite de jugadores: 4
: 
> motd
Lema del día: From config ☃
: 
> password
No se determinó una contraseña.
: 
> seed
Semilla del mundo 0.2.1.0.gsp-seed
: 
> port
Puerto: 7777
: 
> time
Hora: 8:15 A. M.
: 
> help
Comandos disponibles:

help		Muestra una lista de comandos.
playing		Muestra la lista de jugadores.
borrar		Borrar la ventana de la consola.
exit		Cerrar el servidor y guardar.
exit-nosave	Cerrar el servidor sin guardar.
save		Guardar el mundo de juego.
kick <player>	Expulsa del servidor a un jugador.
ban <player>	Banea del servidor a un jugador.
password	Mostrar contraseña.
password <pass>	Cambiar contraseña.
version		Imprime el número de versión.
time		Muestra el tiempo de juego
port		Imprime el puerto de escucha.
maxplayers	Imprime el número máximo de jugadores.
say <words>	Enviar un mensaje.
motd		Imprimir lema del día.
motd <words>	Cambiar lema del día.
dawn		Cambiar la hora al amanecer.
noon		Cambiar la hora al mediodía.
dusk		Cambiar la hora al atardecer.
midnight	Cambiar la hora a la medianoche.
settle		Asentar el agua.
semilla		Muestra la semilla del mundo.
: 
# client: connected
192.0.2.1:50510 se está conectando...
Se ha iniciado 192.0.2.1:50510: Has sido expulsado de este servidor.
# client: KICKED: LegacyMultiplayer.3
# client: connection closed
> exit-nosave
