﻿Error Logging Enabled.
﻿﻿
Terraria Server v1.4.5.8

Creating world - Seed: 2035260465, Width: 4200, Height: 1200, Evil: -1, Difficulty: 0
Resetting game objects 1%
Resetting game objects 2%
# … 97 more progress lines like these, dropped from the fixture …
Resetting game objects 100%
0.0% - Generating world terrain - 0.1%
0.0% - Generating world terrain - 4.6%
# … 858 more progress lines like these, dropped from the fixture …
0.4% - Generating world terrain - 0.0%
0.4% - Adding sand - 0.0%
0.5% - Adding sand - 50.0%
0.6% - Adding sand - 0.0%
0.6% - Generating ocean sand - 0.0%
0.6% - Generating ocean sand - 33.3%
# … 1 more progress lines like these, dropped from the fixture …
0.6% - Generating ocean sand - 0.0%
0.6% - Generating sand patches - 0.0%
0.6% - Generating sand patches - 1.9%
# … 52 more progress lines like these, dropped from the fixture …
1.0% - Generating sand patches - 0.0%
1.0% - Generating surface tunnels - 0.0%
1.0% - Generating surface tunnels - 16.7%
# … 5 more progress lines like these, dropped from the fixture …
1.0% - Generating surface tunnels - 0.0%
1.0% - Generating hills - 0.0%
1.0% - Generating hills - 25.0%
# … 2 more progress lines like these, dropped from the fixture …
1.1% - Generating hills - 0.0%
1.1% - Putting dirt behind dirt - 0.0%
1.1% - Putting dirt behind dirt - 0.1%
# … 846 more progress lines like these, dropped from the fixture …
1.4% - Putting dirt behind dirt - 0.0%
1.4% - Placing rocks in the dirt - 0.0%
1.8% - Placing rocks in the dirt - 34.0%
# … 1 more progress lines like these, dropped from the fixture …
2.7% - Placing rocks in the dirt - 0.0%
2.7% - Placing dirt in the rocks - 0.0%
2.7% - Placing dirt in the rocks - 0.1%
# … 994 more progress lines like these, dropped from the fixture …
4.0% - Placing dirt in the rocks - 0.0%
4.0% - Adding clay - 0.0%
4.1% - Adding clay - 25.0%
# … 2 more progress lines like these, dropped from the fixture …
4.3% - Adding clay - 0.0%
4.3% - Making random holes - 0.0%
4.3% - Making random holes - 0.1%
# … 1024 more progress lines like these, dropped from the fixture …
6.9% - Making random holes - 0.0%
6.9% - Generating small caves - 0.0%
6.9% - Generating small caves - 0.7%
# … 149 more progress lines like these, dropped from the fixture …
7.1% - Generating small caves - 0.0%
7.1% - Generating large caves - 0.0%
7.1% - Generating large caves - 0.2%
# … 653 more progress lines like these, dropped from the fixture …
9.5% - Generating large caves - 0.0%
9.5% - Generating surface caves - 0.0%
9.5% - Generating surface caves - 2.5%
# … 15 more progress lines like these, dropped from the fixture …
9.6% - Generating surface caves - 0.0%
9.6% - Adding snow - 0.0%
9.6% - Adding snow - 0.1%
# … 1351 more progress lines like these, dropped from the fixture …
9.7% - Adding snow - 0.0%
9.7% - Generating jungle - 0.0%
11.0% - Generating jungle - 15.0%
# … 48 more progress lines like these, dropped from the fixture …
18.6% - Generating jungle - 0.0%
18.6% - Adding more grass - 0.0%
18.6% - Adding more grass - 0.1%
# … 1018 more progress lines like these, dropped from the fixture …
21.6% - Adding more grass - 0.0%
21.6% - Desertification - 0.0%
21.6% - Desertification - 0.1%
# … 723 more progress lines like these, dropped from the fixture …
30.2% - Desertification - 0.0%
30.2% - Adding mushroom patches - 0.0%
30.2% - Adding mushroom patches - 5.5%
# … 677 more progress lines like these, dropped from the fixture …
30.8% - Adding mushroom patches - 0.0%
30.8% - Chiseling marble - 0.0%
31.5% - Chiseling marble - 14.3%
# … 6 more progress lines like these, dropped from the fixture …
35.5% - Chiseling marble - 0.0%
35.5% - Growing granite - 0.0%
35.6% - Growing granite - 2.9%
# … 12 more progress lines like these, dropped from the fixture …
37.4% - Growing granite - 0.0%
37.4% - Generating floating islands - 0.0%
37.7% - Generating floating islands - 25.0%
# … 2 more progress lines like these, dropped from the fixture …
38.6% - Generating floating islands - 0.0%
38.6% - Placing mud in the dirt - 0.0%
38.6% - Placing mud in the dirt - 0.1%
# … 982 more progress lines like these, dropped from the fixture …
38.9% - Placing mud in the dirt - 0.0%
38.9% - Adding silt - 0.0%
38.9% - Adding silt - 0.1%
# … 883 more progress lines like these, dropped from the fixture …
39.1% - Adding silt - 0.0%
39.1% - Adding shinies - 0.0%
39.1% - Adding shinies - 8.3%
# … 9 more progress lines like these, dropped from the fixture …
39.3% - Adding shinies - 0.0%
39.3% - Adding webs - 0.0%
39.4% - Adding webs - 0.0%
39.4% - Creating underworld - 0.0%
39.4% - Creating underworld - 0.1%
# … 714 more progress lines like these, dropped from the fixture …
47.3% - Creating underworld - 0.0%
47.3% - Making the world bloody - 0.0%
47.8% - Making the world bloody - 52.9%
48.2% - Making the world bloody - 0.0%
48.2% - Adding water bodies - 0.0%
48.2% - Adding water bodies - 25.0%
# … 3 more progress lines like these, dropped from the fixture …
48.3% - Adding water bodies - 0.0%
48.3% - Creating dungeon - preparing - 0.0%
48.3% - Creating dungeon - placing rooms and hallways - 0.0%
48.5% - Creating dungeon - placing rooms and hallways - 60.0%
48.6% - Creating dungeon - placing hallway to surface and entrance - 65.0%
48.6% - Creating dungeon - finding doors and platforms - 67.5%
48.6% - Creating dungeon - early features - 70.0%
48.6% - Creating dungeon - placing spikes - 75.0%
48.6% - Creating dungeon - placing doors - 80.0%
48.6% - Creating dungeon - placing wall variants - 82.5%
48.6% - Creating dungeon - placing platforms - 85.0%
48.7% - Creating dungeon - placing biome chests - 87.5%
48.7% - Creating dungeon - placing bookshelves - 90.0%
48.7% - Creating dungeon - placing chests - 92.0%
48.7% - Creating dungeon - expanding area - 93.5%
48.7% - Creating dungeon - placing lights - 94.0%
48.7% - Creating dungeon - placing traps - 95.0%
48.7% - Creating dungeon - placing furniture - 96.0%
48.7% - Creating dungeon - placing pictures - 97.0%
48.7% - Creating dungeon - placing pictures - 98.0%
48.7% - Creating dungeon - placing banners - 98.0%
48.7% - Creating dungeon - placing late features - 99.0%
48.7% - Creating dungeon - finishing up - 100.0%
48.7% - Creating dungeon - finishing up - 0.0%
48.7% - Generating mountain caves - 0.0%
48.7% - Generating mountain caves - 33.3%
# … 1 more progress lines like these, dropped from the fixture …
48.7% - Generating mountain caves - 0.0%
48.7% - Creating beaches - 0.0%
48.7% - Creating beaches - 0.2%
# … 274 more progress lines like these, dropped from the fixture …
48.7% - Creating beaches - 0.0%
48.7% - Adding gems - 0.0%
48.9% - Adding gems - 16.7%
# … 4 more progress lines like these, dropped from the fixture …
49.5% - Adding gems - 0.0%
49.5% - Gravitating sand - 0.0%
49.5% - Gravitating sand - 0.1%
# … 1001 more progress lines like these, dropped from the fixture …
50.3% - Gravitating sand - 0.0%
50.3% - Cleaning up dirt backgrounds - 0.0%
50.3% - Cleaning up dirt backgrounds - 0.1%
# … 999 more progress lines like these, dropped from the fixture …
51.0% - Cleaning up dirt backgrounds - 0.0%
51.0% - Generating giant trees - 0.0%
51.0% - Generating giant trees - 50.0%
# … 466 more progress lines like these, dropped from the fixture …
51.1% - Generating giant trees - 0.0%
51.1% - Placing altars - 0.0%
51.1% - Placing altars - 6.3%
# … 16 more progress lines like these, dropped from the fixture …
51.1% - Placing altars - 0.0%
51.1% - Creating jungle ruins - 0.0%
51.1% - Creating jungle ruins - 0.8%
# … 93 more progress lines like these, dropped from the fixture …
51.7% - Creating jungle ruins - 0.0%
51.7% - Creating hornet nests - 0.0%
51.7% - Creating hornet nests - 14.3%
# … 5 more progress lines like these, dropped from the fixture …
52.0% - Creating hornet nests - 0.0%
52.0% - Settling liquids - 0.0%
54.7% - Settling liquids - 33.0%
# … 90 more progress lines like these, dropped from the fixture …
60.3% - Settling liquids - 0.0%
60.3% - Generating oasis - 0.0%
60.3% - Generating oasis - 33.3%
# … 1 more progress lines like these, dropped from the fixture …
60.3% - Generating oasis - 0.0%
60.3% - Generating shell piles - 0.0%
60.3% - Smoothing the world - 0.2%
60.3% - Smoothing the world - 0.3%
# … 1036 more progress lines like these, dropped from the fixture …
65.5% - Smoothing the world - 0.0%
65.5% - Creating waterfalls - 0.0%
65.5% - Creating waterfalls - 0.2%
# … 1025 more progress lines like these, dropped from the fixture …
69.2% - Creating waterfalls - 0.0%
69.2% - Weathering caverns - 0.0%
69.3% - Weathering caverns - 0.3%
# … 298 more progress lines like these, dropped from the fixture …
73.9% - Weathering caverns - 0.0%
73.9% - Placing life crystals - 0.0%
73.9% - Placing life crystals - 1.0%
# … 39 more progress lines like these, dropped from the fixture …
73.9% - Placing life crystals - 0.0%
73.9% - Placing statues - 0.0%
73.9% - Hiding treasure - 0.0%
74.0% - Hiding treasure - 1.1%
# … 89 more progress lines like these, dropped from the fixture …
74.9% - Hiding treasure - 0.0%
74.9% - Hiding more treasure - 0.0%
74.9% - Hiding more treasure - 4.8%
# … 19 more progress lines like these, dropped from the fixture …
74.9% - Hiding more treasure - 0.0%
74.9% - Hiding jungle treasure - 0.0%
74.9% - Hiding jungle treasure - 12.5%
# … 6 more progress lines like these, dropped from the fixture …
74.9% - Hiding jungle treasure - 0.0%
74.9% - Hiding water treasure - 0.0%
74.9% - Hiding water treasure - 11.1%
# … 7 more progress lines like these, dropped from the fixture …
74.9% - Hiding water treasure - 0.0%
74.9% - Growing spider caves - 0.0%
74.9% - Growing spider caves - 4.8%
# … 1 more progress lines like these, dropped from the fixture …
75.0% - Growing spider caves - 9.5%
> exit
75.0% - Growing spider caves - 14.3%
75.0% - Growing spider caves - 19.0%
# … 29 more progress lines like these, dropped from the fixture …
75.4% - Growing spider caves - 0.0%
75.4% - Mossification - 0.0%
75.4% - Mossification - 2.4%
# … 39 more progress lines like these, dropped from the fixture …
76.0% - Mossification - 0.0%
76.0% - Making cave walls - 0.0%
76.0% - Making cave walls - 0.4%
# … 250 more progress lines like these, dropped from the fixture …
76.0% - Making cave walls - 0.0%
76.0% - Growing rich mahogany - 0.0%
76.0% - Growing rich mahogany - 0.1%
# … 698 more progress lines like these, dropped from the fixture …
76.7% - Growing rich mahogany - 0.0%
76.7% - Generating sky island houses - 0.0%
76.7% - Generating sky island houses - 25.0%
# … 1 more progress lines like these, dropped from the fixture …
76.7% - Generating sky island houses - 0.0%
76.7% - Quick cleanup - 0.0%
76.7% - Quick cleanup - 0.1%
# … 888 more progress lines like these, dropped from the fixture …
77.9% - Quick cleanup - 0.0%
77.9% - Placing breakables - 0.0%
77.9% - Placing breakables - 0.1%
# … 992 more progress lines like these, dropped from the fixture …
79.4% - Placing breakables - 0.0%
79.4% - Placing hellforges - 0.0%
79.4% - Placing hellforges - 4.8%
# … 19 more progress lines like these, dropped from the fixture …
79.4% - Placing hellforges - 0.0%
79.4% - Spreading grass - 0.0%
79.4% - Spreading grass - 0.1%
# … 543 more progress lines like these, dropped from the fixture …
79.5% - Spreading grass - 0.0%
79.5% - Felling trees - 0.0%
79.5% - Felling trees - 50.0%
79.5% - Felling trees - 0.0%
79.5% - Placing traps - 0.0%
79.5% - Placing traps - 0.2%
# … 221 more progress lines like these, dropped from the fixture …
80.0% - Placing traps - 0.0%
80.0% - Placing objects - 0.0%
80.0% - Placing objects - 0.1%
# … 645 more progress lines like these, dropped from the fixture …
80.8% - Placing objects - 0.0%
80.8% - Planting sunflowers - 0.0%
80.8% - Planting sunflowers - 11.9%
# … 7 more progress lines like these, dropped from the fixture …
80.8% - Planting sunflowers - 0.0%
80.8% - Planting trees - 0.0%
80.8% - Planting trees - 7.9%
# … 11 more progress lines like these, dropped from the fixture …
81.1% - Planting trees - 0.0%
81.1% - Planting herbs - 0.0%
81.1% - Planting herbs - 0.1%
# … 772 more progress lines like these, dropped from the fixture …
81.9% - Planting herbs - 0.0%
81.9% - Planting weeds - 0.0%
81.9% - Planting weeds - 0.1%
# … 986 more progress lines like these, dropped from the fixture …
83.2% - Planting weeds - 0.0%
83.2% - Growing vines - 0.0%
83.2% - Growing vines - 0.1%
# … 1004 more progress lines like these, dropped from the fixture …
84.2% - Growing vines - 0.0%
84.2% - Planting flowers - 0.0%
84.2% - Planting flowers - 6.3%
# … 14 more progress lines like these, dropped from the fixture …
84.2% - Planting flowers - 0.0%
84.2% - Planting mushrooms - 0.0%
84.2% - Planting mushrooms - 37.5%
# … 7 more progress lines like these, dropped from the fixture …
84.3% - Planting mushrooms - 0.0%
84.3% - Growing long moss - 0.0%
84.3% - Growing long moss - 0.2%
# … 978 more progress lines like these, dropped from the fixture …
84.9% - Growing long moss - 0.0%
84.9% - Generating structures - 0.0%
85.0% - Generating structures - 0.9%
# … 141 more progress lines like these, dropped from the fixture …
88.1% - Generating structures - 0.0%
88.1% - Settling liquids - 0.0%
90.1% - Settling liquids - 33.0%
# … 68 more progress lines like these, dropped from the fixture …
94.3% - Settling liquids - 0.0%
94.3% - Growing cacti - 0.0%
94.3% - Growing cacti - 33.3%
# … 1 more progress lines like these, dropped from the fixture …
94.3% - Growing cacti - 0.0%
94.3% - Clean up - 0.0%
94.3% - Clean up - 0.1%
# … 1014 more progress lines like these, dropped from the fixture …
96.0% - Clean up - 0.0%
96.0% - Growing water plants - 0.5%
96.0% - Growing water plants - 0.6%
# … 949 more progress lines like these, dropped from the fixture …
96.0% - Growing water plants - 0.0%
96.0% - Growing speleothems and gem trees - 0.0%
96.0% - Growing speleothems and gem trees - 0.5%
# … 1005 more progress lines like these, dropped from the fixture …
97.0% - Growing speleothems and gem trees - 0.0%
97.0% - Disarming broken traps - 0.0%
97.0% - Disarming broken traps - 0.2%
# … 929 more progress lines like these, dropped from the fixture …
98.2% - Disarming broken traps - 0.0%
98.2% - Final clean up - 0.0%
98.2% - Final clean up - 0.1%
# … 1013 more progress lines like these, dropped from the fixture …
100.0% - Final clean up - 100.0%
100.0% - Finalizing world - 0.0%
Resetting game objects 75%
100.0% - Finalizing world - 0.0%
Loading world data: 13%
100.0% - Finalizing world - 0.0%
Terraria Server v1.4.5.8

Listening on port 7777
Type 'help' for a list of commands.

: Saving before exit...
