﻿Error Logging Enabled.
﻿﻿
Terraria Server v1.4.5.8

Resetting game objects 1%
Resetting game objects 2%
# … 97 more progress lines like these, dropped from the fixture …
Resetting game objects 100%
Loading world data: 1%
Loading world data: 2%
# … 97 more progress lines like these, dropped from the fixture …
Loading world data: 100%
Settling liquids 1%
Settling liquids 2%
# … 47 more progress lines like these, dropped from the fixture …
Settling liquids 50%
Terraria Server v1.4.5.8

Listening on port 7777
Type 'help' for a list of commands.

: Server started
> save
Saving world data: 10%
Saving world data: 22%
# … 7 more progress lines like these, dropped from the fixture …
Saving world data: 100%
Validating world save: 40%
Validating world save: 75%
Backing up world file
: 
> exit
Saving before exit...
