Starting net.fabricmc.loader.impl.game.minecraft.BundlerClassPathCapture
[19:56:16] [main/INFO]: Loading Minecraft 26.3 with Fabric Loader 0.19.5
[19:56:16] [main/INFO]: Mappings not present!
[19:56:16] [main/INFO]: Loading 4 mods:
	- fabricloader 0.19.5
	   \-- mixinextras 0.5.5
	- java 25
	- minecraft 26.3
[19:56:16] [main/INFO]: SpongePowered MIXIN Subsystem Version=0.8.7 Source=file:/opt/game/libraries/net/fabricmc/sponge-mixin/0.17.4+mixin.0.8.7/sponge-mixin-0.17.4+mixin.0.8.7.jar Service=Knot/Fabric Env=SERVER
WARNING: A restricted method in java.lang.System has been called
WARNING: java.lang.System::load has been called by com.sun.jna.Native in an unnamed module (file:/opt/game/libraries/net/java/dev/jna/jna/5.17.0/jna-5.17.0.jar)
WARNING: Use --enable-native-access=ALL-UNNAMED to avoid a warning for callers in this module
WARNING: Restricted methods will be blocked in a future release unless native access is enabled

WARNING: A terminally deprecated method in sun.misc.Unsafe has been called
WARNING: sun.misc.Unsafe::objectFieldOffset has been called by org.joml.MemUtil$MemUtilUnsafe (file:/opt/game/libraries/org/joml/joml/1.10.9/joml-1.10.9.jar)
WARNING: Please consider reporting this to the maintainers of class org.joml.MemUtil$MemUtilUnsafe
WARNING: sun.misc.Unsafe::objectFieldOffset will be removed in a future release
[19:56:23] [main/INFO]: Environment: Environment[discoveryUrl=https://discovery.minecraftservices.com/minecraft/client, name=PROD]
[19:56:25] [Worker-Main-10/INFO]: Loaded 1866 advancements
[19:56:25] [Server thread/INFO]: Starting minecraft server version 26.3
[19:56:25] [Server thread/INFO]: Loading properties
[19:56:25] [Server thread/INFO]: Default game type: SURVIVAL
[19:56:25] [Server thread/INFO]: Generating keypair
[19:56:25] [Server thread/INFO]: Starting Minecraft server on *:25565
[19:56:26] [Server thread/WARN]: **** SERVER IS RUNNING IN OFFLINE/INSECURE MODE!
[19:56:26] [Server thread/WARN]: The server will make no attempt to authenticate usernames. Beware.
[19:56:26] [Server thread/WARN]: While this makes the game possible to play without internet access, it also opens up the ability for hackers to connect with any username they choose.
[19:56:26] [Server thread/WARN]: To change this, set "online-mode" to "true" in the server.properties file.
[19:56:26] [Server thread/INFO]: Preparing level "world"
[19:56:26] [Server thread/INFO]: Loading 0 persistent chunks...
[19:56:26] [Server thread/INFO]: Preparing spawn area: 100%
[19:56:26] [Server thread/INFO]: Time elapsed: 14 ms
[19:56:26] [Server thread/INFO]: Done (0.390s)! For help, type "help"
[19:56:26] [Server thread/INFO]: Starting remote control listener
[19:56:26] [Server thread/INFO]: Thread RCON Listener started
[19:56:26] [Server thread/INFO]: RCON running on 0.0.0.0:25575
[19:56:26] [Server thread/INFO]: Saving chunks for level 'ServerLevel[world]'/minecraft:overworld
[19:56:26] [Server thread/INFO]: Saving chunks for level 'ServerLevel[world]'/minecraft:the_nether
[19:56:26] [Server thread/INFO]: Saving chunks for level 'ServerLevel[world]'/minecraft:the_end
[19:56:31] [RCON Listener #1/INFO]: Thread RCON Client /192.0.2.1 started
[19:56:36] [Server thread/WARN]: Couldn't find profile with name: gspffalice
MinecraftClientHttpException[type=HTTP_ERROR, status=404, response=ErrorResponse[path=/users/profiles/minecraft/gspffalice, error=null, errorMessage=Couldn't find any profile with name gspffalice, details=null]]
	at knot//com.mojang.authlib.minecraft.client.MinecraftClient.buildHttpException(MinecraftClient.java:170)
	at knot//com.mojang.authlib.minecraft.client.MinecraftClient.readServiceResponse(MinecraftClient.java:147)
	at knot//com.mojang.authlib.minecraft.client.MinecraftClient.getWithEtag(MinecraftClient.java:81)
	at knot//com.mojang.authlib.minecraft.client.MinecraftClient.get(MinecraftClient.java:65)
	at knot//com.mojang.authlib.services.MinecraftServicesProfileRepository.findProfileByName(MinecraftServicesProfileRepository.java:103)
	at knot//net.minecraft.server.players.CachedUserNameToIdResolver.lookupGameProfile(CachedUserNameToIdResolver.java:73)
	at knot//net.minecraft.server.players.CachedUserNameToIdResolver.get(CachedUserNameToIdResolver.java:134)
	at knot//net.minecraft.commands.arguments.GameProfileArgument.lambda$parse$0(GameProfileArgument.java:66)
	at knot//net.minecraft.commands.arguments.GameProfileArgument.getGameProfiles(GameProfileArgument.java:32)
	at knot//net.minecraft.server.commands.WhitelistCommand.lambda$register$5(WhitelistCommand.java:53)
	at knot//com.mojang.brigadier.context.ContextChain.runExecutable(ContextChain.java:73)
	at knot//net.minecraft.commands.execution.tasks.ExecuteCommand.execute(ExecuteCommand.java:29)
	at knot//net.minecraft.commands.execution.tasks.ExecuteCommand.execute(ExecuteCommand.java:13)
	at knot//net.minecraft.commands.execution.UnboundEntryAction.lambda$bind$0(UnboundEntryAction.java:8)
	at knot//net.minecraft.commands.execution.CommandQueueEntry.execute(CommandQueueEntry.java:8)
	at knot//net.minecraft.commands.execution.ExecutionContext.runCommandQueue(ExecutionContext.java:106)
	at knot//net.minecraft.commands.Commands.executeCommandInContext(Commands.java:438)
	at knot//net.minecraft.commands.Commands.performCommand(Commands.java:370)
	at knot//net.minecraft.commands.Commands.performPrefixedCommand(Commands.java:356)
	at knot//net.minecraft.server.dedicated.DedicatedServer.lambda$runCommand$0(DedicatedServer.java:698)
	at knot//net.minecraft.util.thread.BlockableEventLoop.lambda$submitAsync$0(BlockableEventLoop.java:75)
	at java.base/java.util.concurrent.CompletableFuture$AsyncSupply.run(Unknown Source)
	at knot//net.minecraft.server.TickTask.run(TickTask.java:18)
	at knot//net.minecraft.util.thread.BlockableEventLoop.doRunTask(BlockableEventLoop.java:173)
	at knot//net.minecraft.util.thread.ReentrantBlockableEventLoop.doRunTask(ReentrantBlockableEventLoop.java:23)
	at knot//net.minecraft.server.MinecraftServer.doRunTask(MinecraftServer.java:912)
	at knot//net.minecraft.server.MinecraftServer.doRunTask(MinecraftServer.java:193)
	at knot//net.minecraft.util.thread.BlockableEventLoop.pollTask(BlockableEventLoop.java:147)
	at knot//net.minecraft.server.MinecraftServer.pollTaskInternal(MinecraftServer.java:894)
	at knot//net.minecraft.server.MinecraftServer.pollTask(MinecraftServer.java:888)
	at knot//net.minecraft.util.thread.BlockableEventLoop.managedBlock(BlockableEventLoop.java:156)
	at knot//net.minecraft.server.MinecraftServer.waitUntilNextTick(MinecraftServer.java:859)
	at knot//net.minecraft.server.MinecraftServer.runServer(MinecraftServer.java:758)
	at knot//net.minecraft.server.MinecraftServer.lambda$spin$0(MinecraftServer.java:310)
	at java.base/java.lang.Thread.run(Unknown Source)
[19:56:36] [Server thread/INFO]: System chat: [Rcon: Added gspffalice to the whitelist]
[19:56:38] [Server thread/WARN]: Couldn't find profile with name: gspffbob
MinecraftClientHttpException[type=HTTP_ERROR, status=404, response=ErrorResponse[path=/users/profiles/minecraft/gspffbob, error=null, errorMessage=Couldn't find any profile with name gspffbob, details=null]]
	at knot//com.mojang.authlib.minecraft.client.MinecraftClient.buildHttpException(MinecraftClient.java:170)
	at knot//com.mojang.authlib.minecraft.client.MinecraftClient.readServiceResponse(MinecraftClient.java:147)
	at knot//com.mojang.authlib.minecraft.client.MinecraftClient.getWithEtag(MinecraftClient.java:81)
	at knot//com.mojang.authlib.minecraft.client.MinecraftClient.get(MinecraftClient.java:65)
	at knot//com.mojang.authlib.services.MinecraftServicesProfileRepository.findProfileByName(MinecraftServicesProfileRepository.java:103)
	at knot//net.minecraft.server.players.CachedUserNameToIdResolver.lookupGameProfile(CachedUserNameToIdResolver.java:73)
	at knot//net.minecraft.server.players.CachedUserNameToIdResolver.get(CachedUserNameToIdResolver.java:134)
	at knot//net.minecraft.commands.arguments.GameProfileArgument.lambda$parse$0(GameProfileArgument.java:66)
	at knot//net.minecraft.commands.arguments.GameProfileArgument.getGameProfiles(GameProfileArgument.java:32)
	at knot//net.minecraft.server.commands.WhitelistCommand.lambda$register$5(WhitelistCommand.java:53)
	at knot//com.mojang.brigadier.context.ContextChain.runExecutable(ContextChain.java:73)
	at knot//net.minecraft.commands.execution.tasks.ExecuteCommand.execute(ExecuteCommand.java:29)
	at knot//net.minecraft.commands.execution.tasks.ExecuteCommand.execute(ExecuteCommand.java:13)
	at knot//net.minecraft.commands.execution.UnboundEntryAction.lambda$bind$0(UnboundEntryAction.java:8)
	at knot//net.minecraft.commands.execution.CommandQueueEntry.execute(CommandQueueEntry.java:8)
	at knot//net.minecraft.commands.execution.ExecutionContext.runCommandQueue(ExecutionContext.java:106)
	at knot//net.minecraft.commands.Commands.executeCommandInContext(Commands.java:438)
	at knot//net.minecraft.commands.Commands.performCommand(Commands.java:370)
	at knot//net.minecraft.commands.Commands.performPrefixedCommand(Commands.java:356)
	at knot//net.minecraft.server.dedicated.DedicatedServer.lambda$runCommand$0(DedicatedServer.java:698)
	at knot//net.minecraft.util.thread.BlockableEventLoop.lambda$submitAsync$0(BlockableEventLoop.java:75)
	at java.base/java.util.concurrent.CompletableFuture$AsyncSupply.run(Unknown Source)
	at knot//net.minecraft.server.TickTask.run(TickTask.java:18)
	at knot//net.minecraft.util.thread.BlockableEventLoop.doRunTask(BlockableEventLoop.java:173)
	at knot//net.minecraft.util.thread.ReentrantBlockableEventLoop.doRunTask(ReentrantBlockableEventLoop.java:23)
	at knot//net.minecraft.server.MinecraftServer.doRunTask(MinecraftServer.java:912)
	at knot//net.minecraft.server.MinecraftServer.doRunTask(MinecraftServer.java:193)
	at knot//net.minecraft.util.thread.BlockableEventLoop.pollTask(BlockableEventLoop.java:147)
	at knot//net.minecraft.server.MinecraftServer.pollTaskInternal(MinecraftServer.java:894)
	at knot//net.minecraft.server.MinecraftServer.pollTask(MinecraftServer.java:888)
	at knot//net.minecraft.util.thread.BlockableEventLoop.managedBlock(BlockableEventLoop.java:156)
	at knot//net.minecraft.server.MinecraftServer.waitUntilNextTick(MinecraftServer.java:859)
	at knot//net.minecraft.server.MinecraftServer.runServer(MinecraftServer.java:758)
	at knot//net.minecraft.server.MinecraftServer.lambda$spin$0(MinecraftServer.java:310)
	at java.base/java.lang.Thread.run(Unknown Source)
[19:56:38] [Server thread/INFO]: System chat: [Rcon: Added gspffbob to the whitelist]
[19:56:41] [Server thread/INFO]: System chat: [Rcon: Made gspffalice a server operator]
[19:56:45] [Server thread/INFO]: System chat: [Rcon: Banned gspffbob: Testing a ban]
[19:56:47] [Server thread/INFO]: System chat: [Rcon: Banned IP 203.0.113.7: Testing an IP ban]
[19:57:02] [Server thread/INFO]: System chat: [Rcon: Reloaded the whitelist]
[19:57:06] [Server thread/WARN]: Couldn't find profile with name: gspffcarol
MinecraftClientHttpException[type=HTTP_ERROR, status=404, response=ErrorResponse[path=/users/profiles/minecraft/gspffcarol, error=null, errorMessage=Couldn't find any profile with name gspffcarol, details=null]]
	at knot//com.mojang.authlib.minecraft.client.MinecraftClient.buildHttpException(MinecraftClient.java:170)
	at knot//com.mojang.authlib.minecraft.client.MinecraftClient.readServiceResponse(MinecraftClient.java:147)
	at knot//com.mojang.authlib.minecraft.client.MinecraftClient.getWithEtag(MinecraftClient.java:81)
	at knot//com.mojang.authlib.minecraft.client.MinecraftClient.get(MinecraftClient.java:65)
	at knot//com.mojang.authlib.services.MinecraftServicesProfileRepository.findProfileByName(MinecraftServicesProfileRepository.java:103)
	at knot//net.minecraft.server.players.CachedUserNameToIdResolver.lookupGameProfile(CachedUserNameToIdResolver.java:73)
	at knot//net.minecraft.server.players.CachedUserNameToIdResolver.get(CachedUserNameToIdResolver.java:134)
	at knot//net.minecraft.commands.arguments.GameProfileArgument.lambda$parse$0(GameProfileArgument.java:66)
	at knot//net.minecraft.commands.arguments.GameProfileArgument.getGameProfiles(GameProfileArgument.java:32)
	at knot//net.minecraft.server.commands.OpCommand.lambda$register$3(OpCommand.java:33)
	at knot//com.mojang.brigadier.context.ContextChain.runExecutable(ContextChain.java:73)
	at knot//net.minecraft.commands.execution.tasks.ExecuteCommand.execute(ExecuteCommand.java:29)
	at knot//net.minecraft.commands.execution.tasks.ExecuteCommand.execute(ExecuteCommand.java:13)
	at knot//net.minecraft.commands.execution.UnboundEntryAction.lambda$bind$0(UnboundEntryAction.java:8)
	at knot//net.minecraft.commands.execution.CommandQueueEntry.execute(CommandQueueEntry.java:8)
	at knot//net.minecraft.commands.execution.ExecutionContext.runCommandQueue(ExecutionContext.java:106)
	at knot//net.minecraft.commands.Commands.executeCommandInContext(Commands.java:438)
	at knot//net.minecraft.commands.Commands.performCommand(Commands.java:370)
	at knot//net.minecraft.commands.Commands.performPrefixedCommand(Commands.java:356)
	at knot//net.minecraft.server.dedicated.DedicatedServer.lambda$runCommand$0(DedicatedServer.java:698)
	at knot//net.minecraft.util.thread.BlockableEventLoop.lambda$submitAsync$0(BlockableEventLoop.java:75)
	at java.base/java.util.concurrent.CompletableFuture$AsyncSupply.run(Unknown Source)
	at knot//net.minecraft.server.TickTask.run(TickTask.java:18)
	at knot//net.minecraft.util.thread.BlockableEventLoop.doRunTask(BlockableEventLoop.java:173)
	at knot//net.minecraft.util.thread.ReentrantBlockableEventLoop.doRunTask(ReentrantBlockableEventLoop.java:23)
	at knot//net.minecraft.server.MinecraftServer.doRunTask(MinecraftServer.java:912)
	at knot//net.minecraft.server.MinecraftServer.doRunTask(MinecraftServer.java:193)
	at knot//net.minecraft.util.thread.BlockableEventLoop.pollTask(BlockableEventLoop.java:147)
	at knot//net.minecraft.server.MinecraftServer.pollTaskInternal(MinecraftServer.java:894)
	at knot//net.minecraft.server.MinecraftServer.pollTask(MinecraftServer.java:888)
	at knot//net.minecraft.util.thread.BlockableEventLoop.managedBlock(BlockableEventLoop.java:156)
	at knot//net.minecraft.server.MinecraftServer.waitUntilNextTick(MinecraftServer.java:859)
	at knot//net.minecraft.server.MinecraftServer.runServer(MinecraftServer.java:758)
	at knot//net.minecraft.server.MinecraftServer.lambda$spin$0(MinecraftServer.java:310)
	at java.base/java.lang.Thread.run(Unknown Source)
[19:57:06] [Server thread/INFO]: System chat: [Rcon: Made gspffcarol a server operator]
[19:57:08] [Server thread/INFO]: System chat: [Rcon: Made gspffcarol no longer a server operator]
[19:57:13] [Server thread/INFO]: System chat: [Rcon: Whitelist is now turned on]
[19:57:14] [Server thread/INFO]: System chat: [Rcon: Whitelist is now turned off]
[19:57:19] [Server thread/INFO]: System chat: [Rcon: Unbanned gspffbob]
[19:57:21] [Server thread/INFO]: System chat: [Rcon: Unbanned IP 203.0.113.7]
[19:57:22] [Server thread/INFO]: System chat: [Rcon: Removed gspffbob from the whitelist]
[19:57:26] [Server thread/INFO]: Server empty for 60 seconds, pausing
[19:57:27] [RCON Client /192.0.2.1 #2/INFO]: Thread RCON Client /192.0.2.1 shutting down
