2026-10-01T15:46:38Z
steamcmd.sh[10]: Starting  /home/node/steamcmd/linux32/steamcmd
WARNING: setlocale('en_US.UTF-8') failed, using locale: 'C'. International characters may not work.
Redirecting stderr to '/home/node/Steam/logs/stderr.txt'
Logging directory: '/home/node/Steam/logs'
[  0%] Checking for available updates...
[----] Verifying installation...
UpdateUI: skip show logo
Steam Console Client (c) Valve Corporation - version 1788292693
-- type 'quit' to exit --
Loading Steam API...[0mOK
[0m
Connecting anonymously to Steam Public...[0mOK
[0mWaiting for client config...[0mOK
[0mWaiting for user info...[0mOK
[0m Update state (0x3) reconfiguring, progress: 0.00 (0 / 0)
[0mPosixFileOpen: RESOLVE_BENEATH unsupported, falling back to plain open()
 Update state (0x61) downloading, progress: 0.55 (1048576 / 191405119)
[0m Update state (0x61) downloading, progress: 21.77 (41664992 / 191405119)
# … 9 more progress lines …
[0m Update state (0x0) unknown, progress: 0.00 (0 / 0)
[0mSuccess! App '565060' fully installed.
[0mUnloading Steam API...[0mOK
[0msteamcmd-exit=0
seconds=33
2026-10-01T15:47:11Z
191405978	/opt/game
